Code for generating 2D crystals used in USPEX
Written by H. T. Stokes, Adapted by Q Zhu
Random_cell2d
Space-group symmetry:   8
Area of primitive unit cell:     73.84
Height of layer:      2.00
Number of types of atoms:  2
Number of atoms of each type:   2   8
Minimum distance between each type of atom:
   0.792   0.854   0.854   0.917
Print symmetry operation:  0
cell parameters:   8.59300   8.59300   2.00000  90.00000  90.00000  90.08000
  7 atomic parameters
 10 atoms
  1 1   0.00000   0.50000   0.04332 1(0,0,1)
  2 1   0.50000   0.00000   0.04332 1(0,0,1)
  3 2   0.47907   0.55475   0.49408 2(1,0,0) 3(0,1,0) 4(0,0,1)
  4 2   0.52093   0.44525   0.49408 2(-1,0,0) 3(0,-1,0) 4(0,0,1)
  5 2   0.02093   0.05475   0.49408 2(-1,0,0) 3(0,1,0) 4(0,0,1)
  6 2   0.97907   0.94525   0.49408 2(1,0,0) 3(0,-1,0) 4(0,0,1)
  7 2   0.54108   0.87251   0.69810 5(1,0,0) 6(0,1,0) 7(0,0,1)
  8 2   0.45892   0.12749   0.69810 5(-1,0,0) 6(0,-1,0) 7(0,0,1)
  9 2   0.95892   0.37251   0.69810 5(-1,0,0) 6(0,1,0) 7(0,0,1)
 10 2   0.04108   0.62749   0.69810 5(1,0,0) 6(0,-1,0) 7(0,0,1)
