Code for generating 2D crystals used in USPEX
Written by H. T. Stokes, Adapted by Q Zhu
Random_cell2d
Space-group symmetry:  13
Area of primitive unit cell:     73.84
Height of layer:      2.00
Number of types of atoms:  2
Number of atoms of each type:   3   8
Minimum distance between each type of atom:
   0.792   0.854   0.854   0.917
Print symmetry operation:  0
cell parameters:   8.59300   8.59300   2.00000  90.00000  90.00000  90.08000
 11 atomic parameters
 11 atoms
  1 1   0.10312   0.24940   0.69501 1(1,0,0) 2(0,1,0) 3(0,0,1)
  2 1   0.75060   0.85372   0.69501 1(0,1,0) 2(-1,-1,0) 3(0,0,1)
  3 1   0.14628   0.89688   0.69501 1(-1,-1,0) 2(1,0,0) 3(0,0,1)
  4 2   0.35600   0.57240   0.27204 4(1,0,0) 5(0,1,0) 6(0,0,1)
  5 2   0.42760   0.78359   0.27204 4(0,1,0) 5(-1,-1,0) 6(0,0,1)
  6 2   0.21641   0.64400   0.27204 4(-1,-1,0) 5(1,0,0) 6(0,0,1)
  7 2   0.47242   0.51215   0.47505 7(1,0,0) 8(0,1,0) 9(0,0,1)
  8 2   0.48785   0.96026   0.47505 7(0,1,0) 8(-1,-1,0) 9(0,0,1)
  9 2   0.03974   0.52758   0.47505 7(-1,-1,0) 8(1,0,0) 9(0,0,1)
 10 2   0.33333   0.66667   0.71504 10(0,0,1)
 11 2   0.66667   0.33333   0.86957 11(0,0,1)
