Code for generating 2D crystals used in USPEX
Written by H. T. Stokes, Adapted by Q Zhu
Random_cell2d
Space-group symmetry:   7
Area of primitive unit cell:     73.84
Height of layer:      2.00
Number of types of atoms:  2
Number of atoms of each type:   4   8
Minimum distance between each type of atom:
   0.792   0.854   0.854   0.917
Print symmetry operation:  0
cell parameters:   8.59300   8.59300   2.00000  90.00000  90.00000  90.08000
  9 atomic parameters
 12 atoms
  1 1   0.50892   0.77877   0.55928 1(1,0,0) 2(0,1,0) 3(0,0,1)
  2 1   0.49108   0.22123   0.55928 1(-1,0,0) 2(0,-1,0) 3(0,0,1)
  3 1   0.99108   0.77877   0.55928 1(-1,0,0) 2(0,1,0) 3(0,0,1)
  4 1   0.00892   0.22123   0.55928 1(1,0,0) 2(0,-1,0) 3(0,0,1)
  5 2   0.45886   0.95171   0.09743 4(1,0,0) 5(0,1,0) 6(0,0,1)
  6 2   0.54114   0.04829   0.09743 4(-1,0,0) 5(0,-1,0) 6(0,0,1)
  7 2   0.04114   0.95171   0.09743 4(-1,0,0) 5(0,1,0) 6(0,0,1)
  8 2   0.95886   0.04829   0.09743 4(1,0,0) 5(0,-1,0) 6(0,0,1)
  9 2   0.13841   0.47484   0.93764 7(1,0,0) 8(0,1,0) 9(0,0,1)
 10 2   0.86159   0.52516   0.93764 7(-1,0,0) 8(0,-1,0) 9(0,0,1)
 11 2   0.36159   0.47484   0.93764 7(-1,0,0) 8(0,1,0) 9(0,0,1)
 12 2   0.63841   0.52516   0.93764 7(1,0,0) 8(0,-1,0) 9(0,0,1)
