# data_e pred_e
-290.686710  -287.455524
-290.712905  -287.455683
-290.802226  -287.455317
-290.819121  -287.455233
-290.862223  -287.454661
-290.872716  -287.454699
-290.890540  -287.454946
-290.901454  -287.454936
-290.912590  -287.454967
-290.923993  -287.455149
-290.935484  -287.454725
-290.941760  -287.454801
-290.954230  -287.454832
-290.963635  -287.454604
-290.968257  -287.454510
-336.511349  -336.409968
-336.541234  -336.410720
-336.652408  -336.413880
-336.678148  -336.414712
-336.710037  -336.415771
-336.738453  -336.416907
-336.762247  -336.418173
-336.790945  -336.420453
-336.817361  -336.422768
-336.853164  -336.427056
-336.875539  -336.428443
-336.906517  -336.429169
-336.935104  -336.431201
-336.963111  -336.432076
-337.019242  -336.432993
-276.860772  -276.895049
-276.926437  -276.896022
-277.228211  -276.899171
-277.328560  -276.899999
-277.646778  -276.899099
-277.836003  -276.903547
-278.054802  -276.906383
-278.131770  -276.907861
-278.251211  -276.908968
-278.297511  -276.909863
-278.347373  -276.911227
-278.385128  -276.912666
-278.416694  -276.913973
-278.451098  -276.915267
-278.486750  -276.916325
-213.168805  -212.382188
-213.211987  -212.382420
-213.323841  -212.382975
-213.358559  -212.383510
-213.410437  -212.384784
-213.435219  -212.385498
-213.464810  -212.386299
-213.485344  -212.386575
-213.513727  -212.386597
-213.531212  -212.386309
-213.548581  -212.385851
-213.565278  -212.385343
-213.578513  -212.384964
-213.589730  -212.384447
-213.598389  -212.384298
-188.646227  -191.268080
-188.701064  -191.269430
-188.878574  -191.275913
-188.928101  -191.277027
-189.055665  -191.282237
-189.113138  -191.281683
-189.165854  -191.281871
-189.226919  -191.282780
-189.247513  -191.283461
-189.278092  -191.284576
-189.311745  -191.285849
-189.342791  -191.287009
-189.371399  -191.287994
-189.401668  -191.289054
-189.427078  -191.289846
-104.066684  -103.488362
-104.087347  -103.488364
-104.169492  -103.488112
-104.186615  -103.488499
-104.210003  -103.489790
-104.226572  -103.491279
-104.242297  -103.493125
-104.254155  -103.494060
-104.273498  -103.495406
-104.283063  -103.494973
-104.297689  -103.493632
-104.301348  -103.493520
-104.303539  -103.493473
-104.305881  -103.493547
-104.307395  -103.493575
-305.482541  -298.032143
-305.511735  -298.032109
-305.619591  -298.030860
-305.644271  -298.030130
-305.672271  -298.029321
-305.693605  -298.028834
-305.710962  -298.028629
-305.724613  -298.028640
-305.735998  -298.028849
-305.747556  -298.028653
-305.756216  -298.028384
-305.765766  -298.028335
-305.777699  -298.028571
-305.788240  -298.028385
-305.793574  -298.028466
-93.039840  -92.972848
-93.046498  -92.973015
-93.067324  -92.973665
-93.077084  -92.974045
-93.081127  -92.974067
-93.090825  -92.973927
-93.095013  -92.973810
-93.097777  -92.973725
-93.100623  -92.973777
-93.103871  -92.973882
-93.108031  -92.973996
-93.111476  -92.974083
-93.112645  -92.974073
-93.116719  -92.974161
-93.120171  -92.974178
-177.181157  -175.631965
-177.192727  -175.632048
-177.233549  -175.632222
-177.249445  -175.632207
-177.265636  -175.632203
-177.282490  -175.632145
-177.293904  -175.632051
-177.303758  -175.631825
-177.310357  -175.631674
-177.321741  -175.631538
-177.332404  -175.630903
-177.337180  -175.631080
-177.348915  -175.631906
-177.360313  -175.632157
-177.368849  -175.632146
-194.521566  -201.731037
-194.544589  -201.730309
-194.609442  -201.726412
-194.622872  -201.725835
-194.646175  -201.725252
-194.656884  -201.726151
-194.673390  -201.728432
-194.684357  -201.730166
-194.693974  -201.731664
-194.700537  -201.732471
-194.707842  -201.733359
-194.714768  -201.734002
-194.726042  -201.736258
-194.729364  -201.735930
-194.733238  -201.736783
-333.960304  -331.091184
-333.968082  -331.091269
-333.992048  -331.091574
-334.004694  -331.091770
-334.010364  -331.091950
-334.017762  -331.092274
-334.021162  -331.092497
-334.025009  -331.092709
-334.016702  -331.093981
-334.034361  -331.093468
-334.035862  -331.093586
-334.039218  -331.093840
-334.042710  -331.094365
-334.043978  -331.094533
-333.950942  -331.096819
-286.348956  -282.132545
-286.354492  -282.132616
-286.371617  -282.132941
-286.376864  -282.133147
-286.386450  -282.133682
-286.395554  -282.134135
-286.407272  -282.135114
-286.413636  -282.135503
-286.419471  -282.135995
-286.423676  -282.136641
-286.426842  -282.136981
-286.433742  -282.137607
-286.438575  -282.138510
-286.445939  -282.139262
-286.447233  -282.139387
-287.166650  -282.146708
-287.176155  -282.146809
-287.209651  -282.147182
-287.222176  -282.147360
-287.233010  -282.147579
-287.248503  -282.147995
-287.260261  -282.148375
-287.265727  -282.148625
-287.271760  -282.148983
-287.274022  -282.149102
-287.277165  -282.149518
-287.281597  -282.149540
-287.286317  -282.149754
-287.290373  -282.150153
-287.294541  -282.150659
-193.457504  -191.433008
-193.481351  -191.433090
-193.543410  -191.432910
-193.560041  -191.433111
-193.591116  -191.433996
-193.611564  -191.435040
-193.624715  -191.435826
-193.652933  -191.437804
-193.668265  -191.438623
-193.688889  -191.439726
-193.700562  -191.439680
-193.725480  -191.439389
-193.737100  -191.439252
-193.753711  -191.439041
-193.763057  -191.439075
-265.094566  -266.357984
-265.110851  -266.358101
-265.176755  -266.358055
-265.211934  -266.357094
-265.226955  -266.356788
-265.263518  -266.356426
-265.293634  -266.355216
-265.308559  -266.355348
-265.348409  -266.356179
-265.366133  -266.355330
-265.376520  -266.354825
-265.403457  -266.354238
-265.424407  -266.353091
-265.436102  -266.353287
-265.466859  -266.354615
-108.077097  -108.711325
-108.103180  -108.711845
-108.166079  -108.713647
-108.176657  -108.714170
-108.200430  -108.715762
-108.208150  -108.716445
-108.219309  -108.717238
-108.229930  -108.717466
-108.241053  -108.717408
-108.248776  -108.717224
-108.261894  -108.716766
-108.270641  -108.716666
-108.278666  -108.716831
-108.282271  -108.716978
-108.232804  -108.716125
-266.340884  -266.410488
-266.346427  -266.410417
-266.363320  -266.409966
-266.369756  -266.409524
-266.373269  -266.409570
-266.385450  -266.409495
-266.389736  -266.409726
-266.396033  -266.410434
-266.399467  -266.410872
-266.405767  -266.411404
-266.408885  -266.411535
-266.411921  -266.411539
-266.414292  -266.411878
-266.416749  -266.412304
-266.418960  -266.413112
-286.571513  -282.195543
-286.582223  -282.195550
-286.614014  -282.195313
-286.626690  -282.195083
-286.641340  -282.194816
-286.654265  -282.194738
-286.665954  -282.194813
-286.672137  -282.194949
-286.677796  -282.195228
-286.685093  -282.195392
-286.690231  -282.195473
-286.695070  -282.195545
-286.699970  -282.195688
-286.703074  -282.195841
-286.708590  -282.196236
-185.878948  -186.022167
-185.903869  -186.022535
-185.971141  -186.023495
-185.989630  -186.023693
-186.027002  -186.023917
-186.041330  -186.023853
-186.060946  -186.023501
-186.071899  -186.022811
-186.080431  -186.022281
-186.092128  -186.021475
-186.099125  -186.021117
-186.106923  -186.020310
-186.112077  -186.020791
-186.122359  -186.021403
-186.127715  -186.021755
-196.263448  -196.567247
-196.310628  -196.566950
-196.445577  -196.563811
-196.488956  -196.563422
-196.578431  -196.560672
-196.614503  -196.562468
-196.697203  -196.566762
-196.746673  -196.568227
-196.792814  -196.568524
-196.815210  -196.569200
-196.840030  -196.570502
-196.855784  -196.572283
-196.871444  -196.574331
-196.890219  -196.578636
-196.905726  -196.578645
-92.101008  -92.955276
-92.105823  -92.955133
-92.120136  -92.954332
-92.124805  -92.953990
-92.129896  -92.953795
-92.134517  -92.953617
-92.136784  -92.953811
-92.140246  -92.954269
-92.142274  -92.954615
-92.143487  -92.954545
-92.145209  -92.954006
-92.148138  -92.954215
-92.150537  -92.954630
-92.151828  -92.954484
-92.152589  -92.954240
-178.131024  -180.823446
-178.164869  -180.824222
-178.270096  -180.827986
-178.309447  -180.829470
-178.439139  -180.835566
-178.501359  -180.836831
-178.622749  -180.839852
-178.685450  -180.838191
-178.719963  -180.839228
-178.756936  -180.840521
-178.773997  -180.840652
-178.804744  -180.841008
-178.821561  -180.841243
-178.839780  -180.841573
-178.851757  -180.841658
-97.278934  -98.185108
-97.289125  -98.185304
-97.326591  -98.186289
-97.334064  -98.186335
-97.353976  -98.186003
-97.360563  -98.185671
-97.367432  -98.184606
-97.370679  -98.184794
-97.374366  -98.184895
-97.377146  -98.184961
-97.382264  -98.184622
-97.385979  -98.184605
-97.390703  -98.184585
-97.383918  -98.183684
-97.395244  -98.184519
-287.293757  -282.183055
-287.302824  -282.183055
-287.342314  -282.182383
-287.352421  -282.181937
-287.363304  -282.181311
-287.374812  -282.180405
-287.380760  -282.180040
-287.386538  -282.179931
-287.389509  -282.179718
-287.394809  -282.179362
-287.396862  -282.179183
-287.401570  -282.178344
-287.403263  -282.178448
-287.405347  -282.178477
-287.407497  -282.178525
-252.964447  -253.437137
-252.972997  -253.437138
-253.010535  -253.436524
-253.021882  -253.436218
-253.049087  -253.435284
-253.063977  -253.434163
-253.071847  -253.433813
-253.084725  -253.434231
-253.099293  -253.434415
-253.107490  -253.434623
-253.125278  -253.435372
-253.134278  -253.435750
-253.144662  -253.436145
-253.152956  -253.436443
-253.161717  -253.436819
-191.483315  -191.378867
-191.530572  -191.378892
-191.651583  -191.377198
-191.674635  -191.377033
-191.731451  -191.375406
-191.751278  -191.376508
-191.776340  -191.377951
-191.794785  -191.378360
-191.814831  -191.378242
-191.826118  -191.377938
-191.839341  -191.377309
-191.848044  -191.377250
-191.862788  -191.377372
-191.870579  -191.377312
-191.880227  -191.377281
-154.133828  -159.810239
-154.152924  -159.810255
-154.213762  -159.809657
-154.228275  -159.809412
-154.243479  -159.809577
-154.258649  -159.810289
-154.264557  -159.810935
-154.275890  -159.812659
-154.282382  -159.813879
-154.288118  -159.814587
-154.298577  -159.816090
-154.304781  -159.816263
-154.313546  -159.816089
-154.318619  -159.816284
-154.323718  -159.816348
-204.756179  -207.101087
-204.807276  -207.101518
-204.942489  -207.101854
-204.976033  -207.102081
-205.059783  -207.101523
-205.088267  -207.102066
-205.128269  -207.102104
-205.160167  -207.101400
-205.193493  -207.099552
-205.209640  -207.099915
-205.248381  -207.100911
-205.264545  -207.101615
-205.288821  -207.102750
-205.304624  -207.103333
-205.319792  -207.103679
-322.092219  -325.785222
-322.113096  -325.785423
-322.207602  -325.786943
-322.226447  -325.788036
-322.236501  -325.789206
-322.255974  -325.791811
-322.273935  -325.798306
-322.282486  -325.797948
-322.310666  -325.799377
-322.322360  -325.801208
-322.340352  -325.805311
-322.363389  -325.809927
-322.415449  -325.819677
-322.433849  -325.826894
-322.516693  -325.828743
-92.996274  -92.976128
-92.998909  -92.976229
-93.007900  -92.976718
-93.013496  -92.977224
-93.016015  -92.977267
-93.018325  -92.977053
-93.020312  -92.977045
-93.022769  -92.977066
-93.024136  -92.977007
-92.981058  -92.975223
-93.024973  -92.976869
-93.025528  -92.976845
-93.026343  -92.976823
-280.926926  -282.116053
-280.981969  -282.117050
-281.135512  -282.119785
-281.184055  -282.120472
-281.387179  -282.123059
-281.492063  -282.124449
-281.651079  -282.126882
-281.727419  -282.128607
-281.822219  -282.130732
-281.862501  -282.132044
-281.902651  -282.132281
-281.956433  -282.132330
-281.976865  -282.132497
-282.005760  -282.132979
-282.030245  -282.133572
-254.202616  -255.789233
-254.215810  -255.789329
-254.271068  -255.789155
-254.293857  -255.788372
-254.311519  -255.787737
-254.333417  -255.786793
-254.342105  -255.786562
-254.346856  -255.786803
-254.352741  -255.787100
-254.358150  -255.787635
-254.363827  -255.787737
-254.365886  -255.787788
-254.369306  -255.787693
-254.374531  -255.787502
-254.377754  -255.787634
-72.833858  -77.174281
-72.841706  -77.174033
-72.858039  -77.172904
-72.861234  -77.172482
-72.863301  -77.172476
-72.827120  -77.170750
-72.874693  -77.172734
-72.876772  -77.172975
-72.879948  -77.173876
-72.882880  -77.174066
-72.887619  -77.174146
-72.889797  -77.174151
-72.892407  -77.174121
-72.892646  -77.174103
-72.894267  -77.174244
-214.693241  -212.408031
-214.739448  -212.408039
-214.867272  -212.407131
-214.899033  -212.407344
-214.965839  -212.408131
-214.987019  -212.408407
-215.036049  -212.408245
-215.053310  -212.408028
-215.083901  -212.406962
-215.097995  -212.406285
-215.121518  -212.405150
-215.136861  -212.404856
-215.147139  -212.403795
-215.158198  -212.404920
-215.169907  -212.406004
-188.387092  -191.353324
-188.440259  -191.353391
-188.547079  -191.352309
-188.578221  -191.352287
-188.702525  -191.350957
-188.731599  -191.351457
-188.811359  -191.351776
-188.840306  -191.351652
-188.885827  -191.350192
-188.906493  -191.350686
-188.942102  -191.350834
-188.961379  -191.351063
-188.991668  -191.350755
-189.008629  -191.350954
-189.031545  -191.350639
-213.220650  -212.326797
-213.280845  -212.327406
-213.418013  -212.328280
-213.459328  -212.328368
-213.534253  -212.326832
-213.551155  -212.326992
-213.574118  -212.326417
-213.583578  -212.325726
-213.593204  -212.324489
-213.598897  -212.323667
-213.608147  -212.322260
-213.615071  -212.321628
-213.620415  -212.321322
-213.625013  -212.320236
-213.628065  -212.320137
-97.599719  -98.198901
-97.602680  -98.198914
-97.613689  -98.198816
-97.615627  -98.198710
-97.619052  -98.198575
-97.459272  -98.190794
-97.627031  -98.197756
-97.628527  -98.197890
-97.630894  -98.197872
-97.631725  -98.197914
-97.630569  -98.197753
-97.634850  -98.197836
-97.636043  -98.197894
-97.637032  -98.197880
-97.639903  -98.197728
-306.039851  -298.068592
-306.046527  -298.068780
-306.077563  -298.069734
-306.089628  -298.070113
-306.101667  -298.070239
-306.116818  -298.070011
-306.127191  -298.069420
-306.133238  -298.068770
-306.136948  -298.068152
-306.139474  -298.067434
-306.141923  -298.066676
-306.145719  -298.065968
-306.146647  -298.065341
-306.149202  -298.064286
-306.151044  -298.064090
-275.754485  -278.972426
-275.787747  -278.972428
-275.913837  -278.971296
-275.954685  -278.969562
-275.980071  -278.969274
-276.058200  -278.969289
-276.083240  -278.969961
-276.104964  -278.971096
-276.134592  -278.972424
-276.159306  -278.973003
-276.176869  -278.972782
-276.186569  -278.972570
-276.198814  -278.972401
-276.212689  -278.972253
-276.224087  -278.972607
-193.184443  -191.390361
-193.216730  -191.390511
-193.307466  -191.389994
-193.327348  -191.389996
-193.376970  -191.389495
-193.390642  -191.390042
-193.413120  -191.390650
-193.427888  -191.391008
-193.437124  -191.390897
-193.445636  -191.390482
-193.451265  -191.389986
-193.456683  -191.389694
-193.460424  -191.389556
-193.463845  -191.389459
-193.466385  -191.389534
-152.217524  -154.640200
-152.236755  -154.640781
-152.291579  -154.642914
-152.318237  -154.644364
-152.340939  -154.645536
-152.363418  -154.646279
-152.382472  -154.646841
-152.393529  -154.646938
-152.414076  -154.647104
-152.429002  -154.647561
-152.440141  -154.647981
-152.451281  -154.648378
-152.464028  -154.649232
-152.471422  -154.649678
-152.480989  -154.650066
-96.014699  -98.192601
-96.017397  -98.192830
-96.022712  -98.193549
-96.024281  -98.194062
-96.025251  -98.194244
-96.026890  -98.194084
-96.028503  -98.193725
-96.029320  -98.193579
-96.002475  -98.190866
-96.030309  -98.193349
-96.031026  -98.193522
-155.951922  -159.834443
-155.973907  -159.834768
-156.032526  -159.835691
-156.045214  -159.835997
-156.068023  -159.836707
-156.092317  -159.837770
-156.105677  -159.838230
-156.139794  -159.839363
-156.155914  -159.839976
-156.168816  -159.840172
-156.190568  -159.840079
-156.209277  -159.839763
-156.227814  -159.839446
-156.247687  -159.839353
-156.271460  -159.839593
-97.677537  -98.199004
-97.681896  -98.198895
-97.694323  -98.198160
-97.696617  -98.198203
-97.702143  -98.198635
-97.703641  -98.199004
-97.705251  -98.199265
-97.706354  -98.199799
-97.707272  -98.199688
-97.708349  -98.198956
-97.709171  -98.199103
-97.710762  -98.199311
-97.711294  -98.199105
-97.712817  -98.198644
-97.714473  -98.198153
-292.083344  -287.508093
-292.115872  -287.508351
-292.210345  -287.508643
-292.251801  -287.508464
-292.309260  -287.508234
-292.379269  -287.507705
-292.429566  -287.507769
-292.485453  -287.508373
-292.521880  -287.508873
-292.562728  -287.509193
-292.605250  -287.508857
-292.646236  -287.508562
-292.694609  -287.507675
-292.721875  -287.507078
-292.742890  -287.506136
-251.392382  -253.394429
-251.409459  -253.394665
-251.463672  -253.395016
-251.474672  -253.394955
-251.496355  -253.394930
-251.520450  -253.394437
-251.529418  -253.394479
-251.552767  -253.395222
-251.567222  -253.395610
-251.575462  -253.395727
-251.588148  -253.396057
-251.597553  -253.396377
-251.620436  -253.396899
-251.633833  -253.396523
-251.643366  -253.396499
-185.155744  -186.183546
-185.219222  -186.180402
-185.318022  -186.168382
-185.331276  -186.167503
-185.378184  -186.166578
-185.385116  -186.166266
-185.386684  -186.166740
-185.391556  -186.170479
-185.393169  -186.170691
-185.395004  -186.169875
-185.395907  -186.170152
-185.396672  -186.170528
-185.397742  -186.170730
-185.401183  -186.170785
-185.402143  -186.170697
-181.398977  -180.816010
-181.430586  -180.816442
-181.525992  -180.818048
-181.557178  -180.819042
-181.606440  -180.821303
-181.640679  -180.823358
-181.676960  -180.826007
-181.704208  -180.828088
-181.726648  -180.829708
-181.737617  -180.830055
-181.745604  -180.830037
-181.753553  -180.830333
-181.761471  -180.830425
-181.772294  -180.830836
-181.776903  -180.830926
-262.614297  -266.236704
-262.640693  -266.237124
-262.749638  -266.238564
-262.796436  -266.238709
-262.820913  -266.238760
-262.912736  -266.238250
-262.942201  -266.238403
-262.982340  -266.239208
-263.010810  -266.240243
-263.056636  -266.242455
-263.085214  -266.243883
-263.114802  -266.245634
-263.151742  -266.247664
-263.192164  -266.249677
-263.241843  -266.252409
-317.926617  -320.533744
-317.962319  -320.533852
-318.064572  -320.533103
-318.097005  -320.532582
-318.148990  -320.531683
-318.186603  -320.531012
-318.220522  -320.530721
-318.252979  -320.530594
-318.279420  -320.530514
-318.304779  -320.530448
-318.329072  -320.530293
-318.347276  -320.530356
-318.362809  -320.530689
-318.375471  -320.531057
-318.389121  -320.531595
-291.960596  -287.462248
-291.982334  -287.462069
-292.053201  -287.460446
-292.075383  -287.459916
-292.109250  -287.459602
-292.139785  -287.459202
-292.152095  -287.459510
-292.173568  -287.460488
-292.185255  -287.460514
-292.196211  -287.460311
-292.205143  -287.460127
-292.214101  -287.460158
-292.222130  -287.460204
-292.225124  -287.460399
-292.229630  -287.460565
-279.158480  -276.863449
-279.166472  -276.863501
-279.188643  -276.863577
-279.193561  -276.863571
-279.197978  -276.863619
-279.202776  -276.863747
-279.208917  -276.863990
-279.210894  -276.864053
-279.214867  -276.864293
-279.216704  -276.864490
-279.219497  -276.864870
-279.221290  -276.865163
-279.223900  -276.865698
-279.224213  -276.866614
-279.226219  -276.866199
-163.510450  -165.129860
-163.536277  -165.130130
-163.593000  -165.130493
-163.613861  -165.130487
-163.636286  -165.130439
-163.656938  -165.130512
-163.681804  -165.130847
-163.705144  -165.131503
-163.726825  -165.132457
-163.744246  -165.133337
-163.773950  -165.134983
-163.793433  -165.135813
-163.828538  -165.137495
-163.845999  -165.137768
-163.886403  -165.138324
-252.642733  -253.429013
-252.687717  -253.429405
-252.796707  -253.429376
-252.825991  -253.429134
-252.880188  -253.428926
-252.921734  -253.428789
-252.953742  -253.429253
-252.993106  -253.430647
-253.017455  -253.432123
-253.038990  -253.433726
-253.059987  -253.435389
-253.081013  -253.436898
-253.101971  -253.438234
-253.114192  -253.438689
-253.124544  -253.438912
-272.285415  -271.663054
-272.313738  -271.662678
-272.381466  -271.660353
-272.396501  -271.659784
-272.427541  -271.659188
-272.450231  -271.659456
-272.475947  -271.660417
-272.500095  -271.661591
-272.520270  -271.662750
-272.544577  -271.664025
-272.569279  -271.664673
-272.616074  -271.664848
-272.661163  -271.664634
-272.717828  -271.664097
-272.750387  -271.663922
-290.377461  -287.438718
-290.432801  -287.439390
-290.596388  -287.440999
-290.640580  -287.441349
-290.709155  -287.441852
-290.755426  -287.442180
-290.805504  -287.442662
-290.850824  -287.443188
-290.879371  -287.443627
-290.902359  -287.444083
-290.923275  -287.444607
-290.948201  -287.445315
-290.968840  -287.445972
-290.988620  -287.446535
-291.003815  -287.446808
-311.367965  -315.352358
-311.416046  -315.352864
-311.551791  -315.353117
-311.585192  -315.352687
-311.658285  -315.351510
-311.708930  -315.350766
-311.746832  -315.350553
-311.776207  -315.350655
-311.809346  -315.350855
-311.845120  -315.351002
-311.876440  -315.351130
-311.903181  -315.351342
-311.931684  -315.351359
-311.956005  -315.351801
-311.988291  -315.351884
-288.186805  -294.332655
-288.237785  -294.333370
-288.424774  -294.335125
-288.456648  -294.335303
-288.531170  -294.336010
-288.583965  -294.336752
-288.619665  -294.337766
-288.661098  -294.339147
-288.700226  -294.340203
-288.739308  -294.340644
-288.767500  -294.340586
-288.798425  -294.339756
-288.818575  -294.339611
-288.839132  -294.339517
-288.850846  -294.339445
-166.111343  -170.285083
-166.143458  -170.285524
-166.239584  -170.286815
-166.265134  -170.287236
-166.327931  -170.287954
-166.345367  -170.287840
-166.380495  -170.285631
-166.407755  -170.286275
-166.432503  -170.286116
-166.456356  -170.285403
-166.475308  -170.284984
-166.498354  -170.284395
-166.510533  -170.284722
-166.541494  -170.285239
-166.557350  -170.285838
-81.297475  -82.471490
-81.303850  -82.471483
-81.319464  -82.471250
-81.323037  -82.471175
-81.327362  -82.471152
-81.330118  -82.471156
-81.332183  -82.471220
-81.334629  -82.471329
-81.336867  -82.471408
-81.340986  -82.471533
-81.343740  -82.471621
-81.347098  -82.471656
-81.351187  -82.471625
-81.355940  -82.471482
-81.358246  -82.471480
-102.305215  -103.458018
-102.308227  -103.457972
-102.316526  -103.457717
-102.318897  -103.457625
-102.320772  -103.457537
-102.322470  -103.457571
-102.324046  -103.457620
-102.325396  -103.457698
-102.326284  -103.457763
-102.327967  -103.457787
-102.328103  -103.457796
-102.329787  -103.457790
-102.330780  -103.457779
-102.331044  -103.457743
-102.331846  -103.457681
-332.493133  -331.109992
-332.523546  -331.110349
-332.627801  -331.111118
-332.651280  -331.111134
-332.694010  -331.111030
-332.721913  -331.110990
-332.749096  -331.111130
-332.773646  -331.111540
-332.794093  -331.112261
-332.824084  -331.113216
-332.842471  -331.113790
-332.865720  -331.114437
-332.887720  -331.114854
-332.909314  -331.114927
-332.926695  -331.114921
-327.426628  -325.922038
-327.443232  -325.922089
-327.500938  -325.921537
-327.513277  -325.921154
-327.529510  -325.920775
-327.549060  -325.919689
-327.557877  -325.919953
-327.572754  -325.920725
-327.582294  -325.920496
-327.589565  -325.920058
-327.597758  -325.919224
-327.604726  -325.918736
-327.611259  -325.918446
-327.616470  -325.917660
-327.621875  -325.917308
-92.630256  -92.968757
-92.665142  -92.969725
-92.740537  -92.973117
-92.756098  -92.973698
-92.786434  -92.975185
-92.796850  -92.975077
-92.822348  -92.974462
-92.831538  -92.974428
-92.836799  -92.974522
-92.840782  -92.974702
-92.847390  -92.975167
-92.852441  -92.975799
-92.858768  -92.975707
-92.864414  -92.975641
-92.869403  -92.975464
-151.682916  -154.638758
-151.703030  -154.639066
-151.769827  -154.640238
-151.787364  -154.640687
-151.825944  -154.642001
-151.839178  -154.642679
-151.855245  -154.643535
-151.877883  -154.644762
-151.904750  -154.647722
-151.918737  -154.648189
-151.945477  -154.648057
-151.971783  -154.649554
-152.031910  -154.653087
-152.050700  -154.654424
-152.080866  -154.654080
-271.876464  -271.659252
-271.966990  -271.660622
-272.231156  -271.663720
-272.317142  -271.664295
-272.484413  -271.664999
-272.596210  -271.665878
-272.759579  -271.667144
-272.834613  -271.668942
-272.937766  -271.671830
-272.985665  -271.673534
-273.025839  -271.674415
-273.071499  -271.675224
-273.126586  -271.675805
-273.195235  -271.676678
-273.248582  -271.677454
-251.405084  -255.853069
-251.418973  -255.853459
-251.462810  -255.854837
-251.485882  -255.855805
-251.497046  -255.856092
-251.515149  -255.856318
-251.528913  -255.856472
-251.538552  -255.856595
-251.552882  -255.856733
-251.569007  -255.856575
-251.583782  -255.856354
-251.604062  -255.855727
-251.619437  -255.855132
-251.650197  -255.854105
-251.683685  -255.851969
