Code for generating 2D crystals used in USPEX
Written by H. T. Stokes, Adapted by Q Zhu
Random_cell2d
Space-group symmetry:   6
Area of primitive unit cell:     73.84
Height of layer:      2.00
Number of types of atoms:  2
Number of atoms of each type:   5   8
Minimum distance between each type of atom:
   0.792   0.854   0.854   0.917
Print symmetry operation:  0
cell parameters:   8.59300   8.59300   2.00000  90.00000  90.00000  90.08000
 10 atomic parameters
 13 atoms
  1 1   0.79120   0.10751   0.86733 1(1,0,0) 2(0,1,0) 3(0,0,1)
  2 1   0.20880   0.89249   0.86733 1(-1,0,0) 2(0,-1,0) 3(0,0,1)
  3 1   0.20880   0.10751   0.86733 1(-1,0,0) 2(0,1,0) 3(0,0,1)
  4 1   0.79120   0.89249   0.86733 1(1,0,0) 2(0,-1,0) 3(0,0,1)
  5 1   0.50000   0.50000   0.45212 4(0,0,1)
  6 2   0.37662   0.12071   0.90935 5(1,0,0) 6(0,1,0) 7(0,0,1)
  7 2   0.62338   0.87929   0.90935 5(-1,0,0) 6(0,-1,0) 7(0,0,1)
  8 2   0.62338   0.12071   0.90935 5(-1,0,0) 6(0,1,0) 7(0,0,1)
  9 2   0.37662   0.87929   0.90935 5(1,0,0) 6(0,-1,0) 7(0,0,1)
 10 2   0.26191   0.27051   0.27841 8(1,0,0) 9(0,1,0) 10(0,0,1)
 11 2   0.73809   0.72949   0.27841 8(-1,0,0) 9(0,-1,0) 10(0,0,1)
 12 2   0.73809   0.27051   0.27841 8(-1,0,0) 9(0,1,0) 10(0,0,1)
 13 2   0.26191   0.72949   0.27841 8(1,0,0) 9(0,-1,0) 10(0,0,1)
