Code for generating 2D crystals used in USPEX
Written by H. T. Stokes, Adapted by Q Zhu
Random_cell2d
Space-group symmetry:   5
Area of primitive unit cell:     73.84
Height of layer:      2.00
Number of types of atoms:  2
Number of atoms of each type:   1   8
Minimum distance between each type of atom:
   0.792   0.854   0.854   0.917
Print symmetry operation:  0
cell parameters:   8.59300   8.59300   2.00000  90.00000  90.00000  90.08000
 15 atomic parameters
  9 atoms
  1 1   0.28554   0.11267   0.88733 1(0,1,-1) 2(1,0,0)
  2 2   0.03008   0.51541   0.81897 3(0,-1,-1) 4(0,1,-1) 5(1,0,0)
  3 2   0.03008   0.18103   0.48459 3(0,1,1) 4(0,1,-1) 5(1,0,0)
  4 2   0.54299   0.04376   0.84549 6(0,-1,-1) 7(0,1,-1) 8(1,0,0)
  5 2   0.54299   0.15451   0.95624 6(0,1,1) 7(0,1,-1) 8(1,0,0)
  6 2   0.48360   0.54579   0.45421 9(0,1,-1) 10(1,0,0)
  7 2   0.82764   0.08077   0.15210 11(0,-1,-1) 12(0,1,-1) 13(1,0,0)
  8 2   0.82764   0.84790   0.91923 11(0,1,1) 12(0,1,-1) 13(1,0,0)
  9 2   0.97656   0.76208   0.23792 14(0,1,-1) 15(1,0,0)
