Code for generating 2D crystals used in USPEX
Written by H. T. Stokes, Adapted by Q Zhu
Random_cell2d
Space-group symmetry:   4
Area of primitive unit cell:     73.84
Height of layer:      2.00
Number of types of atoms:  2
Number of atoms of each type:   2   8
Minimum distance between each type of atom:
   0.792   0.854   0.854   0.917
Print symmetry operation:  0
cell parameters:   8.59300   8.59300   2.00000  90.00000  90.00000  90.08000
 15 atomic parameters
 10 atoms
  1 1   0.50709   0.39622   0.99343 1(0,0,1) 2(1,0,0) 3(0,1,0)
  2 1   0.00709   0.39622   0.00657 1(0,0,-1) 2(1,0,0) 3(0,1,0)
  3 2   0.73216   0.96894   0.34604 4(0,0,1) 5(1,0,0) 6(0,1,0)
  4 2   0.23216   0.96894   0.65396 4(0,0,-1) 5(1,0,0) 6(0,1,0)
  5 2   0.76973   0.78646   0.83930 7(0,0,1) 8(1,0,0) 9(0,1,0)
  6 2   0.26973   0.78646   0.16070 7(0,0,-1) 8(1,0,0) 9(0,1,0)
  7 2   0.96956   0.22395   0.24303 10(0,0,1) 11(1,0,0) 12(0,1,0)
  8 2   0.46956   0.22395   0.75697 10(0,0,-1) 11(1,0,0) 12(0,1,0)
  9 2   0.02922   0.77304   0.12603 13(0,0,1) 14(1,0,0) 15(0,1,0)
 10 2   0.52922   0.77304   0.87397 13(0,0,-1) 14(1,0,0) 15(0,1,0)
