Code for generating 2D crystals used in USPEX
Written by H. T. Stokes, Adapted by Q Zhu
Random_cell2d
Space-group symmetry:  14
Area of primitive unit cell:     73.84
Height of layer:      2.00
Number of types of atoms:  2
Number of atoms of each type:   5   8
Minimum distance between each type of atom:
   0.792   0.854   0.854   0.917
Print symmetry operation:  0
cell parameters:   8.59300   8.59300   2.00000  90.00000  90.00000  90.08000
 10 atomic parameters
 13 atoms
  1 1   0.59035   0.40965   0.72914 1(1,-1,0) 2(0,0,1)
  2 1   0.59035   0.18069   0.72914 1(1,2,0) 2(0,0,1)
  3 1   0.81931   0.40965   0.72914 1(-2,-1,0) 2(0,0,1)
  4 1   0.33333   0.66667   0.37797 3(0,0,1)
  5 1   0.33333   0.66667   0.86598 4(0,0,1)
  6 2   0.82282   0.17718   0.85144 5(1,-1,0) 6(0,0,1)
  7 2   0.82282   0.64563   0.85144 5(1,2,0) 6(0,0,1)
  8 2   0.35437   0.17718   0.85144 5(-2,-1,0) 6(0,0,1)
  9 2   0.15720   0.84280   0.21776 7(1,-1,0) 8(0,0,1)
 10 2   0.15720   0.31440   0.21776 7(1,2,0) 8(0,0,1)
 11 2   0.68560   0.84280   0.21776 7(-2,-1,0) 8(0,0,1)
 12 2   0.00000   0.00000   0.46756 9(0,0,1)
 13 2   0.66667   0.33333   0.98369 10(0,0,1)
