2026-03-13 21:03:32,193 - DEBUG - Creating converter from 7 to 5
2026-03-13 21:03:32,193 - DEBUG - Creating converter from 5 to 7
2026-03-13 21:03:32,193 - DEBUG - Creating converter from 7 to 5
2026-03-13 21:03:32,193 - DEBUG - Creating converter from 5 to 7
2026-03-13 21:03:32,291 - DEBUG - CACHEDIR=/home/cchen/.cache/matplotlib
2026-03-13 21:03:32,293 - DEBUG - Using fontManager instance from /home/cchen/.cache/matplotlib/fontlist-v390.json
2026-03-13 21:03:36,740 - DEBUG - Creating converter from 7 to 5
2026-03-13 21:03:36,740 - DEBUG - Creating converter from 5 to 7
2026-03-13 21:03:36,740 - DEBUG - Creating converter from 7 to 5
2026-03-13 21:03:36,740 - DEBUG - Creating converter from 5 to 7
2026-03-13 21:03:36,793 - DEBUG - Creating converter from 7 to 5
2026-03-13 21:03:36,793 - DEBUG - Creating converter from 7 to 5
2026-03-13 21:03:36,793 - DEBUG - Creating converter from 5 to 7
2026-03-13 21:03:36,793 - DEBUG - Creating converter from 5 to 7
2026-03-13 21:03:36,793 - DEBUG - Creating converter from 7 to 5
2026-03-13 21:03:36,793 - DEBUG - Creating converter from 7 to 5
2026-03-13 21:03:36,793 - DEBUG - Creating converter from 5 to 7
2026-03-13 21:03:36,793 - DEBUG - Creating converter from 5 to 7
2026-03-13 21:03:36,796 - DEBUG - Creating converter from 7 to 5
2026-03-13 21:03:36,796 - DEBUG - Creating converter from 5 to 7
2026-03-13 21:03:36,796 - DEBUG - Creating converter from 7 to 5
2026-03-13 21:03:36,796 - DEBUG - Creating converter from 5 to 7
2026-03-13 21:03:36,804 - DEBUG - Creating converter from 7 to 5
2026-03-13 21:03:36,804 - DEBUG - Creating converter from 5 to 7
2026-03-13 21:03:36,804 - DEBUG - Creating converter from 7 to 5
2026-03-13 21:03:36,804 - DEBUG - Creating converter from 5 to 7
2026-03-13 21:03:36,808 - DEBUG - Creating converter from 7 to 5
2026-03-13 21:03:36,809 - DEBUG - Creating converter from 5 to 7
2026-03-13 21:03:36,809 - DEBUG - Creating converter from 7 to 5
2026-03-13 21:03:36,809 - DEBUG - Creating converter from 5 to 7
2026-03-13 21:03:36,812 - DEBUG - Creating converter from 7 to 5
2026-03-13 21:03:36,812 - DEBUG - Creating converter from 5 to 7
2026-03-13 21:03:36,812 - DEBUG - Creating converter from 7 to 5
2026-03-13 21:03:36,812 - DEBUG - Creating converter from 7 to 5
2026-03-13 21:03:36,812 - DEBUG - Creating converter from 5 to 7
2026-03-13 21:03:36,812 - DEBUG - Creating converter from 7 to 5
2026-03-13 21:03:36,812 - DEBUG - Creating converter from 5 to 7
2026-03-13 21:03:36,813 - DEBUG - Creating converter from 5 to 7
2026-03-13 21:03:36,820 - DEBUG - Creating converter from 7 to 5
2026-03-13 21:03:36,820 - DEBUG - Creating converter from 5 to 7
2026-03-13 21:03:36,820 - DEBUG - Creating converter from 7 to 5
2026-03-13 21:03:36,820 - DEBUG - Creating converter from 5 to 7
2026-03-13 21:03:36,824 - DEBUG - Creating converter from 7 to 5
2026-03-13 21:03:36,825 - DEBUG - Creating converter from 5 to 7
2026-03-13 21:03:36,825 - DEBUG - Creating converter from 7 to 5
2026-03-13 21:03:36,825 - DEBUG - Creating converter from 5 to 7
2026-03-13 21:03:36,827 - DEBUG - Creating converter from 7 to 5
2026-03-13 21:03:36,827 - DEBUG - Creating converter from 5 to 7
2026-03-13 21:03:36,828 - DEBUG - Creating converter from 7 to 5
2026-03-13 21:03:36,828 - DEBUG - Creating converter from 5 to 7
2026-03-13 21:03:36,830 - DEBUG - Creating converter from 7 to 5
2026-03-13 21:03:36,830 - DEBUG - Creating converter from 5 to 7
2026-03-13 21:03:36,830 - DEBUG - Creating converter from 7 to 5
2026-03-13 21:03:36,830 - DEBUG - Creating converter from 5 to 7
2026-03-13 21:03:36,832 - DEBUG - Creating converter from 7 to 5
2026-03-13 21:03:36,832 - DEBUG - Creating converter from 5 to 7
2026-03-13 21:03:36,832 - DEBUG - Creating converter from 7 to 5
2026-03-13 21:03:36,832 - DEBUG - Creating converter from 5 to 7
2026-03-13 21:03:36,834 - DEBUG - Creating converter from 7 to 5
2026-03-13 21:03:36,834 - DEBUG - Creating converter from 5 to 7
2026-03-13 21:03:36,834 - DEBUG - Creating converter from 7 to 5
2026-03-13 21:03:36,834 - DEBUG - Creating converter from 5 to 7
2026-03-13 21:03:36,843 - DEBUG - CACHEDIR=/home/cchen/.cache/matplotlib
2026-03-13 21:03:36,845 - DEBUG - Using fontManager instance from /home/cchen/.cache/matplotlib/fontlist-v390.json
2026-03-13 21:03:36,870 - DEBUG - Creating converter from 7 to 5
2026-03-13 21:03:36,870 - DEBUG - Creating converter from 5 to 7
2026-03-13 21:03:36,870 - DEBUG - Creating converter from 7 to 5
2026-03-13 21:03:36,870 - DEBUG - Creating converter from 5 to 7
2026-03-13 21:03:36,895 - DEBUG - CACHEDIR=/home/cchen/.cache/matplotlib
2026-03-13 21:03:36,895 - DEBUG - CACHEDIR=/home/cchen/.cache/matplotlib
2026-03-13 21:03:36,897 - DEBUG - Using fontManager instance from /home/cchen/.cache/matplotlib/fontlist-v390.json
2026-03-13 21:03:36,897 - DEBUG - Using fontManager instance from /home/cchen/.cache/matplotlib/fontlist-v390.json
2026-03-13 21:03:36,898 - DEBUG - CACHEDIR=/home/cchen/.cache/matplotlib
2026-03-13 21:03:36,900 - DEBUG - Using fontManager instance from /home/cchen/.cache/matplotlib/fontlist-v390.json
2026-03-13 21:03:36,906 - DEBUG - CACHEDIR=/home/cchen/.cache/matplotlib
2026-03-13 21:03:36,908 - DEBUG - Using fontManager instance from /home/cchen/.cache/matplotlib/fontlist-v390.json
2026-03-13 21:03:36,911 - DEBUG - CACHEDIR=/home/cchen/.cache/matplotlib
2026-03-13 21:03:36,913 - DEBUG - Using fontManager instance from /home/cchen/.cache/matplotlib/fontlist-v390.json
2026-03-13 21:03:36,918 - DEBUG - CACHEDIR=/home/cchen/.cache/matplotlib
2026-03-13 21:03:36,920 - DEBUG - Using fontManager instance from /home/cchen/.cache/matplotlib/fontlist-v390.json
2026-03-13 21:03:36,921 - DEBUG - Creating converter from 7 to 5
2026-03-13 21:03:36,922 - DEBUG - Creating converter from 5 to 7
2026-03-13 21:03:36,922 - DEBUG - Creating converter from 7 to 5
2026-03-13 21:03:36,922 - DEBUG - Creating converter from 5 to 7
2026-03-13 21:03:36,923 - DEBUG - CACHEDIR=/home/cchen/.cache/matplotlib
2026-03-13 21:03:36,925 - DEBUG - Using fontManager instance from /home/cchen/.cache/matplotlib/fontlist-v390.json
2026-03-13 21:03:36,927 - DEBUG - CACHEDIR=/home/cchen/.cache/matplotlib
2026-03-13 21:03:36,929 - DEBUG - Using fontManager instance from /home/cchen/.cache/matplotlib/fontlist-v390.json
2026-03-13 21:03:36,929 - DEBUG - CACHEDIR=/home/cchen/.cache/matplotlib
2026-03-13 21:03:36,931 - DEBUG - Using fontManager instance from /home/cchen/.cache/matplotlib/fontlist-v390.json
2026-03-13 21:03:36,932 - DEBUG - CACHEDIR=/home/cchen/.cache/matplotlib
2026-03-13 21:03:36,935 - DEBUG - Using fontManager instance from /home/cchen/.cache/matplotlib/fontlist-v390.json
2026-03-13 21:03:36,936 - DEBUG - CACHEDIR=/home/cchen/.cache/matplotlib
2026-03-13 21:03:36,938 - DEBUG - Using fontManager instance from /home/cchen/.cache/matplotlib/fontlist-v390.json
2026-03-13 21:03:36,938 - DEBUG - CACHEDIR=/home/cchen/.cache/matplotlib
2026-03-13 21:03:36,940 - DEBUG - Using fontManager instance from /home/cchen/.cache/matplotlib/fontlist-v390.json
2026-03-13 21:03:36,961 - DEBUG - CACHEDIR=/home/cchen/.cache/matplotlib
2026-03-13 21:03:36,963 - DEBUG - Using fontManager instance from /home/cchen/.cache/matplotlib/fontlist-v390.json
2026-03-13 21:03:36,977 - DEBUG - CACHEDIR=/home/cchen/.cache/matplotlib
2026-03-13 21:03:36,979 - DEBUG - Using fontManager instance from /home/cchen/.cache/matplotlib/fontlist-v390.json
2026-03-13 21:03:37,051 - DEBUG - CACHEDIR=/home/cchen/.cache/matplotlib
2026-03-13 21:03:37,054 - DEBUG - Using fontManager instance from /home/cchen/.cache/matplotlib/fontlist-v390.json
2026-03-13 21:22:59,835 - DEBUG - Creating converter from 7 to 5
2026-03-13 21:22:59,836 - DEBUG - Creating converter from 5 to 7
2026-03-13 21:22:59,836 - DEBUG - Creating converter from 7 to 5
2026-03-13 21:22:59,836 - DEBUG - Creating converter from 5 to 7
2026-03-13 21:22:59,895 - DEBUG - Creating converter from 7 to 5
2026-03-13 21:22:59,895 - DEBUG - Creating converter from 5 to 7
2026-03-13 21:22:59,895 - DEBUG - Creating converter from 7 to 5
2026-03-13 21:22:59,895 - DEBUG - Creating converter from 5 to 7
2026-03-13 21:22:59,935 - DEBUG - CACHEDIR=/home/cchen/.cache/matplotlib
2026-03-13 21:22:59,937 - DEBUG - Using fontManager instance from /home/cchen/.cache/matplotlib/fontlist-v390.json
2026-03-13 21:22:59,955 - DEBUG - Creating converter from 7 to 5
2026-03-13 21:22:59,955 - DEBUG - Creating converter from 5 to 7
2026-03-13 21:22:59,955 - DEBUG - Creating converter from 7 to 5
2026-03-13 21:22:59,955 - DEBUG - Creating converter from 5 to 7
2026-03-13 21:22:59,980 - DEBUG - Creating converter from 7 to 5
2026-03-13 21:22:59,980 - DEBUG - Creating converter from 5 to 7
2026-03-13 21:22:59,980 - DEBUG - Creating converter from 7 to 5
2026-03-13 21:22:59,980 - DEBUG - Creating converter from 5 to 7
2026-03-13 21:22:59,996 - DEBUG - CACHEDIR=/home/cchen/.cache/matplotlib
2026-03-13 21:22:59,998 - DEBUG - Using fontManager instance from /home/cchen/.cache/matplotlib/fontlist-v390.json
2026-03-13 21:23:00,076 - DEBUG - CACHEDIR=/home/cchen/.cache/matplotlib
2026-03-13 21:23:00,078 - DEBUG - Using fontManager instance from /home/cchen/.cache/matplotlib/fontlist-v390.json
2026-03-13 21:23:00,080 - DEBUG - CACHEDIR=/home/cchen/.cache/matplotlib
2026-03-13 21:23:00,082 - DEBUG - Using fontManager instance from /home/cchen/.cache/matplotlib/fontlist-v390.json
2026-03-13 21:23:03,194 - WARNING - 'model_path' argument is deprecated, please use 'model_paths' in the future.
2026-03-13 21:23:03,439 - WARNING - 'model_path' argument is deprecated, please use 'model_paths' in the future.
2026-03-13 21:23:03,512 - WARNING - 'model_path' argument is deprecated, please use 'model_paths' in the future.
2026-03-13 21:23:03,635 - WARNING - 'model_path' argument is deprecated, please use 'model_paths' in the future.
2026-03-13 21:23:03,698 - WARNING - /home/cchen/apps/deepmd-kit/lib/python3.11/site-packages/torch/overrides.py:110: UserWarning: 'has_cuda' is deprecated, please use 'torch.backends.cuda.is_built()'
  torch.has_cuda,

2026-03-13 21:23:03,698 - WARNING - /home/cchen/apps/deepmd-kit/lib/python3.11/site-packages/torch/overrides.py:111: UserWarning: 'has_cudnn' is deprecated, please use 'torch.backends.cudnn.is_available()'
  torch.has_cudnn,

2026-03-13 21:23:03,698 - WARNING - /home/cchen/apps/deepmd-kit/lib/python3.11/site-packages/torch/overrides.py:117: UserWarning: 'has_mps' is deprecated, please use 'torch.backends.mps.is_built()'
  torch.has_mps,

2026-03-13 21:23:03,698 - WARNING - /home/cchen/apps/deepmd-kit/lib/python3.11/site-packages/torch/overrides.py:118: UserWarning: 'has_mkldnn' is deprecated, please use 'torch.backends.mkldnn.is_available()'
  torch.has_mkldnn,

2026-03-13 21:23:04,062 - WARNING - /home/cchen/apps/deepmd-kit/lib/python3.11/site-packages/torch/overrides.py:110: UserWarning: 'has_cuda' is deprecated, please use 'torch.backends.cuda.is_built()'
  torch.has_cuda,

2026-03-13 21:23:04,062 - WARNING - /home/cchen/apps/deepmd-kit/lib/python3.11/site-packages/torch/overrides.py:111: UserWarning: 'has_cudnn' is deprecated, please use 'torch.backends.cudnn.is_available()'
  torch.has_cudnn,

2026-03-13 21:23:04,062 - WARNING - /home/cchen/apps/deepmd-kit/lib/python3.11/site-packages/torch/overrides.py:117: UserWarning: 'has_mps' is deprecated, please use 'torch.backends.mps.is_built()'
  torch.has_mps,

2026-03-13 21:23:04,062 - WARNING - /home/cchen/apps/deepmd-kit/lib/python3.11/site-packages/torch/overrides.py:118: UserWarning: 'has_mkldnn' is deprecated, please use 'torch.backends.mkldnn.is_available()'
  torch.has_mkldnn,

2026-03-13 21:23:04,086 - INFO - CUDA version: 12.0, CUDA device: 0
2026-03-13 21:23:04,191 - WARNING - /home/cchen/apps/deepmd-kit/lib/python3.11/site-packages/torch/overrides.py:110: UserWarning: 'has_cuda' is deprecated, please use 'torch.backends.cuda.is_built()'
  torch.has_cuda,

2026-03-13 21:23:04,191 - WARNING - /home/cchen/apps/deepmd-kit/lib/python3.11/site-packages/torch/overrides.py:111: UserWarning: 'has_cudnn' is deprecated, please use 'torch.backends.cudnn.is_available()'
  torch.has_cudnn,

2026-03-13 21:23:04,191 - WARNING - /home/cchen/apps/deepmd-kit/lib/python3.11/site-packages/torch/overrides.py:117: UserWarning: 'has_mps' is deprecated, please use 'torch.backends.mps.is_built()'
  torch.has_mps,

2026-03-13 21:23:04,191 - WARNING - /home/cchen/apps/deepmd-kit/lib/python3.11/site-packages/torch/overrides.py:118: UserWarning: 'has_mkldnn' is deprecated, please use 'torch.backends.mkldnn.is_available()'
  torch.has_mkldnn,

2026-03-13 21:23:04,272 - WARNING - /home/cchen/apps/deepmd-kit/lib/python3.11/site-packages/torch/overrides.py:110: UserWarning: 'has_cuda' is deprecated, please use 'torch.backends.cuda.is_built()'
  torch.has_cuda,

2026-03-13 21:23:04,272 - WARNING - /home/cchen/apps/deepmd-kit/lib/python3.11/site-packages/torch/overrides.py:111: UserWarning: 'has_cudnn' is deprecated, please use 'torch.backends.cudnn.is_available()'
  torch.has_cudnn,

2026-03-13 21:23:04,272 - WARNING - /home/cchen/apps/deepmd-kit/lib/python3.11/site-packages/torch/overrides.py:117: UserWarning: 'has_mps' is deprecated, please use 'torch.backends.mps.is_built()'
  torch.has_mps,

2026-03-13 21:23:04,272 - WARNING - /home/cchen/apps/deepmd-kit/lib/python3.11/site-packages/torch/overrides.py:118: UserWarning: 'has_mkldnn' is deprecated, please use 'torch.backends.mkldnn.is_available()'
  torch.has_mkldnn,

2026-03-13 21:23:04,448 - INFO - CUDA version: 12.0, CUDA device: 0
2026-03-13 21:23:04,537 - INFO - CUDA version: 12.0, CUDA device: 0
2026-03-13 21:23:04,573 - INFO - CUDA version: 12.0, CUDA device: 0
2026-03-13 21:23:17,411 - WARNING - /home/cchen/apps/deepmd-kit/lib/python3.11/site-packages/torch/overrides.py:110: UserWarning: 'has_cuda' is deprecated, please use 'torch.backends.cuda.is_built()'
  torch.has_cuda,

2026-03-13 21:23:17,411 - WARNING - /home/cchen/apps/deepmd-kit/lib/python3.11/site-packages/torch/overrides.py:111: UserWarning: 'has_cudnn' is deprecated, please use 'torch.backends.cudnn.is_available()'
  torch.has_cudnn,

2026-03-13 21:23:17,412 - WARNING - /home/cchen/apps/deepmd-kit/lib/python3.11/site-packages/torch/overrides.py:117: UserWarning: 'has_mps' is deprecated, please use 'torch.backends.mps.is_built()'
  torch.has_mps,

2026-03-13 21:23:17,412 - WARNING - /home/cchen/apps/deepmd-kit/lib/python3.11/site-packages/torch/overrides.py:118: UserWarning: 'has_mkldnn' is deprecated, please use 'torch.backends.mkldnn.is_available()'
  torch.has_mkldnn,

2026-03-13 21:23:20,360 - DEBUG - Creating converter from 7 to 5
2026-03-13 21:23:20,360 - DEBUG - Creating converter from 7 to 5
2026-03-13 21:23:20,360 - DEBUG - Creating converter from 5 to 7
2026-03-13 21:23:20,360 - DEBUG - Creating converter from 5 to 7
2026-03-13 21:23:20,360 - DEBUG - Creating converter from 7 to 5
2026-03-13 21:23:20,360 - DEBUG - Creating converter from 7 to 5
2026-03-13 21:23:20,360 - DEBUG - Creating converter from 5 to 7
2026-03-13 21:23:20,360 - DEBUG - Creating converter from 5 to 7
2026-03-13 21:23:20,362 - DEBUG - Creating converter from 7 to 5
2026-03-13 21:23:20,362 - DEBUG - Creating converter from 5 to 7
2026-03-13 21:23:20,362 - DEBUG - Creating converter from 7 to 5
2026-03-13 21:23:20,362 - DEBUG - Creating converter from 5 to 7
2026-03-13 21:23:20,371 - DEBUG - Creating converter from 7 to 5
2026-03-13 21:23:20,371 - DEBUG - Creating converter from 5 to 7
2026-03-13 21:23:20,371 - DEBUG - Creating converter from 7 to 5
2026-03-13 21:23:20,371 - DEBUG - Creating converter from 5 to 7
2026-03-13 21:23:20,372 - DEBUG - Creating converter from 7 to 5
2026-03-13 21:23:20,372 - DEBUG - Creating converter from 5 to 7
2026-03-13 21:23:20,372 - DEBUG - Creating converter from 7 to 5
2026-03-13 21:23:20,372 - DEBUG - Creating converter from 5 to 7
2026-03-13 21:23:20,375 - DEBUG - Creating converter from 7 to 5
2026-03-13 21:23:20,375 - DEBUG - Creating converter from 5 to 7
2026-03-13 21:23:20,376 - DEBUG - Creating converter from 7 to 5
2026-03-13 21:23:20,376 - DEBUG - Creating converter from 5 to 7
2026-03-13 21:23:20,379 - DEBUG - Creating converter from 7 to 5
2026-03-13 21:23:20,379 - DEBUG - Creating converter from 5 to 7
2026-03-13 21:23:20,379 - DEBUG - Creating converter from 7 to 5
2026-03-13 21:23:20,379 - DEBUG - Creating converter from 5 to 7
2026-03-13 21:23:20,379 - DEBUG - Creating converter from 7 to 5
2026-03-13 21:23:20,379 - DEBUG - Creating converter from 5 to 7
2026-03-13 21:23:20,379 - DEBUG - Creating converter from 7 to 5
2026-03-13 21:23:20,379 - DEBUG - Creating converter from 5 to 7
2026-03-13 21:23:20,380 - DEBUG - Creating converter from 7 to 5
2026-03-13 21:23:20,380 - DEBUG - Creating converter from 5 to 7
2026-03-13 21:23:20,380 - DEBUG - Creating converter from 7 to 5
2026-03-13 21:23:20,380 - DEBUG - Creating converter from 5 to 7
2026-03-13 21:23:20,384 - DEBUG - Creating converter from 7 to 5
2026-03-13 21:23:20,384 - DEBUG - Creating converter from 5 to 7
2026-03-13 21:23:20,384 - DEBUG - Creating converter from 7 to 5
2026-03-13 21:23:20,384 - DEBUG - Creating converter from 5 to 7
2026-03-13 21:23:20,417 - DEBUG - Creating converter from 7 to 5
2026-03-13 21:23:20,417 - DEBUG - Creating converter from 5 to 7
2026-03-13 21:23:20,417 - DEBUG - Creating converter from 7 to 5
2026-03-13 21:23:20,417 - DEBUG - Creating converter from 5 to 7
2026-03-13 21:23:20,459 - DEBUG - CACHEDIR=/home/cchen/.cache/matplotlib
2026-03-13 21:23:20,459 - DEBUG - CACHEDIR=/home/cchen/.cache/matplotlib
2026-03-13 21:23:20,460 - DEBUG - CACHEDIR=/home/cchen/.cache/matplotlib
2026-03-13 21:23:20,461 - DEBUG - Using fontManager instance from /home/cchen/.cache/matplotlib/fontlist-v390.json
2026-03-13 21:23:20,461 - DEBUG - Using fontManager instance from /home/cchen/.cache/matplotlib/fontlist-v390.json
2026-03-13 21:23:20,462 - DEBUG - Using fontManager instance from /home/cchen/.cache/matplotlib/fontlist-v390.json
2026-03-13 21:23:20,472 - DEBUG - CACHEDIR=/home/cchen/.cache/matplotlib
2026-03-13 21:23:20,473 - DEBUG - CACHEDIR=/home/cchen/.cache/matplotlib
2026-03-13 21:23:20,474 - DEBUG - Using fontManager instance from /home/cchen/.cache/matplotlib/fontlist-v390.json
2026-03-13 21:23:20,474 - DEBUG - Using fontManager instance from /home/cchen/.cache/matplotlib/fontlist-v390.json
2026-03-13 21:23:20,475 - DEBUG - CACHEDIR=/home/cchen/.cache/matplotlib
2026-03-13 21:23:20,477 - DEBUG - Using fontManager instance from /home/cchen/.cache/matplotlib/fontlist-v390.json
2026-03-13 21:23:20,478 - DEBUG - CACHEDIR=/home/cchen/.cache/matplotlib
2026-03-13 21:23:20,480 - DEBUG - CACHEDIR=/home/cchen/.cache/matplotlib
2026-03-13 21:23:20,480 - DEBUG - Using fontManager instance from /home/cchen/.cache/matplotlib/fontlist-v390.json
2026-03-13 21:23:20,481 - DEBUG - CACHEDIR=/home/cchen/.cache/matplotlib
2026-03-13 21:23:20,482 - DEBUG - Using fontManager instance from /home/cchen/.cache/matplotlib/fontlist-v390.json
2026-03-13 21:23:20,483 - DEBUG - Using fontManager instance from /home/cchen/.cache/matplotlib/fontlist-v390.json
2026-03-13 21:23:20,485 - DEBUG - CACHEDIR=/home/cchen/.cache/matplotlib
2026-03-13 21:23:20,487 - DEBUG - Using fontManager instance from /home/cchen/.cache/matplotlib/fontlist-v390.json
2026-03-13 21:23:20,508 - DEBUG - Creating converter from 7 to 5
2026-03-13 21:23:20,508 - DEBUG - Creating converter from 5 to 7
2026-03-13 21:23:20,508 - DEBUG - Creating converter from 7 to 5
2026-03-13 21:23:20,508 - DEBUG - Creating converter from 5 to 7
2026-03-13 21:23:20,520 - DEBUG - CACHEDIR=/home/cchen/.cache/matplotlib
2026-03-13 21:23:20,522 - DEBUG - Using fontManager instance from /home/cchen/.cache/matplotlib/fontlist-v390.json
2026-03-13 21:23:20,616 - DEBUG - CACHEDIR=/home/cchen/.cache/matplotlib
2026-03-13 21:23:20,618 - DEBUG - Using fontManager instance from /home/cchen/.cache/matplotlib/fontlist-v390.json
2026-03-13 21:26:54,472 - DEBUG - Creating converter from 7 to 5
2026-03-13 21:26:54,472 - DEBUG - Creating converter from 5 to 7
2026-03-13 21:26:54,472 - DEBUG - Creating converter from 7 to 5
2026-03-13 21:26:54,473 - DEBUG - Creating converter from 5 to 7
2026-03-13 21:26:54,571 - DEBUG - CACHEDIR=/home/cchen/.cache/matplotlib
2026-03-13 21:26:54,573 - DEBUG - Using fontManager instance from /home/cchen/.cache/matplotlib/fontlist-v390.json
2026-03-13 21:26:59,119 - DEBUG - Creating converter from 7 to 5
2026-03-13 21:26:59,119 - DEBUG - Creating converter from 5 to 7
2026-03-13 21:26:59,119 - DEBUG - Creating converter from 7 to 5
2026-03-13 21:26:59,119 - DEBUG - Creating converter from 5 to 7
2026-03-13 21:26:59,144 - DEBUG - Creating converter from 7 to 5
2026-03-13 21:26:59,144 - DEBUG - Creating converter from 5 to 7
2026-03-13 21:26:59,144 - DEBUG - Creating converter from 7 to 5
2026-03-13 21:26:59,145 - DEBUG - Creating converter from 5 to 7
2026-03-13 21:26:59,170 - DEBUG - Creating converter from 7 to 5
2026-03-13 21:26:59,170 - DEBUG - Creating converter from 5 to 7
2026-03-13 21:26:59,170 - DEBUG - Creating converter from 7 to 5
2026-03-13 21:26:59,170 - DEBUG - Creating converter from 5 to 7
2026-03-13 21:26:59,172 - DEBUG - Creating converter from 7 to 5
2026-03-13 21:26:59,172 - DEBUG - Creating converter from 7 to 5
2026-03-13 21:26:59,172 - DEBUG - Creating converter from 5 to 7
2026-03-13 21:26:59,172 - DEBUG - Creating converter from 5 to 7
2026-03-13 21:26:59,173 - DEBUG - Creating converter from 7 to 5
2026-03-13 21:26:59,173 - DEBUG - Creating converter from 7 to 5
2026-03-13 21:26:59,173 - DEBUG - Creating converter from 5 to 7
2026-03-13 21:26:59,173 - DEBUG - Creating converter from 5 to 7
2026-03-13 21:26:59,177 - DEBUG - Creating converter from 7 to 5
2026-03-13 21:26:59,177 - DEBUG - Creating converter from 7 to 5
2026-03-13 21:26:59,177 - DEBUG - Creating converter from 5 to 7
2026-03-13 21:26:59,177 - DEBUG - Creating converter from 5 to 7
2026-03-13 21:26:59,177 - DEBUG - Creating converter from 7 to 5
2026-03-13 21:26:59,177 - DEBUG - Creating converter from 7 to 5
2026-03-13 21:26:59,177 - DEBUG - Creating converter from 5 to 7
2026-03-13 21:26:59,177 - DEBUG - Creating converter from 5 to 7
2026-03-13 21:26:59,185 - DEBUG - Creating converter from 7 to 5
2026-03-13 21:26:59,185 - DEBUG - Creating converter from 5 to 7
2026-03-13 21:26:59,185 - DEBUG - Creating converter from 7 to 5
2026-03-13 21:26:59,186 - DEBUG - Creating converter from 5 to 7
2026-03-13 21:26:59,197 - DEBUG - Creating converter from 7 to 5
2026-03-13 21:26:59,197 - DEBUG - Creating converter from 5 to 7
2026-03-13 21:26:59,197 - DEBUG - Creating converter from 7 to 5
2026-03-13 21:26:59,197 - DEBUG - Creating converter from 5 to 7
2026-03-13 21:26:59,206 - DEBUG - Creating converter from 7 to 5
2026-03-13 21:26:59,206 - DEBUG - Creating converter from 5 to 7
2026-03-13 21:26:59,206 - DEBUG - Creating converter from 7 to 5
2026-03-13 21:26:59,206 - DEBUG - Creating converter from 5 to 7
2026-03-13 21:26:59,217 - DEBUG - Creating converter from 7 to 5
2026-03-13 21:26:59,217 - DEBUG - Creating converter from 5 to 7
2026-03-13 21:26:59,217 - DEBUG - Creating converter from 7 to 5
2026-03-13 21:26:59,218 - DEBUG - Creating converter from 5 to 7
2026-03-13 21:26:59,222 - DEBUG - CACHEDIR=/home/cchen/.cache/matplotlib
2026-03-13 21:26:59,224 - DEBUG - Using fontManager instance from /home/cchen/.cache/matplotlib/fontlist-v390.json
2026-03-13 21:26:59,245 - DEBUG - CACHEDIR=/home/cchen/.cache/matplotlib
2026-03-13 21:26:59,246 - DEBUG - Creating converter from 7 to 5
2026-03-13 21:26:59,246 - DEBUG - Creating converter from 5 to 7
2026-03-13 21:26:59,246 - DEBUG - Creating converter from 7 to 5
2026-03-13 21:26:59,246 - DEBUG - Creating converter from 5 to 7
2026-03-13 21:26:59,247 - DEBUG - Using fontManager instance from /home/cchen/.cache/matplotlib/fontlist-v390.json
2026-03-13 21:26:59,274 - DEBUG - CACHEDIR=/home/cchen/.cache/matplotlib
2026-03-13 21:26:59,275 - DEBUG - CACHEDIR=/home/cchen/.cache/matplotlib
2026-03-13 21:26:59,275 - DEBUG - CACHEDIR=/home/cchen/.cache/matplotlib
2026-03-13 21:26:59,276 - DEBUG - Using fontManager instance from /home/cchen/.cache/matplotlib/fontlist-v390.json
2026-03-13 21:26:59,277 - DEBUG - Using fontManager instance from /home/cchen/.cache/matplotlib/fontlist-v390.json
2026-03-13 21:26:59,277 - DEBUG - Using fontManager instance from /home/cchen/.cache/matplotlib/fontlist-v390.json
2026-03-13 21:26:59,280 - DEBUG - CACHEDIR=/home/cchen/.cache/matplotlib
2026-03-13 21:26:59,280 - DEBUG - CACHEDIR=/home/cchen/.cache/matplotlib
2026-03-13 21:26:59,282 - DEBUG - Using fontManager instance from /home/cchen/.cache/matplotlib/fontlist-v390.json
2026-03-13 21:26:59,282 - DEBUG - Using fontManager instance from /home/cchen/.cache/matplotlib/fontlist-v390.json
2026-03-13 21:26:59,287 - DEBUG - CACHEDIR=/home/cchen/.cache/matplotlib
2026-03-13 21:26:59,289 - DEBUG - Using fontManager instance from /home/cchen/.cache/matplotlib/fontlist-v390.json
2026-03-13 21:26:59,301 - DEBUG - CACHEDIR=/home/cchen/.cache/matplotlib
2026-03-13 21:26:59,303 - DEBUG - Using fontManager instance from /home/cchen/.cache/matplotlib/fontlist-v390.json
2026-03-13 21:26:59,312 - DEBUG - CACHEDIR=/home/cchen/.cache/matplotlib
2026-03-13 21:26:59,314 - DEBUG - Using fontManager instance from /home/cchen/.cache/matplotlib/fontlist-v390.json
2026-03-13 21:26:59,322 - DEBUG - CACHEDIR=/home/cchen/.cache/matplotlib
2026-03-13 21:26:59,324 - DEBUG - Using fontManager instance from /home/cchen/.cache/matplotlib/fontlist-v390.json
2026-03-13 21:26:59,352 - DEBUG - CACHEDIR=/home/cchen/.cache/matplotlib
2026-03-13 21:26:59,354 - DEBUG - Using fontManager instance from /home/cchen/.cache/matplotlib/fontlist-v390.json
2026-03-13 21:38:50,081 - DEBUG - Creating converter from 7 to 5
2026-03-13 21:38:50,081 - DEBUG - Creating converter from 5 to 7
2026-03-13 21:38:50,081 - DEBUG - Creating converter from 7 to 5
2026-03-13 21:38:50,081 - DEBUG - Creating converter from 5 to 7
2026-03-13 21:38:50,183 - DEBUG - CACHEDIR=/home/cchen/.cache/matplotlib
2026-03-13 21:38:50,185 - DEBUG - Using fontManager instance from /home/cchen/.cache/matplotlib/fontlist-v390.json
2026-03-13 21:38:54,809 - DEBUG - Creating converter from 7 to 5
2026-03-13 21:38:54,809 - DEBUG - Creating converter from 5 to 7
2026-03-13 21:38:54,809 - DEBUG - Creating converter from 7 to 5
2026-03-13 21:38:54,809 - DEBUG - Creating converter from 5 to 7
2026-03-13 21:38:54,861 - DEBUG - Creating converter from 7 to 5
2026-03-13 21:38:54,861 - DEBUG - Creating converter from 5 to 7
2026-03-13 21:38:54,861 - DEBUG - Creating converter from 7 to 5
2026-03-13 21:38:54,862 - DEBUG - Creating converter from 5 to 7
2026-03-13 21:38:54,862 - DEBUG - Creating converter from 7 to 5
2026-03-13 21:38:54,862 - DEBUG - Creating converter from 5 to 7
2026-03-13 21:38:54,862 - DEBUG - Creating converter from 7 to 5
2026-03-13 21:38:54,862 - DEBUG - Creating converter from 5 to 7
2026-03-13 21:38:54,900 - DEBUG - Creating converter from 7 to 5
2026-03-13 21:38:54,901 - DEBUG - Creating converter from 5 to 7
2026-03-13 21:38:54,901 - DEBUG - Creating converter from 7 to 5
2026-03-13 21:38:54,901 - DEBUG - Creating converter from 5 to 7
2026-03-13 21:38:54,911 - DEBUG - CACHEDIR=/home/cchen/.cache/matplotlib
2026-03-13 21:38:54,913 - DEBUG - Using fontManager instance from /home/cchen/.cache/matplotlib/fontlist-v390.json
2026-03-13 21:38:54,923 - DEBUG - Creating converter from 7 to 5
2026-03-13 21:38:54,923 - DEBUG - Creating converter from 5 to 7
2026-03-13 21:38:54,923 - DEBUG - Creating converter from 7 to 5
2026-03-13 21:38:54,923 - DEBUG - Creating converter from 5 to 7
2026-03-13 21:38:54,941 - DEBUG - Creating converter from 7 to 5
2026-03-13 21:38:54,941 - DEBUG - Creating converter from 5 to 7
2026-03-13 21:38:54,941 - DEBUG - Creating converter from 7 to 5
2026-03-13 21:38:54,941 - DEBUG - Creating converter from 5 to 7
2026-03-13 21:38:54,966 - DEBUG - CACHEDIR=/home/cchen/.cache/matplotlib
2026-03-13 21:38:54,967 - DEBUG - Using fontManager instance from /home/cchen/.cache/matplotlib/fontlist-v390.json
2026-03-13 21:38:54,976 - DEBUG - Creating converter from 7 to 5
2026-03-13 21:38:54,976 - DEBUG - Creating converter from 5 to 7
2026-03-13 21:38:54,976 - DEBUG - Creating converter from 7 to 5
2026-03-13 21:38:54,976 - DEBUG - Creating converter from 5 to 7
2026-03-13 21:38:54,984 - DEBUG - Creating converter from 7 to 5
2026-03-13 21:38:54,984 - DEBUG - Creating converter from 5 to 7
2026-03-13 21:38:54,984 - DEBUG - Creating converter from 7 to 5
2026-03-13 21:38:54,985 - DEBUG - Creating converter from 5 to 7
2026-03-13 21:38:54,992 - DEBUG - CACHEDIR=/home/cchen/.cache/matplotlib
2026-03-13 21:38:54,994 - DEBUG - Using fontManager instance from /home/cchen/.cache/matplotlib/fontlist-v390.json
2026-03-13 21:38:55,005 - DEBUG - Creating converter from 7 to 5
2026-03-13 21:38:55,005 - DEBUG - Creating converter from 5 to 7
2026-03-13 21:38:55,005 - DEBUG - Creating converter from 7 to 5
2026-03-13 21:38:55,005 - DEBUG - Creating converter from 5 to 7
2026-03-13 21:38:55,007 - DEBUG - CACHEDIR=/home/cchen/.cache/matplotlib
2026-03-13 21:38:55,009 - DEBUG - Using fontManager instance from /home/cchen/.cache/matplotlib/fontlist-v390.json
2026-03-13 21:38:55,011 - DEBUG - Creating converter from 7 to 5
2026-03-13 21:38:55,011 - DEBUG - Creating converter from 5 to 7
2026-03-13 21:38:55,011 - DEBUG - Creating converter from 7 to 5
2026-03-13 21:38:55,011 - DEBUG - Creating converter from 5 to 7
2026-03-13 21:38:55,020 - DEBUG - Creating converter from 7 to 5
2026-03-13 21:38:55,021 - DEBUG - Creating converter from 5 to 7
2026-03-13 21:38:55,021 - DEBUG - Creating converter from 7 to 5
2026-03-13 21:38:55,021 - DEBUG - Creating converter from 5 to 7
2026-03-13 21:38:55,029 - DEBUG - CACHEDIR=/home/cchen/.cache/matplotlib
2026-03-13 21:38:55,031 - DEBUG - Using fontManager instance from /home/cchen/.cache/matplotlib/fontlist-v390.json
2026-03-13 21:38:55,047 - DEBUG - CACHEDIR=/home/cchen/.cache/matplotlib
2026-03-13 21:38:55,049 - DEBUG - Using fontManager instance from /home/cchen/.cache/matplotlib/fontlist-v390.json
2026-03-13 21:38:55,066 - DEBUG - Creating converter from 7 to 5
2026-03-13 21:38:55,066 - DEBUG - Creating converter from 5 to 7
2026-03-13 21:38:55,066 - DEBUG - Creating converter from 7 to 5
2026-03-13 21:38:55,066 - DEBUG - Creating converter from 5 to 7
2026-03-13 21:38:55,082 - DEBUG - CACHEDIR=/home/cchen/.cache/matplotlib
2026-03-13 21:38:55,084 - DEBUG - Using fontManager instance from /home/cchen/.cache/matplotlib/fontlist-v390.json
2026-03-13 21:38:55,090 - DEBUG - CACHEDIR=/home/cchen/.cache/matplotlib
2026-03-13 21:38:55,092 - DEBUG - Using fontManager instance from /home/cchen/.cache/matplotlib/fontlist-v390.json
2026-03-13 21:38:55,116 - DEBUG - CACHEDIR=/home/cchen/.cache/matplotlib
2026-03-13 21:38:55,118 - DEBUG - Using fontManager instance from /home/cchen/.cache/matplotlib/fontlist-v390.json
2026-03-13 21:38:55,143 - DEBUG - CACHEDIR=/home/cchen/.cache/matplotlib
2026-03-13 21:38:55,145 - DEBUG - Using fontManager instance from /home/cchen/.cache/matplotlib/fontlist-v390.json
2026-03-13 21:38:55,149 - DEBUG - CACHEDIR=/home/cchen/.cache/matplotlib
2026-03-13 21:38:55,151 - DEBUG - Using fontManager instance from /home/cchen/.cache/matplotlib/fontlist-v390.json
2026-03-13 21:38:55,169 - DEBUG - CACHEDIR=/home/cchen/.cache/matplotlib
2026-03-13 21:38:55,171 - DEBUG - Using fontManager instance from /home/cchen/.cache/matplotlib/fontlist-v390.json
2026-03-13 21:54:25,374 - DEBUG - starting thread (client mode): 0xa74a4550
2026-03-13 21:54:25,374 - DEBUG - Local version/idstring: SSH-2.0-paramiko_3.5.0
2026-03-13 21:54:25,381 - DEBUG - Remote version/idstring: SSH-2.0-OpenSSH_8.7
2026-03-13 21:54:25,381 - INFO - Connected (version 2.0, client OpenSSH_8.7)
2026-03-13 21:54:25,383 - DEBUG - === Key exchange possibilities ===
2026-03-13 21:54:25,384 - DEBUG - kex algos: curve25519-sha256, curve25519-sha256@libssh.org, ecdh-sha2-nistp256, ecdh-sha2-nistp384, ecdh-sha2-nistp521, diffie-hellman-group-exchange-sha256, diffie-hellman-group14-sha256, diffie-hellman-group16-sha512, diffie-hellman-group18-sha512, kex-strict-s-v00@openssh.com
2026-03-13 21:54:25,384 - DEBUG - server key: rsa-sha2-512, rsa-sha2-256, ecdsa-sha2-nistp256, ssh-ed25519
2026-03-13 21:54:25,384 - DEBUG - client encrypt: aes256-gcm@openssh.com, chacha20-poly1305@openssh.com, aes256-ctr, aes128-gcm@openssh.com, aes128-ctr
2026-03-13 21:54:25,384 - DEBUG - server encrypt: aes256-gcm@openssh.com, chacha20-poly1305@openssh.com, aes256-ctr, aes128-gcm@openssh.com, aes128-ctr
2026-03-13 21:54:25,384 - DEBUG - client mac: hmac-sha2-256-etm@openssh.com, hmac-sha1-etm@openssh.com, umac-128-etm@openssh.com, hmac-sha2-512-etm@openssh.com, hmac-sha2-256, hmac-sha1, umac-128@openssh.com, hmac-sha2-512
2026-03-13 21:54:25,384 - DEBUG - server mac: hmac-sha2-256-etm@openssh.com, hmac-sha1-etm@openssh.com, umac-128-etm@openssh.com, hmac-sha2-512-etm@openssh.com, hmac-sha2-256, hmac-sha1, umac-128@openssh.com, hmac-sha2-512
2026-03-13 21:54:25,384 - DEBUG - client compress: none, zlib@openssh.com
2026-03-13 21:54:25,384 - DEBUG - server compress: none, zlib@openssh.com
2026-03-13 21:54:25,384 - DEBUG - client lang: <none>
2026-03-13 21:54:25,384 - DEBUG - server lang: <none>
2026-03-13 21:54:25,384 - DEBUG - kex follows: False
2026-03-13 21:54:25,384 - DEBUG - === Key exchange agreements ===
2026-03-13 21:54:25,384 - DEBUG - Strict kex mode: True
2026-03-13 21:54:25,384 - DEBUG - Kex: curve25519-sha256@libssh.org
2026-03-13 21:54:25,384 - DEBUG - HostKey: ssh-ed25519
2026-03-13 21:54:25,384 - DEBUG - Cipher: aes128-ctr
2026-03-13 21:54:25,385 - DEBUG - MAC: hmac-sha2-256
2026-03-13 21:54:25,385 - DEBUG - Compression: none
2026-03-13 21:54:25,385 - DEBUG - === End of kex handshake ===
2026-03-13 21:54:25,393 - DEBUG - Resetting outbound seqno after NEWKEYS due to strict mode
2026-03-13 21:54:25,394 - DEBUG - kex engine KexCurve25519 specified hash_algo <built-in function openssl_sha256>
2026-03-13 21:54:25,394 - DEBUG - Switch to new keys ...
2026-03-13 21:54:25,395 - DEBUG - Resetting inbound seqno after NEWKEYS due to strict mode
2026-03-13 21:54:25,395 - DEBUG - Got EXT_INFO: {'server-sig-algs': b'ssh-ed25519,sk-ssh-ed25519@openssh.com,ssh-rsa,rsa-sha2-256,rsa-sha2-512,ssh-dss,ecdsa-sha2-nistp256,ecdsa-sha2-nistp384,ecdsa-sha2-nistp521,sk-ecdsa-sha2-nistp256@openssh.com,webauthn-sk-ecdsa-sha2-nistp256@openssh.com'}
2026-03-13 21:54:25,395 - DEBUG - Adding ssh-ed25519 host key for 172.21.41.44: b'070b1880299f71edb2fc0b24bfd33206'
2026-03-13 21:54:25,396 - DEBUG - Trying discovered key b'7bcbeaae822b57945e046d6e83cb64da' in /home/cchen/.ssh/id_ed25519
2026-03-13 21:54:25,434 - DEBUG - userauth is OK
2026-03-13 21:54:25,462 - INFO - Authentication (publickey) failed.
2026-03-13 21:54:25,463 - DEBUG - userauth is OK
2026-03-13 21:54:25,571 - INFO - Authentication (password) successful!
2026-03-13 21:54:25,572 - DEBUG - [chan 0] Max packet in: 32768 bytes
2026-03-13 21:54:25,602 - DEBUG - Received global request "hostkeys-00@openssh.com"
2026-03-13 21:54:25,602 - DEBUG - Rejecting "hostkeys-00@openssh.com" global request from server.
2026-03-13 21:54:25,641 - DEBUG - [chan 0] Max packet out: 32768 bytes
2026-03-13 21:54:25,641 - DEBUG - Secsh channel 0 opened.
2026-03-13 21:54:25,644 - DEBUG - [chan 0] Sesch channel 0 request ok
2026-03-13 21:54:26,452 - INFO - [chan 0] Opened sftp connection (server version 3)
2026-03-13 21:54:26,454 - DEBUG - [chan 0] mkdir(b'/home/materdesign/cc/CuY/test/iter0', 511)
2026-03-13 21:54:26,455 - DEBUG - [chan 0] mkdir(b'/home/materdesign/cc/CuY/test/iter0/sp', 511)
2026-03-14 13:42:22,481 - DEBUG - Creating converter from 7 to 5
2026-03-14 13:42:22,481 - DEBUG - Creating converter from 5 to 7
2026-03-14 13:42:22,481 - DEBUG - Creating converter from 7 to 5
2026-03-14 13:42:22,481 - DEBUG - Creating converter from 5 to 7
2026-03-14 13:42:22,584 - DEBUG - CACHEDIR=/home/cchen/.cache/matplotlib
2026-03-14 13:42:22,586 - DEBUG - Using fontManager instance from /home/cchen/.cache/matplotlib/fontlist-v390.json
2026-03-14 13:42:27,341 - DEBUG - Creating converter from 7 to 5
2026-03-14 13:42:27,341 - DEBUG - Creating converter from 5 to 7
2026-03-14 13:42:27,341 - DEBUG - Creating converter from 7 to 5
2026-03-14 13:42:27,341 - DEBUG - Creating converter from 5 to 7
2026-03-14 13:42:27,354 - DEBUG - Creating converter from 7 to 5
2026-03-14 13:42:27,354 - DEBUG - Creating converter from 5 to 7
2026-03-14 13:42:27,354 - DEBUG - Creating converter from 7 to 5
2026-03-14 13:42:27,354 - DEBUG - Creating converter from 5 to 7
2026-03-14 13:42:27,368 - DEBUG - Creating converter from 7 to 5
2026-03-14 13:42:27,368 - DEBUG - Creating converter from 5 to 7
2026-03-14 13:42:27,368 - DEBUG - Creating converter from 7 to 5
2026-03-14 13:42:27,368 - DEBUG - Creating converter from 5 to 7
2026-03-14 13:42:27,379 - DEBUG - Creating converter from 7 to 5
2026-03-14 13:42:27,379 - DEBUG - Creating converter from 5 to 7
2026-03-14 13:42:27,379 - DEBUG - Creating converter from 7 to 5
2026-03-14 13:42:27,379 - DEBUG - Creating converter from 5 to 7
2026-03-14 13:42:27,384 - DEBUG - Creating converter from 7 to 5
2026-03-14 13:42:27,384 - DEBUG - Creating converter from 5 to 7
2026-03-14 13:42:27,384 - DEBUG - Creating converter from 7 to 5
2026-03-14 13:42:27,384 - DEBUG - Creating converter from 5 to 7
2026-03-14 13:42:27,409 - DEBUG - Creating converter from 7 to 5
2026-03-14 13:42:27,410 - DEBUG - Creating converter from 5 to 7
2026-03-14 13:42:27,410 - DEBUG - Creating converter from 7 to 5
2026-03-14 13:42:27,410 - DEBUG - Creating converter from 5 to 7
2026-03-14 13:42:27,422 - DEBUG - Creating converter from 7 to 5
2026-03-14 13:42:27,422 - DEBUG - Creating converter from 5 to 7
2026-03-14 13:42:27,422 - DEBUG - Creating converter from 7 to 5
2026-03-14 13:42:27,422 - DEBUG - Creating converter from 5 to 7
2026-03-14 13:42:27,443 - DEBUG - CACHEDIR=/home/cchen/.cache/matplotlib
2026-03-14 13:42:27,445 - DEBUG - Using fontManager instance from /home/cchen/.cache/matplotlib/fontlist-v390.json
2026-03-14 13:42:27,451 - DEBUG - Creating converter from 7 to 5
2026-03-14 13:42:27,451 - DEBUG - Creating converter from 5 to 7
2026-03-14 13:42:27,451 - DEBUG - Creating converter from 7 to 5
2026-03-14 13:42:27,451 - DEBUG - Creating converter from 5 to 7
2026-03-14 13:42:27,459 - DEBUG - Creating converter from 7 to 5
2026-03-14 13:42:27,459 - DEBUG - Creating converter from 5 to 7
2026-03-14 13:42:27,459 - DEBUG - Creating converter from 7 to 5
2026-03-14 13:42:27,459 - DEBUG - Creating converter from 5 to 7
2026-03-14 13:42:27,460 - DEBUG - CACHEDIR=/home/cchen/.cache/matplotlib
2026-03-14 13:42:27,462 - DEBUG - Using fontManager instance from /home/cchen/.cache/matplotlib/fontlist-v390.json
2026-03-14 13:42:27,466 - DEBUG - Creating converter from 7 to 5
2026-03-14 13:42:27,466 - DEBUG - Creating converter from 5 to 7
2026-03-14 13:42:27,466 - DEBUG - Creating converter from 7 to 5
2026-03-14 13:42:27,466 - DEBUG - Creating converter from 5 to 7
2026-03-14 13:42:27,471 - DEBUG - CACHEDIR=/home/cchen/.cache/matplotlib
2026-03-14 13:42:27,473 - DEBUG - Using fontManager instance from /home/cchen/.cache/matplotlib/fontlist-v390.json
2026-03-14 13:42:27,482 - DEBUG - CACHEDIR=/home/cchen/.cache/matplotlib
2026-03-14 13:42:27,484 - DEBUG - Using fontManager instance from /home/cchen/.cache/matplotlib/fontlist-v390.json
2026-03-14 13:42:27,491 - DEBUG - CACHEDIR=/home/cchen/.cache/matplotlib
2026-03-14 13:42:27,494 - DEBUG - Using fontManager instance from /home/cchen/.cache/matplotlib/fontlist-v390.json
2026-03-14 13:42:27,497 - DEBUG - Creating converter from 7 to 5
2026-03-14 13:42:27,498 - DEBUG - Creating converter from 5 to 7
2026-03-14 13:42:27,498 - DEBUG - Creating converter from 7 to 5
2026-03-14 13:42:27,498 - DEBUG - Creating converter from 5 to 7
2026-03-14 13:42:27,507 - DEBUG - Creating converter from 7 to 5
2026-03-14 13:42:27,508 - DEBUG - Creating converter from 5 to 7
2026-03-14 13:42:27,508 - DEBUG - Creating converter from 7 to 5
2026-03-14 13:42:27,508 - DEBUG - Creating converter from 5 to 7
2026-03-14 13:42:27,527 - DEBUG - CACHEDIR=/home/cchen/.cache/matplotlib
2026-03-14 13:42:27,529 - DEBUG - Using fontManager instance from /home/cchen/.cache/matplotlib/fontlist-v390.json
2026-03-14 13:42:27,555 - DEBUG - CACHEDIR=/home/cchen/.cache/matplotlib
2026-03-14 13:42:27,556 - DEBUG - CACHEDIR=/home/cchen/.cache/matplotlib
2026-03-14 13:42:27,557 - DEBUG - Using fontManager instance from /home/cchen/.cache/matplotlib/fontlist-v390.json
2026-03-14 13:42:27,558 - DEBUG - Using fontManager instance from /home/cchen/.cache/matplotlib/fontlist-v390.json
2026-03-14 13:42:27,564 - DEBUG - CACHEDIR=/home/cchen/.cache/matplotlib
2026-03-14 13:42:27,566 - DEBUG - Using fontManager instance from /home/cchen/.cache/matplotlib/fontlist-v390.json
2026-03-14 13:42:27,575 - DEBUG - CACHEDIR=/home/cchen/.cache/matplotlib
2026-03-14 13:42:27,578 - DEBUG - Using fontManager instance from /home/cchen/.cache/matplotlib/fontlist-v390.json
2026-03-14 13:42:27,604 - DEBUG - CACHEDIR=/home/cchen/.cache/matplotlib
2026-03-14 13:42:27,607 - DEBUG - Using fontManager instance from /home/cchen/.cache/matplotlib/fontlist-v390.json
2026-03-14 13:42:27,617 - DEBUG - CACHEDIR=/home/cchen/.cache/matplotlib
2026-03-14 13:42:27,619 - DEBUG - Using fontManager instance from /home/cchen/.cache/matplotlib/fontlist-v390.json
2026-03-14 13:57:58,621 - DEBUG - starting thread (client mode): 0x37ed7e50
2026-03-14 13:57:58,621 - DEBUG - Local version/idstring: SSH-2.0-paramiko_3.5.0
2026-03-14 13:57:58,628 - DEBUG - Remote version/idstring: SSH-2.0-OpenSSH_8.7
2026-03-14 13:57:58,628 - INFO - Connected (version 2.0, client OpenSSH_8.7)
2026-03-14 13:57:58,630 - DEBUG - === Key exchange possibilities ===
2026-03-14 13:57:58,630 - DEBUG - kex algos: curve25519-sha256, curve25519-sha256@libssh.org, ecdh-sha2-nistp256, ecdh-sha2-nistp384, ecdh-sha2-nistp521, diffie-hellman-group-exchange-sha256, diffie-hellman-group14-sha256, diffie-hellman-group16-sha512, diffie-hellman-group18-sha512, kex-strict-s-v00@openssh.com
2026-03-14 13:57:58,630 - DEBUG - server key: rsa-sha2-512, rsa-sha2-256, ecdsa-sha2-nistp256, ssh-ed25519
2026-03-14 13:57:58,630 - DEBUG - client encrypt: aes256-gcm@openssh.com, chacha20-poly1305@openssh.com, aes256-ctr, aes128-gcm@openssh.com, aes128-ctr
2026-03-14 13:57:58,630 - DEBUG - server encrypt: aes256-gcm@openssh.com, chacha20-poly1305@openssh.com, aes256-ctr, aes128-gcm@openssh.com, aes128-ctr
2026-03-14 13:57:58,631 - DEBUG - client mac: hmac-sha2-256-etm@openssh.com, hmac-sha1-etm@openssh.com, umac-128-etm@openssh.com, hmac-sha2-512-etm@openssh.com, hmac-sha2-256, hmac-sha1, umac-128@openssh.com, hmac-sha2-512
2026-03-14 13:57:58,631 - DEBUG - server mac: hmac-sha2-256-etm@openssh.com, hmac-sha1-etm@openssh.com, umac-128-etm@openssh.com, hmac-sha2-512-etm@openssh.com, hmac-sha2-256, hmac-sha1, umac-128@openssh.com, hmac-sha2-512
2026-03-14 13:57:58,631 - DEBUG - client compress: none, zlib@openssh.com
2026-03-14 13:57:58,631 - DEBUG - server compress: none, zlib@openssh.com
2026-03-14 13:57:58,631 - DEBUG - client lang: <none>
2026-03-14 13:57:58,631 - DEBUG - server lang: <none>
2026-03-14 13:57:58,631 - DEBUG - kex follows: False
2026-03-14 13:57:58,631 - DEBUG - === Key exchange agreements ===
2026-03-14 13:57:58,631 - DEBUG - Strict kex mode: True
2026-03-14 13:57:58,631 - DEBUG - Kex: curve25519-sha256@libssh.org
2026-03-14 13:57:58,631 - DEBUG - HostKey: ssh-ed25519
2026-03-14 13:57:58,631 - DEBUG - Cipher: aes128-ctr
2026-03-14 13:57:58,632 - DEBUG - MAC: hmac-sha2-256
2026-03-14 13:57:58,632 - DEBUG - Compression: none
2026-03-14 13:57:58,632 - DEBUG - === End of kex handshake ===
2026-03-14 13:57:58,644 - DEBUG - Resetting outbound seqno after NEWKEYS due to strict mode
2026-03-14 13:57:58,644 - DEBUG - kex engine KexCurve25519 specified hash_algo <built-in function openssl_sha256>
2026-03-14 13:57:58,645 - DEBUG - Switch to new keys ...
2026-03-14 13:57:58,645 - DEBUG - Resetting inbound seqno after NEWKEYS due to strict mode
2026-03-14 13:57:58,646 - DEBUG - Adding ssh-ed25519 host key for 172.21.41.44: b'070b1880299f71edb2fc0b24bfd33206'
2026-03-14 13:57:58,646 - DEBUG - Got EXT_INFO: {'server-sig-algs': b'ssh-ed25519,sk-ssh-ed25519@openssh.com,ssh-rsa,rsa-sha2-256,rsa-sha2-512,ssh-dss,ecdsa-sha2-nistp256,ecdsa-sha2-nistp384,ecdsa-sha2-nistp521,sk-ecdsa-sha2-nistp256@openssh.com,webauthn-sk-ecdsa-sha2-nistp256@openssh.com'}
2026-03-14 13:57:58,647 - DEBUG - Trying discovered key b'7bcbeaae822b57945e046d6e83cb64da' in /home/cchen/.ssh/id_ed25519
2026-03-14 13:57:58,685 - DEBUG - userauth is OK
2026-03-14 13:57:58,692 - INFO - Authentication (publickey) failed.
2026-03-14 13:57:58,693 - DEBUG - userauth is OK
2026-03-14 13:57:58,802 - INFO - Authentication (password) successful!
2026-03-14 13:57:58,803 - DEBUG - [chan 0] Max packet in: 32768 bytes
2026-03-14 13:57:58,840 - DEBUG - Received global request "hostkeys-00@openssh.com"
2026-03-14 13:57:58,840 - DEBUG - Rejecting "hostkeys-00@openssh.com" global request from server.
2026-03-14 13:57:58,879 - DEBUG - [chan 0] Max packet out: 32768 bytes
2026-03-14 13:57:58,880 - DEBUG - Secsh channel 0 opened.
2026-03-14 13:57:58,882 - DEBUG - [chan 0] Sesch channel 0 request ok
2026-03-14 13:57:59,696 - INFO - [chan 0] Opened sftp connection (server version 3)
2026-03-14 13:57:59,698 - DEBUG - [chan 0] mkdir(b'/home/materdesign/cc/CuY/test/iter0', 511)
2026-03-14 13:57:59,700 - DEBUG - [chan 0] mkdir(b'/home/materdesign/cc/CuY/test/iter0/sp', 511)
2026-03-14 14:01:39,707 - DEBUG - Creating converter from 7 to 5
2026-03-14 14:01:39,707 - DEBUG - Creating converter from 5 to 7
2026-03-14 14:01:39,707 - DEBUG - Creating converter from 7 to 5
2026-03-14 14:01:39,707 - DEBUG - Creating converter from 5 to 7
2026-03-14 14:01:39,807 - DEBUG - CACHEDIR=/home/cchen/.cache/matplotlib
2026-03-14 14:01:39,809 - DEBUG - Using fontManager instance from /home/cchen/.cache/matplotlib/fontlist-v390.json
2026-03-14 14:01:44,459 - DEBUG - Creating converter from 7 to 5
2026-03-14 14:01:44,459 - DEBUG - Creating converter from 5 to 7
2026-03-14 14:01:44,459 - DEBUG - Creating converter from 7 to 5
2026-03-14 14:01:44,459 - DEBUG - Creating converter from 5 to 7
2026-03-14 14:01:44,491 - DEBUG - Creating converter from 7 to 5
2026-03-14 14:01:44,491 - DEBUG - Creating converter from 5 to 7
2026-03-14 14:01:44,491 - DEBUG - Creating converter from 7 to 5
2026-03-14 14:01:44,491 - DEBUG - Creating converter from 5 to 7
2026-03-14 14:01:44,493 - DEBUG - Creating converter from 7 to 5
2026-03-14 14:01:44,493 - DEBUG - Creating converter from 5 to 7
2026-03-14 14:01:44,493 - DEBUG - Creating converter from 7 to 5
2026-03-14 14:01:44,493 - DEBUG - Creating converter from 5 to 7
2026-03-14 14:01:44,531 - DEBUG - Creating converter from 7 to 5
2026-03-14 14:01:44,531 - DEBUG - Creating converter from 5 to 7
2026-03-14 14:01:44,531 - DEBUG - Creating converter from 7 to 5
2026-03-14 14:01:44,531 - DEBUG - Creating converter from 5 to 7
2026-03-14 14:01:44,532 - DEBUG - Creating converter from 7 to 5
2026-03-14 14:01:44,532 - DEBUG - Creating converter from 5 to 7
2026-03-14 14:01:44,532 - DEBUG - Creating converter from 7 to 5
2026-03-14 14:01:44,532 - DEBUG - Creating converter from 5 to 7
2026-03-14 14:01:44,540 - DEBUG - Creating converter from 7 to 5
2026-03-14 14:01:44,540 - DEBUG - Creating converter from 7 to 5
2026-03-14 14:01:44,541 - DEBUG - Creating converter from 5 to 7
2026-03-14 14:01:44,541 - DEBUG - Creating converter from 5 to 7
2026-03-14 14:01:44,541 - DEBUG - Creating converter from 7 to 5
2026-03-14 14:01:44,541 - DEBUG - Creating converter from 7 to 5
2026-03-14 14:01:44,541 - DEBUG - Creating converter from 5 to 7
2026-03-14 14:01:44,541 - DEBUG - Creating converter from 5 to 7
2026-03-14 14:01:44,572 - DEBUG - CACHEDIR=/home/cchen/.cache/matplotlib
2026-03-14 14:01:44,574 - DEBUG - Creating converter from 7 to 5
2026-03-14 14:01:44,574 - DEBUG - Creating converter from 5 to 7
2026-03-14 14:01:44,574 - DEBUG - Creating converter from 7 to 5
2026-03-14 14:01:44,574 - DEBUG - Creating converter from 5 to 7
2026-03-14 14:01:44,574 - DEBUG - Using fontManager instance from /home/cchen/.cache/matplotlib/fontlist-v390.json
2026-03-14 14:01:44,585 - DEBUG - Creating converter from 7 to 5
2026-03-14 14:01:44,585 - DEBUG - Creating converter from 5 to 7
2026-03-14 14:01:44,585 - DEBUG - Creating converter from 7 to 5
2026-03-14 14:01:44,585 - DEBUG - Creating converter from 5 to 7
2026-03-14 14:01:44,597 - DEBUG - CACHEDIR=/home/cchen/.cache/matplotlib
2026-03-14 14:01:44,599 - DEBUG - Using fontManager instance from /home/cchen/.cache/matplotlib/fontlist-v390.json
2026-03-14 14:01:44,599 - DEBUG - Creating converter from 7 to 5
2026-03-14 14:01:44,599 - DEBUG - Creating converter from 5 to 7
2026-03-14 14:01:44,599 - DEBUG - Creating converter from 7 to 5
2026-03-14 14:01:44,599 - DEBUG - Creating converter from 5 to 7
2026-03-14 14:01:44,606 - DEBUG - Creating converter from 7 to 5
2026-03-14 14:01:44,606 - DEBUG - Creating converter from 5 to 7
2026-03-14 14:01:44,606 - DEBUG - Creating converter from 7 to 5
2026-03-14 14:01:44,606 - DEBUG - Creating converter from 5 to 7
2026-03-14 14:01:44,617 - DEBUG - Creating converter from 7 to 5
2026-03-14 14:01:44,617 - DEBUG - Creating converter from 5 to 7
2026-03-14 14:01:44,617 - DEBUG - Creating converter from 7 to 5
2026-03-14 14:01:44,617 - DEBUG - Creating converter from 5 to 7
2026-03-14 14:01:44,631 - DEBUG - CACHEDIR=/home/cchen/.cache/matplotlib
2026-03-14 14:01:44,634 - DEBUG - Using fontManager instance from /home/cchen/.cache/matplotlib/fontlist-v390.json
2026-03-14 14:01:44,635 - DEBUG - CACHEDIR=/home/cchen/.cache/matplotlib
2026-03-14 14:01:44,637 - DEBUG - Using fontManager instance from /home/cchen/.cache/matplotlib/fontlist-v390.json
2026-03-14 14:01:44,645 - DEBUG - CACHEDIR=/home/cchen/.cache/matplotlib
2026-03-14 14:01:44,645 - DEBUG - CACHEDIR=/home/cchen/.cache/matplotlib
2026-03-14 14:01:44,647 - DEBUG - Using fontManager instance from /home/cchen/.cache/matplotlib/fontlist-v390.json
2026-03-14 14:01:44,647 - DEBUG - Using fontManager instance from /home/cchen/.cache/matplotlib/fontlist-v390.json
2026-03-14 14:01:44,672 - DEBUG - CACHEDIR=/home/cchen/.cache/matplotlib
2026-03-14 14:01:44,675 - DEBUG - Using fontManager instance from /home/cchen/.cache/matplotlib/fontlist-v390.json
2026-03-14 14:01:44,690 - DEBUG - CACHEDIR=/home/cchen/.cache/matplotlib
2026-03-14 14:01:44,692 - DEBUG - Using fontManager instance from /home/cchen/.cache/matplotlib/fontlist-v390.json
2026-03-14 14:01:44,695 - DEBUG - CACHEDIR=/home/cchen/.cache/matplotlib
2026-03-14 14:01:44,697 - DEBUG - Using fontManager instance from /home/cchen/.cache/matplotlib/fontlist-v390.json
2026-03-14 14:01:44,708 - DEBUG - CACHEDIR=/home/cchen/.cache/matplotlib
2026-03-14 14:01:44,710 - DEBUG - CACHEDIR=/home/cchen/.cache/matplotlib
2026-03-14 14:01:44,710 - DEBUG - Using fontManager instance from /home/cchen/.cache/matplotlib/fontlist-v390.json
2026-03-14 14:01:44,712 - DEBUG - Using fontManager instance from /home/cchen/.cache/matplotlib/fontlist-v390.json
2026-03-14 14:01:44,757 - DEBUG - CACHEDIR=/home/cchen/.cache/matplotlib
2026-03-14 14:01:44,759 - DEBUG - Using fontManager instance from /home/cchen/.cache/matplotlib/fontlist-v390.json
2026-03-14 14:17:09,126 - DEBUG - starting thread (client mode): 0xf3bf8f10
2026-03-14 14:17:09,127 - DEBUG - Local version/idstring: SSH-2.0-paramiko_3.5.0
2026-03-14 14:17:09,135 - DEBUG - Remote version/idstring: SSH-2.0-OpenSSH_8.7
2026-03-14 14:17:09,135 - INFO - Connected (version 2.0, client OpenSSH_8.7)
2026-03-14 14:17:09,137 - DEBUG - === Key exchange possibilities ===
2026-03-14 14:17:09,137 - DEBUG - kex algos: curve25519-sha256, curve25519-sha256@libssh.org, ecdh-sha2-nistp256, ecdh-sha2-nistp384, ecdh-sha2-nistp521, diffie-hellman-group-exchange-sha256, diffie-hellman-group14-sha256, diffie-hellman-group16-sha512, diffie-hellman-group18-sha512, kex-strict-s-v00@openssh.com
2026-03-14 14:17:09,137 - DEBUG - server key: rsa-sha2-512, rsa-sha2-256, ecdsa-sha2-nistp256, ssh-ed25519
2026-03-14 14:17:09,138 - DEBUG - client encrypt: aes256-gcm@openssh.com, chacha20-poly1305@openssh.com, aes256-ctr, aes128-gcm@openssh.com, aes128-ctr
2026-03-14 14:17:09,138 - DEBUG - server encrypt: aes256-gcm@openssh.com, chacha20-poly1305@openssh.com, aes256-ctr, aes128-gcm@openssh.com, aes128-ctr
2026-03-14 14:17:09,138 - DEBUG - client mac: hmac-sha2-256-etm@openssh.com, hmac-sha1-etm@openssh.com, umac-128-etm@openssh.com, hmac-sha2-512-etm@openssh.com, hmac-sha2-256, hmac-sha1, umac-128@openssh.com, hmac-sha2-512
2026-03-14 14:17:09,138 - DEBUG - server mac: hmac-sha2-256-etm@openssh.com, hmac-sha1-etm@openssh.com, umac-128-etm@openssh.com, hmac-sha2-512-etm@openssh.com, hmac-sha2-256, hmac-sha1, umac-128@openssh.com, hmac-sha2-512
2026-03-14 14:17:09,138 - DEBUG - client compress: none, zlib@openssh.com
2026-03-14 14:17:09,138 - DEBUG - server compress: none, zlib@openssh.com
2026-03-14 14:17:09,138 - DEBUG - client lang: <none>
2026-03-14 14:17:09,138 - DEBUG - server lang: <none>
2026-03-14 14:17:09,138 - DEBUG - kex follows: False
2026-03-14 14:17:09,138 - DEBUG - === Key exchange agreements ===
2026-03-14 14:17:09,138 - DEBUG - Strict kex mode: True
2026-03-14 14:17:09,138 - DEBUG - Kex: curve25519-sha256@libssh.org
2026-03-14 14:17:09,139 - DEBUG - HostKey: ssh-ed25519
2026-03-14 14:17:09,139 - DEBUG - Cipher: aes128-ctr
2026-03-14 14:17:09,139 - DEBUG - MAC: hmac-sha2-256
2026-03-14 14:17:09,139 - DEBUG - Compression: none
2026-03-14 14:17:09,139 - DEBUG - === End of kex handshake ===
2026-03-14 14:17:09,148 - DEBUG - Resetting outbound seqno after NEWKEYS due to strict mode
2026-03-14 14:17:09,148 - DEBUG - kex engine KexCurve25519 specified hash_algo <built-in function openssl_sha256>
2026-03-14 14:17:09,150 - DEBUG - Switch to new keys ...
2026-03-14 14:17:09,150 - DEBUG - Resetting inbound seqno after NEWKEYS due to strict mode
2026-03-14 14:17:09,151 - DEBUG - Adding ssh-ed25519 host key for 172.21.41.44: b'070b1880299f71edb2fc0b24bfd33206'
2026-03-14 14:17:09,151 - DEBUG - Got EXT_INFO: {'server-sig-algs': b'ssh-ed25519,sk-ssh-ed25519@openssh.com,ssh-rsa,rsa-sha2-256,rsa-sha2-512,ssh-dss,ecdsa-sha2-nistp256,ecdsa-sha2-nistp384,ecdsa-sha2-nistp521,sk-ecdsa-sha2-nistp256@openssh.com,webauthn-sk-ecdsa-sha2-nistp256@openssh.com'}
2026-03-14 14:17:09,152 - DEBUG - Trying discovered key b'7bcbeaae822b57945e046d6e83cb64da' in /home/cchen/.ssh/id_ed25519
2026-03-14 14:17:09,189 - DEBUG - userauth is OK
2026-03-14 14:17:09,197 - INFO - Authentication (publickey) failed.
2026-03-14 14:17:09,198 - DEBUG - userauth is OK
2026-03-14 14:17:09,307 - INFO - Authentication (password) successful!
2026-03-14 14:17:09,308 - DEBUG - [chan 0] Max packet in: 32768 bytes
2026-03-14 14:17:09,334 - DEBUG - Received global request "hostkeys-00@openssh.com"
2026-03-14 14:17:09,334 - DEBUG - Rejecting "hostkeys-00@openssh.com" global request from server.
2026-03-14 14:17:09,374 - DEBUG - [chan 0] Max packet out: 32768 bytes
2026-03-14 14:17:09,375 - DEBUG - Secsh channel 0 opened.
2026-03-14 14:17:09,377 - DEBUG - [chan 0] Sesch channel 0 request ok
2026-03-14 14:17:10,192 - INFO - [chan 0] Opened sftp connection (server version 3)
2026-03-14 14:17:10,193 - DEBUG - [chan 0] mkdir(b'/home/materdesign/cc/CuY/test/iter0', 511)
2026-03-14 14:17:10,193 - DEBUG - [chan 0] mkdir(b'/home/materdesign/cc/CuY/test/iter0/sp', 511)
2026-03-14 14:17:10,195 - DEBUG - [chan 0] open(b'/home/materdesign/cc/CuY/test/iter0/sp/alls.db', 'wb')
2026-03-14 14:17:10,196 - DEBUG - [chan 0] open(b'/home/materdesign/cc/CuY/test/iter0/sp/alls.db', 'wb') -> 00000000
2026-03-14 14:17:10,301 - DEBUG - [chan 0] close(00000000)
2026-03-14 14:17:10,326 - DEBUG - [chan 0] stat(b'/home/materdesign/cc/CuY/test/iter0/sp/alls.db')
2026-03-14 14:17:10,327 - DEBUG - [chan 0] open(b'/home/materdesign/cc/CuY/test/iter0/sp/config_sp.yml', 'wb')
2026-03-14 14:17:10,328 - DEBUG - [chan 0] open(b'/home/materdesign/cc/CuY/test/iter0/sp/config_sp.yml', 'wb') -> 00000000
2026-03-14 14:17:10,328 - DEBUG - [chan 0] close(00000000)
2026-03-14 14:17:10,329 - DEBUG - [chan 0] stat(b'/home/materdesign/cc/CuY/test/iter0/sp/config_sp.yml')
2026-03-14 14:17:10,329 - INFO - [chan 0] sftp session closed.
2026-03-14 14:17:10,329 - DEBUG - [chan 0] EOF sent (0)
2026-03-14 14:17:10,330 - DEBUG - EOF in transport thread
2026-03-14 14:19:20,629 - DEBUG - starting thread (client mode): 0xf2500e10
2026-03-14 14:19:20,630 - DEBUG - Local version/idstring: SSH-2.0-paramiko_3.5.0
2026-03-14 14:19:20,638 - DEBUG - Remote version/idstring: SSH-2.0-OpenSSH_8.7
2026-03-14 14:19:20,638 - INFO - Connected (version 2.0, client OpenSSH_8.7)
2026-03-14 14:19:20,640 - DEBUG - === Key exchange possibilities ===
2026-03-14 14:19:20,640 - DEBUG - kex algos: curve25519-sha256, curve25519-sha256@libssh.org, ecdh-sha2-nistp256, ecdh-sha2-nistp384, ecdh-sha2-nistp521, diffie-hellman-group-exchange-sha256, diffie-hellman-group14-sha256, diffie-hellman-group16-sha512, diffie-hellman-group18-sha512, kex-strict-s-v00@openssh.com
2026-03-14 14:19:20,640 - DEBUG - server key: rsa-sha2-512, rsa-sha2-256, ecdsa-sha2-nistp256, ssh-ed25519
2026-03-14 14:19:20,640 - DEBUG - client encrypt: aes256-gcm@openssh.com, chacha20-poly1305@openssh.com, aes256-ctr, aes128-gcm@openssh.com, aes128-ctr
2026-03-14 14:19:20,640 - DEBUG - server encrypt: aes256-gcm@openssh.com, chacha20-poly1305@openssh.com, aes256-ctr, aes128-gcm@openssh.com, aes128-ctr
2026-03-14 14:19:20,640 - DEBUG - client mac: hmac-sha2-256-etm@openssh.com, hmac-sha1-etm@openssh.com, umac-128-etm@openssh.com, hmac-sha2-512-etm@openssh.com, hmac-sha2-256, hmac-sha1, umac-128@openssh.com, hmac-sha2-512
2026-03-14 14:19:20,640 - DEBUG - server mac: hmac-sha2-256-etm@openssh.com, hmac-sha1-etm@openssh.com, umac-128-etm@openssh.com, hmac-sha2-512-etm@openssh.com, hmac-sha2-256, hmac-sha1, umac-128@openssh.com, hmac-sha2-512
2026-03-14 14:19:20,640 - DEBUG - client compress: none, zlib@openssh.com
2026-03-14 14:19:20,640 - DEBUG - server compress: none, zlib@openssh.com
2026-03-14 14:19:20,640 - DEBUG - client lang: <none>
2026-03-14 14:19:20,640 - DEBUG - server lang: <none>
2026-03-14 14:19:20,640 - DEBUG - kex follows: False
2026-03-14 14:19:20,640 - DEBUG - === Key exchange agreements ===
2026-03-14 14:19:20,640 - DEBUG - Strict kex mode: True
2026-03-14 14:19:20,641 - DEBUG - Kex: curve25519-sha256@libssh.org
2026-03-14 14:19:20,641 - DEBUG - HostKey: ssh-ed25519
2026-03-14 14:19:20,641 - DEBUG - Cipher: aes128-ctr
2026-03-14 14:19:20,641 - DEBUG - MAC: hmac-sha2-256
2026-03-14 14:19:20,641 - DEBUG - Compression: none
2026-03-14 14:19:20,641 - DEBUG - === End of kex handshake ===
2026-03-14 14:19:20,649 - DEBUG - Resetting outbound seqno after NEWKEYS due to strict mode
2026-03-14 14:19:20,649 - DEBUG - kex engine KexCurve25519 specified hash_algo <built-in function openssl_sha256>
2026-03-14 14:19:20,650 - DEBUG - Switch to new keys ...
2026-03-14 14:19:20,650 - DEBUG - Resetting inbound seqno after NEWKEYS due to strict mode
2026-03-14 14:19:20,650 - DEBUG - Adding ssh-ed25519 host key for 172.21.41.44: b'070b1880299f71edb2fc0b24bfd33206'
2026-03-14 14:19:20,651 - DEBUG - Got EXT_INFO: {'server-sig-algs': b'ssh-ed25519,sk-ssh-ed25519@openssh.com,ssh-rsa,rsa-sha2-256,rsa-sha2-512,ssh-dss,ecdsa-sha2-nistp256,ecdsa-sha2-nistp384,ecdsa-sha2-nistp521,sk-ecdsa-sha2-nistp256@openssh.com,webauthn-sk-ecdsa-sha2-nistp256@openssh.com'}
2026-03-14 14:19:20,652 - DEBUG - Trying discovered key b'7bcbeaae822b57945e046d6e83cb64da' in /home/cchen/.ssh/id_ed25519
2026-03-14 14:19:20,691 - DEBUG - userauth is OK
2026-03-14 14:19:20,698 - INFO - Authentication (publickey) failed.
2026-03-14 14:19:20,699 - DEBUG - userauth is OK
2026-03-14 14:19:20,808 - INFO - Authentication (password) successful!
2026-03-14 14:19:20,808 - DEBUG - [chan 0] Max packet in: 32768 bytes
2026-03-14 14:19:20,831 - DEBUG - Received global request "hostkeys-00@openssh.com"
2026-03-14 14:19:20,831 - DEBUG - Rejecting "hostkeys-00@openssh.com" global request from server.
2026-03-14 14:19:20,871 - DEBUG - [chan 0] Max packet out: 32768 bytes
2026-03-14 14:19:20,871 - DEBUG - Secsh channel 0 opened.
2026-03-14 14:19:20,873 - DEBUG - [chan 0] Sesch channel 0 request ok
2026-03-14 14:19:21,699 - INFO - [chan 0] Opened sftp connection (server version 3)
2026-03-14 14:19:21,699 - DEBUG - [chan 0] mkdir(b'/home/materdesign/cc/CuY/test/iter0', 511)
2026-03-14 14:19:21,700 - DEBUG - [chan 0] mkdir(b'/home/materdesign/cc/CuY/test/iter0/opt', 511)
2026-03-14 14:19:21,701 - DEBUG - [chan 0] open(b'/home/materdesign/cc/CuY/test/iter0/opt/alls_1.db', 'wb')
2026-03-14 14:19:21,702 - DEBUG - [chan 0] open(b'/home/materdesign/cc/CuY/test/iter0/opt/alls_1.db', 'wb') -> 00000000
2026-03-14 14:19:21,731 - DEBUG - [chan 0] close(00000000)
2026-03-14 14:19:21,744 - DEBUG - [chan 0] stat(b'/home/materdesign/cc/CuY/test/iter0/opt/alls_1.db')
2026-03-14 14:19:21,744 - DEBUG - [chan 0] open(b'/home/materdesign/cc/CuY/test/iter0/opt/config_opt.yml', 'wb')
2026-03-14 14:19:21,745 - DEBUG - [chan 0] open(b'/home/materdesign/cc/CuY/test/iter0/opt/config_opt.yml', 'wb') -> 00000000
2026-03-14 14:19:21,745 - DEBUG - [chan 0] close(00000000)
2026-03-14 14:19:21,746 - DEBUG - [chan 0] stat(b'/home/materdesign/cc/CuY/test/iter0/opt/config_opt.yml')
2026-03-14 14:19:21,747 - INFO - [chan 0] sftp session closed.
2026-03-14 14:19:21,747 - DEBUG - [chan 0] EOF sent (0)
2026-03-14 14:19:21,748 - DEBUG - EOF in transport thread
2026-03-14 14:24:21,749 - DEBUG - starting thread (client mode): 0xf2564b90
2026-03-14 14:24:21,749 - DEBUG - Local version/idstring: SSH-2.0-paramiko_3.5.0
2026-03-14 14:24:21,758 - DEBUG - Remote version/idstring: SSH-2.0-OpenSSH_8.7
2026-03-14 14:24:21,758 - INFO - Connected (version 2.0, client OpenSSH_8.7)
2026-03-14 14:24:21,760 - DEBUG - === Key exchange possibilities ===
2026-03-14 14:24:21,760 - DEBUG - kex algos: curve25519-sha256, curve25519-sha256@libssh.org, ecdh-sha2-nistp256, ecdh-sha2-nistp384, ecdh-sha2-nistp521, diffie-hellman-group-exchange-sha256, diffie-hellman-group14-sha256, diffie-hellman-group16-sha512, diffie-hellman-group18-sha512, kex-strict-s-v00@openssh.com
2026-03-14 14:24:21,760 - DEBUG - server key: rsa-sha2-512, rsa-sha2-256, ecdsa-sha2-nistp256, ssh-ed25519
2026-03-14 14:24:21,760 - DEBUG - client encrypt: aes256-gcm@openssh.com, chacha20-poly1305@openssh.com, aes256-ctr, aes128-gcm@openssh.com, aes128-ctr
2026-03-14 14:24:21,760 - DEBUG - server encrypt: aes256-gcm@openssh.com, chacha20-poly1305@openssh.com, aes256-ctr, aes128-gcm@openssh.com, aes128-ctr
2026-03-14 14:24:21,760 - DEBUG - client mac: hmac-sha2-256-etm@openssh.com, hmac-sha1-etm@openssh.com, umac-128-etm@openssh.com, hmac-sha2-512-etm@openssh.com, hmac-sha2-256, hmac-sha1, umac-128@openssh.com, hmac-sha2-512
2026-03-14 14:24:21,760 - DEBUG - server mac: hmac-sha2-256-etm@openssh.com, hmac-sha1-etm@openssh.com, umac-128-etm@openssh.com, hmac-sha2-512-etm@openssh.com, hmac-sha2-256, hmac-sha1, umac-128@openssh.com, hmac-sha2-512
2026-03-14 14:24:21,760 - DEBUG - client compress: none, zlib@openssh.com
2026-03-14 14:24:21,760 - DEBUG - server compress: none, zlib@openssh.com
2026-03-14 14:24:21,760 - DEBUG - client lang: <none>
2026-03-14 14:24:21,760 - DEBUG - server lang: <none>
2026-03-14 14:24:21,761 - DEBUG - kex follows: False
2026-03-14 14:24:21,761 - DEBUG - === Key exchange agreements ===
2026-03-14 14:24:21,761 - DEBUG - Strict kex mode: True
2026-03-14 14:24:21,761 - DEBUG - Kex: curve25519-sha256@libssh.org
2026-03-14 14:24:21,761 - DEBUG - HostKey: ssh-ed25519
2026-03-14 14:24:21,761 - DEBUG - Cipher: aes128-ctr
2026-03-14 14:24:21,761 - DEBUG - MAC: hmac-sha2-256
2026-03-14 14:24:21,761 - DEBUG - Compression: none
2026-03-14 14:24:21,761 - DEBUG - === End of kex handshake ===
2026-03-14 14:24:21,768 - DEBUG - Resetting outbound seqno after NEWKEYS due to strict mode
2026-03-14 14:24:21,768 - DEBUG - kex engine KexCurve25519 specified hash_algo <built-in function openssl_sha256>
2026-03-14 14:24:21,769 - DEBUG - Switch to new keys ...
2026-03-14 14:24:21,769 - DEBUG - Resetting inbound seqno after NEWKEYS due to strict mode
2026-03-14 14:24:21,769 - DEBUG - Adding ssh-ed25519 host key for 172.21.41.44: b'070b1880299f71edb2fc0b24bfd33206'
2026-03-14 14:24:21,770 - DEBUG - Got EXT_INFO: {'server-sig-algs': b'ssh-ed25519,sk-ssh-ed25519@openssh.com,ssh-rsa,rsa-sha2-256,rsa-sha2-512,ssh-dss,ecdsa-sha2-nistp256,ecdsa-sha2-nistp384,ecdsa-sha2-nistp521,sk-ecdsa-sha2-nistp256@openssh.com,webauthn-sk-ecdsa-sha2-nistp256@openssh.com'}
2026-03-14 14:24:21,770 - DEBUG - Trying discovered key b'7bcbeaae822b57945e046d6e83cb64da' in /home/cchen/.ssh/id_ed25519
2026-03-14 14:24:21,809 - DEBUG - userauth is OK
2026-03-14 14:24:21,817 - INFO - Authentication (publickey) failed.
2026-03-14 14:24:21,817 - DEBUG - userauth is OK
2026-03-14 14:24:21,926 - INFO - Authentication (password) successful!
2026-03-14 14:24:21,926 - DEBUG - [chan 0] Max packet in: 32768 bytes
2026-03-14 14:24:21,955 - DEBUG - Received global request "hostkeys-00@openssh.com"
2026-03-14 14:24:21,955 - DEBUG - Rejecting "hostkeys-00@openssh.com" global request from server.
2026-03-14 14:24:21,994 - DEBUG - [chan 0] Max packet out: 32768 bytes
2026-03-14 14:24:21,995 - DEBUG - Secsh channel 0 opened.
2026-03-14 14:24:21,997 - DEBUG - [chan 0] Sesch channel 0 request ok
2026-03-14 14:24:22,789 - INFO - [chan 0] Opened sftp connection (server version 3)
2026-03-14 14:24:22,790 - DEBUG - [chan 1] Max packet in: 32768 bytes
2026-03-14 14:24:22,790 - DEBUG - [chan 1] Max packet out: 32768 bytes
2026-03-14 14:24:22,790 - DEBUG - Secsh channel 1 opened.
2026-03-14 14:24:22,793 - DEBUG - [chan 1] Sesch channel 1 request ok
2026-03-14 14:24:23,576 - DEBUG - [chan 1] EOF received (1)
2026-03-14 14:24:23,577 - DEBUG - [chan 1] EOF sent (1)
2026-03-14 14:24:23,578 - DEBUG - [chan 0] stat(b'/home/materdesign/cc/CuY/test/iter0/sp/workdir/final.db')
2026-03-14 14:24:23,620 - DEBUG - [chan 0] open(b'/home/materdesign/cc/CuY/test/iter0/sp/workdir/final.db', 'rb')
2026-03-14 14:24:23,621 - DEBUG - [chan 0] open(b'/home/materdesign/cc/CuY/test/iter0/sp/workdir/final.db', 'rb') -> 00000000
2026-03-14 14:24:26,250 - DEBUG - [chan 0] close(00000000)
2026-03-14 14:24:26,251 - INFO - [chan 0] sftp session closed.
2026-03-14 14:24:26,251 - DEBUG - [chan 0] EOF sent (0)
2026-03-14 14:24:26,252 - DEBUG - EOF in transport thread
2026-03-14 14:24:26,253 - DEBUG - starting thread (client mode): 0xf2690b10
2026-03-14 14:24:26,253 - DEBUG - Local version/idstring: SSH-2.0-paramiko_3.5.0
2026-03-14 14:24:26,263 - DEBUG - Remote version/idstring: SSH-2.0-OpenSSH_8.7
2026-03-14 14:24:26,263 - INFO - Connected (version 2.0, client OpenSSH_8.7)
2026-03-14 14:24:26,266 - DEBUG - === Key exchange possibilities ===
2026-03-14 14:24:26,266 - DEBUG - kex algos: curve25519-sha256, curve25519-sha256@libssh.org, ecdh-sha2-nistp256, ecdh-sha2-nistp384, ecdh-sha2-nistp521, diffie-hellman-group-exchange-sha256, diffie-hellman-group14-sha256, diffie-hellman-group16-sha512, diffie-hellman-group18-sha512, kex-strict-s-v00@openssh.com
2026-03-14 14:24:26,266 - DEBUG - server key: rsa-sha2-512, rsa-sha2-256, ecdsa-sha2-nistp256, ssh-ed25519
2026-03-14 14:24:26,266 - DEBUG - client encrypt: aes256-gcm@openssh.com, chacha20-poly1305@openssh.com, aes256-ctr, aes128-gcm@openssh.com, aes128-ctr
2026-03-14 14:24:26,266 - DEBUG - server encrypt: aes256-gcm@openssh.com, chacha20-poly1305@openssh.com, aes256-ctr, aes128-gcm@openssh.com, aes128-ctr
2026-03-14 14:24:26,266 - DEBUG - client mac: hmac-sha2-256-etm@openssh.com, hmac-sha1-etm@openssh.com, umac-128-etm@openssh.com, hmac-sha2-512-etm@openssh.com, hmac-sha2-256, hmac-sha1, umac-128@openssh.com, hmac-sha2-512
2026-03-14 14:24:26,266 - DEBUG - server mac: hmac-sha2-256-etm@openssh.com, hmac-sha1-etm@openssh.com, umac-128-etm@openssh.com, hmac-sha2-512-etm@openssh.com, hmac-sha2-256, hmac-sha1, umac-128@openssh.com, hmac-sha2-512
2026-03-14 14:24:26,266 - DEBUG - client compress: none, zlib@openssh.com
2026-03-14 14:24:26,266 - DEBUG - server compress: none, zlib@openssh.com
2026-03-14 14:24:26,266 - DEBUG - client lang: <none>
2026-03-14 14:24:26,266 - DEBUG - server lang: <none>
2026-03-14 14:24:26,266 - DEBUG - kex follows: False
2026-03-14 14:24:26,266 - DEBUG - === Key exchange agreements ===
2026-03-14 14:24:26,266 - DEBUG - Strict kex mode: True
2026-03-14 14:24:26,267 - DEBUG - Kex: curve25519-sha256@libssh.org
2026-03-14 14:24:26,267 - DEBUG - HostKey: ssh-ed25519
2026-03-14 14:24:26,267 - DEBUG - Cipher: aes128-ctr
2026-03-14 14:24:26,267 - DEBUG - MAC: hmac-sha2-256
2026-03-14 14:24:26,267 - DEBUG - Compression: none
2026-03-14 14:24:26,267 - DEBUG - === End of kex handshake ===
2026-03-14 14:24:26,276 - DEBUG - Resetting outbound seqno after NEWKEYS due to strict mode
2026-03-14 14:24:26,276 - DEBUG - kex engine KexCurve25519 specified hash_algo <built-in function openssl_sha256>
2026-03-14 14:24:26,277 - DEBUG - Switch to new keys ...
2026-03-14 14:24:26,277 - DEBUG - Resetting inbound seqno after NEWKEYS due to strict mode
2026-03-14 14:24:26,278 - DEBUG - Adding ssh-ed25519 host key for 172.21.41.44: b'070b1880299f71edb2fc0b24bfd33206'
2026-03-14 14:24:26,278 - DEBUG - Got EXT_INFO: {'server-sig-algs': b'ssh-ed25519,sk-ssh-ed25519@openssh.com,ssh-rsa,rsa-sha2-256,rsa-sha2-512,ssh-dss,ecdsa-sha2-nistp256,ecdsa-sha2-nistp384,ecdsa-sha2-nistp521,sk-ecdsa-sha2-nistp256@openssh.com,webauthn-sk-ecdsa-sha2-nistp256@openssh.com'}
2026-03-14 14:24:26,279 - DEBUG - Trying discovered key b'7bcbeaae822b57945e046d6e83cb64da' in /home/cchen/.ssh/id_ed25519
2026-03-14 14:24:26,317 - DEBUG - userauth is OK
2026-03-14 14:24:26,325 - INFO - Authentication (publickey) failed.
2026-03-14 14:24:26,326 - DEBUG - userauth is OK
2026-03-14 14:24:26,435 - INFO - Authentication (password) successful!
2026-03-14 14:24:26,435 - DEBUG - [chan 0] Max packet in: 32768 bytes
2026-03-14 14:24:26,456 - DEBUG - Received global request "hostkeys-00@openssh.com"
2026-03-14 14:24:26,456 - DEBUG - Rejecting "hostkeys-00@openssh.com" global request from server.
2026-03-14 14:24:26,496 - DEBUG - [chan 0] Max packet out: 32768 bytes
2026-03-14 14:24:26,497 - DEBUG - Secsh channel 0 opened.
2026-03-14 14:24:26,499 - DEBUG - [chan 0] Sesch channel 0 request ok
2026-03-14 14:24:27,331 - INFO - [chan 0] Opened sftp connection (server version 3)
2026-03-14 14:24:27,332 - DEBUG - [chan 1] Max packet in: 32768 bytes
2026-03-14 14:24:27,332 - DEBUG - [chan 1] Max packet out: 32768 bytes
2026-03-14 14:24:27,333 - DEBUG - Secsh channel 1 opened.
2026-03-14 14:24:27,335 - DEBUG - [chan 1] Sesch channel 1 request ok
2026-03-14 14:24:28,125 - DEBUG - [chan 1] EOF received (1)
2026-03-14 14:24:28,125 - INFO - [chan 0] sftp session closed.
2026-03-14 14:24:28,126 - DEBUG - [chan 0] EOF sent (0)
2026-03-14 14:24:28,126 - DEBUG - [chan 1] EOF sent (1)
2026-03-14 14:24:28,126 - DEBUG - EOF in transport thread
2026-03-14 14:24:28,127 - DEBUG - starting thread (client mode): 0xf24fed50
2026-03-14 14:24:28,127 - DEBUG - Local version/idstring: SSH-2.0-paramiko_3.5.0
2026-03-14 14:24:28,139 - DEBUG - Remote version/idstring: SSH-2.0-OpenSSH_8.7
2026-03-14 14:24:28,139 - INFO - Connected (version 2.0, client OpenSSH_8.7)
2026-03-14 14:24:28,141 - DEBUG - === Key exchange possibilities ===
2026-03-14 14:24:28,141 - DEBUG - kex algos: curve25519-sha256, curve25519-sha256@libssh.org, ecdh-sha2-nistp256, ecdh-sha2-nistp384, ecdh-sha2-nistp521, diffie-hellman-group-exchange-sha256, diffie-hellman-group14-sha256, diffie-hellman-group16-sha512, diffie-hellman-group18-sha512, kex-strict-s-v00@openssh.com
2026-03-14 14:24:28,141 - DEBUG - server key: rsa-sha2-512, rsa-sha2-256, ecdsa-sha2-nistp256, ssh-ed25519
2026-03-14 14:24:28,141 - DEBUG - client encrypt: aes256-gcm@openssh.com, chacha20-poly1305@openssh.com, aes256-ctr, aes128-gcm@openssh.com, aes128-ctr
2026-03-14 14:24:28,141 - DEBUG - server encrypt: aes256-gcm@openssh.com, chacha20-poly1305@openssh.com, aes256-ctr, aes128-gcm@openssh.com, aes128-ctr
2026-03-14 14:24:28,141 - DEBUG - client mac: hmac-sha2-256-etm@openssh.com, hmac-sha1-etm@openssh.com, umac-128-etm@openssh.com, hmac-sha2-512-etm@openssh.com, hmac-sha2-256, hmac-sha1, umac-128@openssh.com, hmac-sha2-512
2026-03-14 14:24:28,141 - DEBUG - server mac: hmac-sha2-256-etm@openssh.com, hmac-sha1-etm@openssh.com, umac-128-etm@openssh.com, hmac-sha2-512-etm@openssh.com, hmac-sha2-256, hmac-sha1, umac-128@openssh.com, hmac-sha2-512
2026-03-14 14:24:28,141 - DEBUG - client compress: none, zlib@openssh.com
2026-03-14 14:24:28,141 - DEBUG - server compress: none, zlib@openssh.com
2026-03-14 14:24:28,142 - DEBUG - client lang: <none>
2026-03-14 14:24:28,142 - DEBUG - server lang: <none>
2026-03-14 14:24:28,142 - DEBUG - kex follows: False
2026-03-14 14:24:28,142 - DEBUG - === Key exchange agreements ===
2026-03-14 14:24:28,142 - DEBUG - Strict kex mode: True
2026-03-14 14:24:28,142 - DEBUG - Kex: curve25519-sha256@libssh.org
2026-03-14 14:24:28,142 - DEBUG - HostKey: ssh-ed25519
2026-03-14 14:24:28,142 - DEBUG - Cipher: aes128-ctr
2026-03-14 14:24:28,142 - DEBUG - MAC: hmac-sha2-256
2026-03-14 14:24:28,142 - DEBUG - Compression: none
2026-03-14 14:24:28,142 - DEBUG - === End of kex handshake ===
2026-03-14 14:24:28,150 - DEBUG - Resetting outbound seqno after NEWKEYS due to strict mode
2026-03-14 14:24:28,150 - DEBUG - kex engine KexCurve25519 specified hash_algo <built-in function openssl_sha256>
2026-03-14 14:24:28,150 - DEBUG - Switch to new keys ...
2026-03-14 14:24:28,150 - DEBUG - Resetting inbound seqno after NEWKEYS due to strict mode
2026-03-14 14:24:28,150 - DEBUG - Adding ssh-ed25519 host key for 172.21.41.44: b'070b1880299f71edb2fc0b24bfd33206'
2026-03-14 14:24:28,151 - DEBUG - Got EXT_INFO: {'server-sig-algs': b'ssh-ed25519,sk-ssh-ed25519@openssh.com,ssh-rsa,rsa-sha2-256,rsa-sha2-512,ssh-dss,ecdsa-sha2-nistp256,ecdsa-sha2-nistp384,ecdsa-sha2-nistp521,sk-ecdsa-sha2-nistp256@openssh.com,webauthn-sk-ecdsa-sha2-nistp256@openssh.com'}
2026-03-14 14:24:28,151 - DEBUG - Trying discovered key b'7bcbeaae822b57945e046d6e83cb64da' in /home/cchen/.ssh/id_ed25519
2026-03-14 14:24:28,191 - DEBUG - userauth is OK
2026-03-14 14:24:28,199 - INFO - Authentication (publickey) failed.
2026-03-14 14:24:28,199 - DEBUG - userauth is OK
2026-03-14 14:24:28,308 - INFO - Authentication (password) successful!
2026-03-14 14:24:28,308 - DEBUG - [chan 0] Max packet in: 32768 bytes
2026-03-14 14:24:28,330 - DEBUG - Received global request "hostkeys-00@openssh.com"
2026-03-14 14:24:28,330 - DEBUG - Rejecting "hostkeys-00@openssh.com" global request from server.
2026-03-14 14:24:28,369 - DEBUG - [chan 0] Max packet out: 32768 bytes
2026-03-14 14:24:28,370 - DEBUG - Secsh channel 0 opened.
2026-03-14 14:24:28,372 - DEBUG - [chan 0] Sesch channel 0 request ok
2026-03-14 14:24:29,196 - INFO - [chan 0] Opened sftp connection (server version 3)
2026-03-14 14:24:29,196 - DEBUG - [chan 1] Max packet in: 32768 bytes
2026-03-14 14:24:29,197 - DEBUG - [chan 1] Max packet out: 32768 bytes
2026-03-14 14:24:29,197 - DEBUG - Secsh channel 1 opened.
2026-03-14 14:24:29,199 - DEBUG - [chan 1] Sesch channel 1 request ok
2026-03-14 14:24:30,014 - DEBUG - [chan 1] EOF received (1)
2026-03-14 14:24:30,014 - DEBUG - [chan 1] EOF sent (1)
2026-03-14 14:24:30,015 - DEBUG - [chan 0] open(b'/home/materdesign/cc/CuY/test/iter0/opt/workdir/process_traj.py', 'wb')
2026-03-14 14:24:30,057 - DEBUG - [chan 0] open(b'/home/materdesign/cc/CuY/test/iter0/opt/workdir/process_traj.py', 'wb') -> 00000000
2026-03-14 14:24:30,057 - DEBUG - [chan 0] close(00000000)
2026-03-14 14:24:30,058 - DEBUG - [chan 0] stat(b'/home/materdesign/cc/CuY/test/iter0/opt/workdir/process_traj.py')
2026-03-14 14:24:30,059 - DEBUG - [chan 2] Max packet in: 32768 bytes
2026-03-14 14:24:30,059 - DEBUG - [chan 2] Max packet out: 32768 bytes
2026-03-14 14:24:30,060 - DEBUG - Secsh channel 2 opened.
2026-03-14 14:24:30,061 - DEBUG - [chan 2] Sesch channel 2 request ok
2026-03-14 14:24:30,062 - DEBUG - [chan 2] EOF sent (2)
2026-03-14 14:24:30,062 - DEBUG - [chan 0] stat(b'/home/materdesign/cc/CuY/test/iter0/opt/workdir/TRAJ_DONE')
2026-03-14 14:24:30,924 - DEBUG - Ignoring message for dead channel 2
2026-03-14 14:24:30,924 - DEBUG - Ignoring message for dead channel 2
2026-03-14 14:25:30,105 - DEBUG - [chan 0] stat(b'/home/materdesign/cc/CuY/test/iter0/opt/workdir/TRAJ_DONE')
2026-03-14 14:25:36,937 - ERROR - Socket exception: Connection reset by peer (104)
2026-03-14 14:26:36,938 - DEBUG - [chan 0] stat(b'/home/materdesign/cc/CuY/test/iter0/opt/workdir/TRAJ_DONE')
2026-03-14 14:27:36,939 - DEBUG - [chan 0] stat(b'/home/materdesign/cc/CuY/test/iter0/opt/workdir/TRAJ_DONE')
2026-03-14 14:28:36,939 - DEBUG - [chan 0] stat(b'/home/materdesign/cc/CuY/test/iter0/opt/workdir/TRAJ_DONE')
2026-03-14 14:29:36,939 - DEBUG - [chan 0] stat(b'/home/materdesign/cc/CuY/test/iter0/opt/workdir/TRAJ_DONE')
2026-03-14 14:30:36,940 - DEBUG - [chan 0] stat(b'/home/materdesign/cc/CuY/test/iter0/opt/workdir/TRAJ_DONE')
2026-03-14 14:31:36,940 - DEBUG - [chan 0] stat(b'/home/materdesign/cc/CuY/test/iter0/opt/workdir/TRAJ_DONE')
2026-03-14 14:32:36,941 - DEBUG - [chan 0] stat(b'/home/materdesign/cc/CuY/test/iter0/opt/workdir/TRAJ_DONE')
2026-03-14 14:33:36,941 - DEBUG - [chan 0] stat(b'/home/materdesign/cc/CuY/test/iter0/opt/workdir/TRAJ_DONE')
2026-03-14 14:34:36,942 - DEBUG - [chan 0] stat(b'/home/materdesign/cc/CuY/test/iter0/opt/workdir/TRAJ_DONE')
2026-03-14 14:35:36,942 - DEBUG - [chan 0] stat(b'/home/materdesign/cc/CuY/test/iter0/opt/workdir/TRAJ_DONE')
