Code for generating 2D crystals used in USPEX
Written by H. T. Stokes, Adapted by Q Zhu
Random_cell2d
Space-group symmetry:   6
Area of primitive unit cell:     73.84
Height of layer:      2.00
Number of types of atoms:  2
Number of atoms of each type:   4   8
Minimum distance between each type of atom:
   0.792   0.854   0.854   0.917
Print symmetry operation:  0
cell parameters:   8.59300   8.59300   2.00000  90.00000  90.00000  90.08000
  9 atomic parameters
 12 atoms
  1 1   0.42505   0.38894   0.44392 1(1,0,0) 2(0,1,0) 3(0,0,1)
  2 1   0.57495   0.61106   0.44392 1(-1,0,0) 2(0,-1,0) 3(0,0,1)
  3 1   0.57495   0.38894   0.44392 1(-1,0,0) 2(0,1,0) 3(0,0,1)
  4 1   0.42505   0.61106   0.44392 1(1,0,0) 2(0,-1,0) 3(0,0,1)
  5 2   0.09587   0.28135   0.30512 4(1,0,0) 5(0,1,0) 6(0,0,1)
  6 2   0.90413   0.71865   0.30512 4(-1,0,0) 5(0,-1,0) 6(0,0,1)
  7 2   0.90413   0.28135   0.30512 4(-1,0,0) 5(0,1,0) 6(0,0,1)
  8 2   0.09587   0.71865   0.30512 4(1,0,0) 5(0,-1,0) 6(0,0,1)
  9 2   0.59461   0.79068   0.51815 7(1,0,0) 8(0,1,0) 9(0,0,1)
 10 2   0.40539   0.20932   0.51815 7(-1,0,0) 8(0,-1,0) 9(0,0,1)
 11 2   0.40539   0.79068   0.51815 7(-1,0,0) 8(0,1,0) 9(0,0,1)
 12 2   0.59461   0.20932   0.51815 7(1,0,0) 8(0,-1,0) 9(0,0,1)
