Code for generating 2D crystals used in USPEX
Written by H. T. Stokes, Adapted by Q Zhu
Random_cell2d
Space-group symmetry:   2
Area of primitive unit cell:     73.84
Height of layer:      2.00
Number of types of atoms:  2
Number of atoms of each type:   2   8
Minimum distance between each type of atom:
   0.792   0.854   0.854   0.917
Print symmetry operation:  0
cell parameters:   8.59300   8.59300   2.00000  90.00000  90.00000  90.08000
 15 atomic parameters
 10 atoms
  1 1   0.65751   0.17293   0.31434 1(1,0,0) 2(0,1,0) 3(0,0,1)
  2 1   0.34249   0.82707   0.31434 1(-1,0,0) 2(0,-1,0) 3(0,0,1)
  3 2   0.60712   0.93890   0.81411 4(1,0,0) 5(0,1,0) 6(0,0,1)
  4 2   0.39288   0.06110   0.81411 4(-1,0,0) 5(0,-1,0) 6(0,0,1)
  5 2   0.31616   0.38466   0.31574 7(1,0,0) 8(0,1,0) 9(0,0,1)
  6 2   0.68384   0.61534   0.31574 7(-1,0,0) 8(0,-1,0) 9(0,0,1)
  7 2   0.25545   0.16417   0.11170 10(1,0,0) 11(0,1,0) 12(0,0,1)
  8 2   0.74455   0.83583   0.11170 10(-1,0,0) 11(0,-1,0) 12(0,0,1)
  9 2   0.55581   0.71472   0.93607 13(1,0,0) 14(0,1,0) 15(0,0,1)
 10 2   0.44419   0.28528   0.93607 13(-1,0,0) 14(0,-1,0) 15(0,0,1)
