# data_e pred_e
-275.727561  -278.995873
-335.409765  -333.523210
-260.997611  -261.132293
-305.697236  -303.756101
-266.900741  -267.188085
-324.649826  -326.291429
-334.091409  -333.281928
-286.838328  -285.886169
-310.800274  -308.767613
-274.204828  -279.001741
-267.371791  -267.423800
-323.514876  -326.797193
-254.529118  -254.826101
-340.390013  -339.688504
-328.082898  -327.080432
-267.375205  -267.449564
-286.021664  -285.865188
-253.557136  -254.058155
-296.227989  -297.151988
-321.091822  -321.147437
-266.467449  -267.509993
-266.323653  -268.097805
-292.316734  -291.322351
-287.463733  -285.684324
-333.807533  -333.182216
-339.448362  -339.253358
-267.400768  -267.341212
-267.747867  -267.600119
-266.910960  -267.318882
-286.019956  -285.606946
-303.177283  -302.585308
-287.095159  -286.153612
-280.508682  -279.447276
-281.921423  -279.979696
-266.670835  -267.071770
-279.600065  -279.530993
-292.155960  -291.517011
-267.283195  -267.587389
-338.876962  -338.958251
-329.126906  -327.108398
-280.046927  -279.990117
-338.807415  -338.284448
-279.114191  -279.445765
-291.483737  -291.526604
-273.898351  -276.235439
-337.162993  -338.461706
-286.595004  -285.641333
-243.051759  -245.923982
-328.622103  -327.187856
-264.038486  -267.862452
-286.368813  -285.905292
-261.679532  -261.137851
-267.116927  -267.332052
-254.939253  -255.808128
-261.575145  -261.125437
-246.588827  -247.867393
-233.345106  -234.651767
-334.115798  -333.294544
-267.346092  -267.434913
-278.440857  -278.917524
-267.981966  -267.414296
-252.607500  -253.811231
-261.517275  -261.079029
-266.905548  -267.646176
-266.521021  -268.337847
-253.323563  -254.797838
-266.690376  -267.174737
-280.692334  -279.297618
-304.881767  -303.614171
-325.655869  -326.658694
-266.058441  -266.898286
-260.837444  -261.087929
-260.836989  -261.089915
-293.358767  -291.812694
-292.290373  -291.553723
-273.612440  -273.380681
-333.506232  -333.118628
-252.530138  -254.795899
-299.395287  -297.947539
-286.148600  -285.944520
-305.802922  -303.759028
-309.274616  -308.586666
-247.557522  -248.676806
-305.565290  -303.735953
-254.477789  -254.419570
-296.301128  -296.326888
-295.584374  -296.124356
-306.243608  -303.566575
-267.205229  -267.358781
-287.971755  -290.797320
-286.866832  -285.724699
-259.498744  -260.989186
-246.985917  -247.274998
-259.728141  -260.779916
-299.243366  -297.905089
-253.873129  -254.208399
-273.325658  -273.533936
-278.503549  -279.179714
-259.806105  -260.933719
-334.612010  -333.393602
-293.002575  -291.830820
-285.668967  -285.426440
-284.446262  -283.784633
-298.192530  -297.236547
-290.233203  -291.441231
-282.084229  -280.103720
-334.082051  -333.464025
-334.599333  -333.560312
-286.372628  -285.854632
-333.404008  -332.898067
-339.385706  -339.341190
-302.547141  -302.821142
-259.614627  -260.954069
-287.416260  -285.729454
-327.662606  -327.034399
-313.065479  -313.643312
-302.081262  -302.230032
-283.631633  -285.010317
-297.582011  -296.906472
-276.411990  -276.332372
-268.592286  -268.362447
-339.684256  -339.167089
-266.654291  -267.494131
-306.074182  -303.787378
-274.123249  -273.839605
-294.605497  -296.294759
-326.368433  -326.560287
-267.263781  -267.431441
-328.905437  -327.276909
-285.482251  -288.037748
-334.387645  -332.848517
-239.056310  -241.538610
-321.242354  -320.714034
-334.186455  -333.331147
-259.569930  -260.951858
-266.141499  -267.232711
-334.520251  -333.437368
-306.272273  -303.785996
-253.376687  -254.218584
-286.923340  -285.642602
-281.812457  -280.038770
-289.088529  -290.428570
-284.124342  -285.208780
-273.938408  -273.363477
-301.214181  -302.029148
-292.671396  -291.778571
-322.018365  -321.176228
-292.621715  -291.712182
-290.714179  -291.018921
-259.921294  -261.220635
-305.968909  -303.796387
-266.517264  -266.911865
-267.391405  -267.024681
-280.275731  -279.467852
-299.822265  -298.012707
-306.152467  -303.838230
-253.951551  -254.979147
-302.718242  -302.900621
-334.151307  -333.246873
-297.745641  -296.527813
-286.783943  -285.644230
-291.242680  -291.116312
-297.385127  -297.148990
-279.232499  -279.565020
-287.330197  -285.635256
-280.864753  -279.626398
-292.465043  -291.588025
-260.584403  -261.191509
-260.950008  -261.160760
-280.660550  -279.848833
-285.978370  -285.691584
-306.378296  -303.831530
-266.779619  -267.250407
-267.837521  -267.193992
-273.406942  -273.192329
-266.860179  -267.469841
-307.760724  -308.698462
-279.415645  -279.249191
-328.008502  -327.282263
-252.634335  -254.576875
-281.130335  -279.496387
-258.035924  -260.772056
-259.718778  -261.030740
-328.510183  -327.290324
-286.187730  -285.478140
-305.581779  -303.729288
-260.372683  -261.296759
-253.313362  -254.852052
-333.203932  -333.231949
-279.750266  -279.708280
-238.840713  -241.468748
-288.897493  -290.045573
-290.095432  -291.390967
-323.892339  -325.643541
-254.441002  -254.947664
-314.585298  -314.918916
-298.214986  -296.834426
-268.400705  -267.551865
-319.659897  -320.881290
-340.408180  -339.404992
-265.861641  -266.774444
-286.118008  -285.547093
-275.885685  -278.763180
-335.019774  -333.576786
-291.928487  -291.379799
-266.774032  -266.941949
-266.449711  -267.507972
-305.837657  -303.769054
-331.338531  -332.099384
-304.570685  -303.631440
-252.479468  -255.136486
-260.162368  -260.996222
-266.492883  -267.062584
-263.849958  -267.446683
-268.150872  -267.632468
-268.238489  -272.571968
-312.051433  -314.365137
-279.320475  -279.578765
-267.224395  -267.439169
-322.905788  -321.398127
-258.568823  -261.256356
-331.742497  -332.951834
-291.039124  -291.058184
-292.642747  -291.466083
-91.980659  -91.938045
-97.759478  -97.600270
-195.892486  -196.672335
-152.024843  -150.895231
-213.860249  -214.071861
-153.679592  -151.261354
-155.407264  -155.835639
-91.983528  -91.896153
-93.026343  -92.123115
-175.089050  -174.316605
-93.135719  -92.074779
-221.099537  -220.140797
-97.662723  -97.629117
-217.651863  -218.952204
-101.319581  -102.536329
-85.724502  -86.178098
-108.366778  -108.646282
-204.362316  -202.860595
-92.916414  -92.083195
-152.611953  -151.155578
-108.547600  -108.700850
-221.358642  -220.165828
-97.427963  -97.580347
-97.758104  -97.603954
-78.037585  -80.057839
-97.406546  -97.593653
-157.781543  -156.620333
-72.114264  -74.304930
-215.676388  -213.708997
-215.379251  -214.074363
-96.031026  -97.296394
-186.323965  -185.282770
-97.755080  -97.602186
-206.286609  -207.645481
-194.036963  -191.301200
-97.419697  -97.582045
-91.838010  -91.920387
-97.645328  -97.638727
-97.407577  -97.593317
-97.429541  -97.588057
-210.291046  -212.795292
-202.695187  -202.673556
-97.706166  -97.681585
-205.279384  -207.716719
-97.432324  -97.589609
-108.642344  -108.589407
-97.756181  -97.612558
-203.079635  -202.558401
-189.286769  -191.125156
-107.904814  -108.592926
-101.242174  -102.560187
-108.250193  -108.697659
-214.509050  -213.350136
-97.411574  -97.589729
-97.423595  -97.591898
-207.778524  -208.126361
-73.824786  -74.437323
-87.049799  -86.315272
-186.856365  -185.778970
-202.370876  -202.311290
-87.073094  -86.377947
-92.162021  -91.901531
-221.602245  -219.812004
-104.323820  -103.184430
-193.505426  -191.635557
-167.475332  -163.651977
-87.122222  -86.310489
-213.065454  -213.794446
-108.499431  -108.704625
-176.866489  -183.394235
-190.371031  -191.356664
-97.412675  -97.591592
-92.895422  -92.111667
-93.038574  -92.130335
-97.169731  -97.633060
-72.921540  -74.383222
-152.937660  -151.165623
-157.878555  -161.258342
-204.122796  -202.791652
-97.424742  -97.571568
-221.484020  -219.950013
-96.017625  -97.290962
-96.027350  -97.299545
-216.709855  -219.434212
-193.556740  -195.192274
-220.754200  -219.415846
-218.750567  -219.339067
-81.380546  -80.523713
-160.308639  -157.232760
-97.725202  -97.680960
-210.586925  -208.455117
-177.966215  -174.746579
-97.673002  -97.627930
-92.161639  -91.904079
-152.155535  -156.041174
-97.668916  -97.622832
-104.324178  -103.183817
-85.694682  -86.182470
-187.680146  -196.468292
-152.486709  -151.011158
-188.888451  -185.970578
-103.185646  -103.062366
-215.553696  -219.364658
-204.530862  -202.836461
-93.052956  -92.127413
-97.756618  -97.602391
-167.974188  -168.037914
-155.367531  -156.980700
-154.595961  -156.329194
-207.530583  -208.224654
-183.018801  -180.221559
-165.748841  -162.921679
-213.680718  -213.975398
-213.982728  -213.110957
-72.083311  -74.299294
-193.512129  -191.201140
-209.916920  -208.449058
-108.493679  -108.699549
-108.543898  -108.700009
-188.406188  -186.061316
-193.043447  -191.363076
-215.616160  -218.750738
-91.974537  -91.925288
-197.363249  -196.771631
-168.755597  -168.297066
-185.404515  -186.272208
-93.037963  -92.126526
-218.825888  -219.870007
-151.729799  -155.531480
-186.735579  -185.113178
-96.030744  -97.300302
-191.515075  -191.503821
-97.672235  -97.626153
-206.845270  -207.690945
-177.705547  -174.670673
-206.074501  -208.286245
-186.072872  -184.826778
-97.757289  -97.601255
-154.324459  -151.526813
-96.953474  -97.509275
-105.953782  -107.690873
-216.092891  -214.028813
-178.899278  -179.928161
-200.980265  -200.956999
-93.038409  -92.126119
-84.539711  -84.703814
-198.459105  -197.366340
-92.915777  -92.116948
-193.716843  -191.516082
-79.627288  -80.172737
-96.961626  -97.496472
-193.370688  -191.412875
-92.007868  -91.896086
-201.689535  -202.448431
-105.959782  -107.695058
-97.697262  -97.643690
-73.951527  -75.632299
-208.049117  -207.953770
-203.832879  -206.901223
-97.726670  -97.682905
-211.134681  -213.398790
-105.796320  -107.861487
-188.386707  -185.960583
-189.790567  -190.869715
-105.839784  -107.762615
-92.950324  -92.080920
-192.491492  -191.205259
-166.143786  -163.279991
-96.958103  -97.492890
-97.715246  -97.651414
-164.749301  -162.894354
-193.310855  -190.889102
-87.042431  -86.316975
-96.961015  -97.499860
-184.753529  -185.733970
-97.725266  -97.670362
-100.973065  -102.310520
-181.520098  -180.068257
-204.632316  -207.958409
-93.139032  -92.069477
-182.251288  -180.102063
-181.210084  -180.050283
-180.878936  -180.023975
-194.760674  -200.620508
-108.321334  -108.567898
-192.896924  -191.350557
-198.419270  -201.530185
-102.332175  -103.111904
-108.548181  -108.700348
-149.715657  -150.518357
-97.428315  -97.589586
-195.782967  -196.691913
-92.991650  -92.113773
-194.754792  -191.564411
-86.218131  -86.168328
-182.202223  -179.807828
-161.296499  -162.062853
-97.751977  -97.602257
-174.032761  -173.885881
-220.673786  -220.363824
-96.964630  -97.503624
-187.054153  -185.545737
-97.756916  -97.597550
-219.086480  -219.933889
-97.965556  -97.784737
-72.800519  -74.379308
-72.795439  -74.374472
-180.173304  -179.827168
-108.503494  -108.701946
-97.759421  -97.603019
-214.790443  -216.909291
-107.204549  -108.104504
-97.653596  -97.641138
-97.716451  -97.655006
-202.843715  -202.621028
-92.162869  -91.904013
-204.982863  -203.095990
-97.414020  -97.580983
-204.095552  -202.798830
-97.393292  -97.588410
-164.442886  -166.614560
-181.688542  -179.651601
-102.849284  -103.070047
-192.674330  -190.887072
-182.431018  -180.167639
-203.302117  -202.796307
-204.597850  -202.640518
-217.544432  -219.236408
-105.960594  -107.695385
-108.531056  -108.697244
-101.314468  -102.538888
-93.044242  -92.126025
-220.084548  -219.890507
-212.204703  -213.726253
-97.737857  -97.593162
-206.871896  -207.893329
-185.965142  -185.368474
-184.680106  -184.960436
-97.723954  -97.685004
-165.836980  -163.070078
-92.975119  -92.118601
-182.755490  -180.078052
-183.128046  -180.324972
-93.042234  -92.128438
-185.580231  -185.043958
-188.338474  -185.826642
-181.650532  -180.253335
-108.528632  -108.697086
-183.443853  -180.198022
-101.320352  -102.532445
-104.314752  -103.182231
-97.847580  -97.691605
-87.569158  -86.394600
-212.205599  -212.804093
-87.108593  -86.305770
-150.407460  -150.101253
-182.550627  -194.324761
-97.746153  -97.595223
-204.946971  -202.842847
-153.623124  -151.190288
-72.795655  -74.377066
-182.450789  -180.093248
-212.934972  -213.240995
-196.675181  -197.219088
-91.746243  -91.896810
-160.118723  -156.997671
-93.041995  -92.127657
-70.916442  -72.197923
-209.392089  -208.592570
-97.393890  -97.593246
-178.127618  -179.895306
-214.593795  -214.167073
-103.086075  -103.055519
-87.171645  -88.290035
-178.843595  -179.249925
-97.424393  -97.600050
-147.665225  -155.040509
-212.827255  -213.844884
-91.977767  -91.896132
-161.154806  -157.298565
-93.044068  -92.127462
-156.828715  -161.669442
-97.681999  -97.632807
-93.463205  -94.133162
-102.131933  -102.811613
-97.758765  -97.598650
-209.687620  -213.028882
-190.772001  -190.915094
-220.003862  -219.248042
-156.165467  -151.458245
-196.280123  -196.766136
-175.298885  -174.241037
-102.345644  -103.103473
-156.101633  -156.541996
-108.568958  -108.602932
-153.142705  -151.250924
-72.897179  -74.392225
