Code for generating 2D crystals used in USPEX
Written by H. T. Stokes, Adapted by Q Zhu
Random_cell2d
Space-group symmetry:  15
Area of primitive unit cell:     73.84
Height of layer:      2.00
Number of types of atoms:  2
Number of atoms of each type:   3   8
Minimum distance between each type of atom:
   0.792   0.854   0.854   0.917
Print symmetry operation:  0
cell parameters:   8.59300   8.59300   2.00000  90.00000  90.00000  90.08000
  7 atomic parameters
 11 atoms
  1 1   0.40478   0.00000   0.65353 1(1,0,0) 2(0,0,1)
  2 1   0.00000   0.40478   0.65353 1(0,1,0) 2(0,0,1)
  3 1   0.59522   0.59522   0.65353 1(-1,-1,0) 2(0,0,1)
  4 2   0.26389   0.11237   0.81157 3(1,0,0) 4(0,1,0) 5(0,0,1)
  5 2   0.88763   0.15152   0.81157 3(0,1,0) 4(-1,-1,0) 5(0,0,1)
  6 2   0.84848   0.73611   0.81157 3(-1,-1,0) 4(1,0,0) 5(0,0,1)
  7 2   0.73611   0.84848   0.81157 3(-1,-1,0) 4(0,1,0) 5(0,0,1)
  8 2   0.15152   0.88763   0.81157 3(1,0,0) 4(-1,-1,0) 5(0,0,1)
  9 2   0.11237   0.26389   0.81157 3(0,1,0) 4(1,0,0) 5(0,0,1)
 10 2   0.00000   0.00000   0.25218 6(0,0,1)
 11 2   0.00000   0.00000   0.96651 7(0,0,1)
