Code for generating 2D crystals used in USPEX
Written by H. T. Stokes, Adapted by Q Zhu
Random_cell2d
Space-group symmetry:  11
Area of primitive unit cell:     73.84
Height of layer:      2.00
Number of types of atoms:  2
Number of atoms of each type:   3   8
Minimum distance between each type of atom:
   0.792   0.854   0.854   0.917
Print symmetry operation:  0
cell parameters:   8.59300   8.59300   2.00000  90.00000  90.00000  90.08000
  7 atomic parameters
 11 atoms
  1 1   0.50000   0.50000   0.47846 1(0,0,1)
  2 1   0.50000   0.50000   0.05996 2(0,0,1)
  3 1   0.00000   0.00000   0.46439 3(0,0,1)
  4 2   0.14368   0.00000   0.42620 4(1,0,0) 5(0,0,1)
  5 2   0.85632   0.00000   0.42620 4(-1,0,0) 5(0,0,1)
  6 2   0.00000   0.14368   0.42620 4(0,1,0) 5(0,0,1)
  7 2   0.00000   0.85632   0.42620 4(0,-1,0) 5(0,0,1)
  8 2   0.72589   0.00000   0.00222 6(1,0,0) 7(0,0,1)
  9 2   0.27411   0.00000   0.00222 6(-1,0,0) 7(0,0,1)
 10 2   0.00000   0.72589   0.00222 6(0,1,0) 7(0,0,1)
 11 2   0.00000   0.27411   0.00222 6(0,-1,0) 7(0,0,1)
