# data_e pred_e
-278.995873  -279.182342
-333.523210  -333.528478
-261.132293  -261.141933
-303.756101  -303.585003
-267.188085  -267.249935
-326.291429  -326.385931
-333.281928  -333.357957
-285.886169  -285.816296
-308.767613  -308.686742
-279.001741  -279.134930
-267.423800  -267.454688
-326.797193  -327.000683
-254.826101  -254.800650
-339.688504  -339.694503
-327.080432  -327.125902
-267.449564  -267.481571
-285.865188  -285.838913
-254.058155  -254.084297
-297.151988  -297.156573
-321.147437  -321.215626
-267.509993  -267.484472
-268.097805  -268.113611
-291.322351  -291.286100
-285.684324  -285.639099
-333.182216  -333.232759
-339.253358  -339.373545
-267.341212  -267.309994
-267.600119  -267.583113
-267.318882  -267.426003
-285.606946  -285.596285
-302.585308  -302.539914
-286.153612  -286.056355
-279.447276  -279.383955
-279.979696  -279.912671
-267.071770  -267.125343
-279.530993  -279.551085
-291.517011  -291.490637
-267.587389  -267.607190
-338.958251  -339.148137
-327.108398  -327.166862
-279.990117  -279.929979
-338.284448  -338.259783
-279.445765  -279.484391
-291.526604  -291.479641
-276.235439  -276.186002
-338.461706  -338.556826
-285.641333  -285.604253
-245.923982  -246.144617
-327.187856  -327.183485
-267.862452  -267.926304
-285.905292  -285.869464
-261.137851  -261.143458
-267.332052  -267.321812
-255.808128  -255.696405
-261.125437  -261.121053
-247.867393  -247.899150
-234.651767  -234.662896
-333.294544  -333.330743
-267.434913  -267.435141
-278.917524  -278.952157
-267.414296  -267.397937
-253.811231  -253.882374
-261.079029  -261.112852
-267.646176  -267.650051
-268.337847  -268.377079
-254.797838  -254.826894
-267.174737  -267.220968
-279.297618  -279.249337
-303.614171  -303.501285
-326.658694  -326.799857
-266.898286  -266.928016
-261.087929  -261.083986
-261.089915  -261.084360
-291.812694  -291.727607
-291.553723  -291.508472
-273.380681  -273.382904
-333.118628  -333.222613
-254.795899  -254.844398
-297.947539  -297.815860
-285.944520  -285.882095
-303.759028  -303.620361
-308.586666  -308.642376
-248.676806  -248.619197
-303.735953  -303.601287
-254.419570  -254.346788
-296.326888  -296.210905
-296.124356  -296.113254
-303.566575  -303.436318
-267.358781  -267.402301
-290.797320  -290.997029
-285.724699  -285.666444
-260.989186  -261.069971
-247.274998  -247.261375
-260.779916  -260.800203
-297.905089  -297.773337
-254.208399  -254.225264
-273.533936  -273.567096
-279.179714  -279.169451
-260.933719  -261.018433
-333.393602  -333.413390
-291.830820  -291.770831
-285.426440  -285.424563
-283.784633  -283.544864
-297.236547  -297.171571
-291.441231  -291.428572
-280.103720  -280.035947
-333.464025  -333.502686
-333.560312  -333.558042
-285.854632  -285.802048
-332.898067  -332.996136
-339.341190  -339.345972
-302.821142  -302.852954
-260.954069  -261.028308
-285.729454  -285.703795
-327.034399  -327.102745
-313.643312  -313.519436
-302.230032  -302.197479
-285.010317  -285.104176
-296.906472  -296.905507
-276.332372  -276.293069
-268.362447  -268.351473
-339.167089  -339.264048
-267.494131  -267.551859
-303.787378  -303.645948
-273.839605  -273.763595
-296.294759  -296.282163
-326.560287  -326.617112
-267.431441  -267.465933
-327.276909  -327.292902
-288.037748  -288.195243
-332.848517  -332.867610
-241.538610  -241.531184
-320.714034  -320.681359
-333.331147  -333.319975
-260.951858  -260.989384
-267.232711  -267.202178
-333.437368  -333.441162
-303.785996  -303.635604
-254.218584  -254.248896
-285.642602  -285.601925
-280.038770  -279.956178
-290.428570  -290.734909
-285.208780  -285.224587
-273.363477  -273.358633
-302.029148  -302.029664
-291.778571  -291.690975
-321.176228  -321.197162
-291.712182  -291.616204
-291.018921  -291.151892
-261.220635  -261.254917
-303.796387  -303.651116
-266.911865  -266.968260
-267.024681  -267.046255
-279.467852  -279.454304
-298.012707  -297.838094
-303.838230  -303.673095
-254.979147  -254.970100
-302.900621  -302.919230
-333.246873  -333.322737
-296.527813  -296.410737
-285.644230  -285.604356
-291.116312  -291.113969
-297.148990  -297.134503
-279.565020  -279.557289
-285.635256  -285.592818
-279.626398  -279.572589
-291.588025  -291.504909
-261.191509  -261.258721
-261.160760  -261.163622
-279.848833  -279.834156
-285.691584  -285.699266
-303.831530  -303.665639
-267.250407  -267.258289
-267.193992  -267.230036
-273.192329  -273.172417
-267.469841  -267.503718
-308.698462  -308.727477
-279.249191  -279.270030
-327.282263  -327.341787
-254.576875  -254.667919
-279.496387  -279.356977
-260.772056  -260.861527
-261.030740  -261.083964
-327.290324  -327.342621
-285.478140  -285.458357
-303.729288  -303.589729
-261.296759  -261.329172
-254.852052  -254.887144
-333.231949  -333.224353
-279.708280  -279.722998
-241.468748  -241.477982
-290.045573  -289.875847
-291.390967  -291.451602
-325.643541  -325.584668
-254.947664  -254.933037
-314.918916  -314.980196
-296.834426  -296.603103
-267.551865  -267.532666
-320.881290  -320.931357
-339.404992  -339.464503
-266.774444  -266.883160
-285.547093  -285.527822
-278.763180  -278.943572
-333.576786  -333.620954
-291.379799  -291.368568
-266.941949  -266.951605
-267.507972  -267.540737
-303.769054  -303.640384
-332.099384  -332.408504
-303.631440  -303.583115
-255.136486  -255.165638
-260.996222  -261.008335
-267.062584  -267.115350
-267.446683  -267.484805
-267.632468  -267.606869
-272.571968  -272.723703
-314.365137  -314.565865
-279.578765  -279.556755
-267.439169  -267.498387
-321.398127  -321.367792
-261.256356  -261.345975
-332.951834  -333.100780
-291.058184  -291.064514
-291.466083  -291.381873
-91.938045  -91.980680
-97.600270  -97.603007
-196.672335  -196.744782
-150.895231  -150.838560
-214.071861  -213.976101
-151.261354  -151.151528
-155.835639  -155.956600
-91.896153  -91.928048
-92.123115  -92.095420
-174.316605  -174.275807
-92.074779  -92.069599
-220.140797  -219.911373
-97.629117  -97.607283
-218.952204  -219.111762
-102.536329  -102.722601
-86.178098  -86.263715
-108.646282  -108.737401
-202.860595  -202.739925
-92.083195  -92.076228
-151.155578  -151.072346
-108.700850  -108.773116
-220.165828  -219.934581
-97.580347  -97.552067
-97.603954  -97.605367
-97.593653  -97.563167
-156.620333  -156.661638
-213.708997  -213.714231
-214.074363  -213.910715
-97.296394  -97.435181
-185.282770  -185.150376
-97.602186  -97.603503
-207.645481  -207.616349
-191.301200  -191.290034
-97.582045  -97.553485
-91.920387  -91.943994
-97.638727  -97.635467
-97.593317  -97.562692
-97.588057  -97.559241
-212.795292  -213.100817
-202.673556  -202.619335
-97.681585  -97.664941
-207.716719  -207.884560
-97.589609  -97.559548
-108.589407  -108.703489
-97.612558  -97.611162
-202.558401  -202.573649
-191.125156  -191.137109
-108.592926  -108.707389
-102.560187  -102.744820
-108.697659  -108.772638
-213.350136  -213.435724
-97.589729  -97.560330
-97.591898  -97.561673
-208.126361  -208.090282
-74.437323  -74.530825
-86.315272  -86.292341
-185.778970  -185.733246
-202.311290  -202.313956
-86.377947  -86.362572
-91.901531  -91.951184
-219.812004  -219.683645
-103.184430  -103.227023
-191.635557  -191.493766
-86.310489  -86.288273
-213.794446  -213.804934
-108.704625  -108.775884
-191.356664  -191.213794
-97.591592  -97.562614
-92.111667  -92.085433
-92.130335  -92.100960
-97.633060  -97.597267
-74.383222  -74.518862
-151.165623  -151.054825
-161.258342  -161.521954
-202.791652  -202.701309
-97.571568  -97.542544
-219.950013  -219.780638
-97.290962  -97.431313
-97.299545  -97.438315
-219.434212  -219.366847
-195.192274  -195.744609
-219.415846  -219.363497
-219.339067  -219.341982
-80.523713  -80.540233
-157.232760  -157.158246
-97.680960  -97.661690
-208.455117  -208.221965
-174.746579  -174.579310
-97.627930  -97.606039
-91.904079  -91.953413
-97.622832  -97.604145
-103.183817  -103.226480
-86.182470  -86.265790
-151.011158  -150.955042
-185.970578  -185.755573
-103.062366  -103.142146
-219.364658  -219.420631
-202.836461  -202.698696
-92.127413  -92.098422
-97.602391  -97.604154
-168.037914  -168.069265
-156.980700  -157.020688
-156.329194  -156.500912
-208.224654  -208.174311
-180.221559  -180.068871
-162.921679  -162.772478
-213.975398  -213.678401
-213.110957  -213.351228
-191.201140  -191.160194
-208.449058  -208.293446
-108.699549  -108.771579
-108.700009  -108.772754
-186.061316  -185.883253
-191.363076  -191.288698
-218.750738  -218.839300
-91.925288  -91.970931
-196.771631  -196.695592
-168.297066  -168.293371
-186.272208  -186.174808
-92.126526  -92.097853
-219.870007  -219.716593
-185.113178  -184.933365
-97.300302  -97.438192
-191.503821  -191.418154
-97.626153  -97.605641
-207.690945  -207.749749
-174.670673  -174.450497
-208.286245  -208.195725
-184.826778  -184.609393
-97.601255  -97.602861
-151.526813  -151.370383
-97.509275  -97.566659
-107.690873  -108.031967
-214.028813  -213.940376
-179.928161  -179.834019
-200.956999  -201.472095
-92.126119  -92.098311
-84.703814  -84.798005
-197.366340  -197.236552
-92.116948  -92.089059
-191.516082  -191.442352
-80.172737  -80.276831
-97.496472  -97.558614
-191.412875  -191.345969
-91.896086  -91.925876
-202.448431  -202.456011
-107.695058  -108.033657
-97.643690  -97.620437
-75.632299  -75.724667
-207.953770  -207.835559
-206.901223  -206.819082
-97.682905  -97.663662
-213.398790  -213.399088
-107.861487  -108.165917
-185.960583  -185.796036
-190.869715  -190.960887
-107.762615  -108.090231
-92.080920  -92.075091
-191.205259  -191.243246
-163.279991  -163.081580
-97.492890  -97.555794
-97.651414  -97.628198
-162.894354  -162.776879
-190.889102  -191.012025
-86.316975  -86.295426
-97.499860  -97.559414
-185.733970  -185.641043
-97.670362  -97.651650
-102.310520  -102.582699
-180.068257  -179.925508
-207.958409  -207.994433
-92.069477  -92.064783
-180.102063  -179.997541
-180.050283  -180.018425
-180.023975  -179.976069
-108.567898  -108.689094
-191.350557  -191.320332
-201.530185  -201.732777
-103.111904  -103.169886
-108.700348  -108.772981
-150.518357  -150.580772
-97.589586  -97.561544
-196.691913  -196.735505
-92.113773  -92.090922
-191.564411  -191.486606
-86.168328  -86.238285
-179.807828  -179.701017
-162.062853  -162.147024
-97.602257  -97.603598
-173.885881  -173.802147
-220.363824  -220.051487
-97.503624  -97.562535
-185.545737  -185.472602
-97.597550  -97.599921
-219.933889  -219.767047
-97.784737  -97.744611
-74.379308  -74.535748
-74.374472  -74.530240
-179.827168  -179.844172
-108.701946  -108.773610
-97.603019  -97.604361
-216.909291  -217.781373
-108.104504  -108.349423
-97.641138  -97.639900
-97.655006  -97.633078
-202.621028  -202.483670
-91.904013  -91.953223
-203.095990  -202.894209
-97.580983  -97.553155
-202.798830  -202.748601
-97.588410  -97.559368
-166.614560  -167.107650
-179.651601  -179.584371
-103.070047  -103.147966
-190.887072  -190.971640
-180.167639  -179.979553
-202.796307  -202.666541
-202.640518  -202.664921
-219.236408  -219.262313
-107.695385  -108.034288
-108.697244  -108.772483
-102.538888  -102.727003
-92.126025  -92.097758
-219.890507  -219.608782
-213.726253  -213.711840
-97.593162  -97.597089
-207.893329  -208.032067
-185.368474  -185.295788
-184.960436  -184.949994
-97.685004  -97.666364
-163.070078  -162.974377
-92.118601  -92.094657
-180.078052  -179.946734
-180.324972  -180.143540
-92.128438  -92.099311
-185.043958  -184.980188
-185.826642  -185.666624
-180.253335  -180.135657
-108.697086  -108.772973
-180.198022  -180.039126
-102.532445  -102.720002
-103.182231  -103.225993
-97.691605  -97.699698
-86.394600  -86.394395
-212.804093  -213.149300
-86.305770  -86.285093
-150.101253  -150.208051
-97.595223  -97.597945
-202.842847  -202.793827
-151.190288  -151.111780
-74.377066  -74.533843
-180.093248  -179.954690
-213.240995  -213.395534
-197.219088  -197.200487
-91.896810  -91.932615
-156.997671  -156.829289
-92.127657  -92.098704
-72.197923  -72.223055
-208.592570  -208.464955
-97.593246  -97.562515
-179.895306  -179.748169
-214.167073  -213.978239
-103.055519  -103.136727
-88.290035  -88.303316
-179.249925  -179.245698
-97.600050  -97.571952
-213.844884  -213.778925
-91.896132  -91.927210
-92.127462  -92.099131
-97.632807  -97.611317
-94.133162  -94.117680
-102.811613  -102.950236
-97.598650  -97.600903
-213.028882  -212.986603
-190.915094  -190.956175
-219.248042  -219.315210
-196.766136  -196.768421
-174.241037  -174.145905
-103.103473  -103.164547
-156.541996  -156.673339
-108.602932  -108.714768
-151.250924  -151.171677
-74.392225  -74.523629
