Code for generating 2D crystals used in USPEX
Written by H. T. Stokes, Adapted by Q Zhu
Random_cell2d
Space-group symmetry:  13
Area of primitive unit cell:     73.84
Height of layer:      2.00
Number of types of atoms:  2
Number of atoms of each type:   1   8
Minimum distance between each type of atom:
   0.792   0.854   0.854   0.917
Print symmetry operation:  0
cell parameters:   8.59300   8.59300   2.00000  90.00000  90.00000  90.08000
  9 atomic parameters
  9 atoms
  1 1   0.66667   0.33333   0.46043 1(0,0,1)
  2 2   0.34661   0.95186   0.94595 2(1,0,0) 3(0,1,0) 4(0,0,1)
  3 2   0.04814   0.39475   0.94595 2(0,1,0) 3(-1,-1,0) 4(0,0,1)
  4 2   0.60525   0.65339   0.94595 2(-1,-1,0) 3(1,0,0) 4(0,0,1)
  5 2   0.91556   0.48946   0.75354 5(1,0,0) 6(0,1,0) 7(0,0,1)
  6 2   0.51054   0.42610   0.75354 5(0,1,0) 6(-1,-1,0) 7(0,0,1)
  7 2   0.57390   0.08444   0.75354 5(-1,-1,0) 6(1,0,0) 7(0,0,1)
  8 2   0.00000   0.00000   0.38475 8(0,0,1)
  9 2   0.33333   0.66667   0.52417 9(0,0,1)
