Code for generating 2D crystals used in USPEX
Written by H. T. Stokes, Adapted by Q Zhu
Random_cell2d
Space-group symmetry:  11
Area of primitive unit cell:     73.84
Height of layer:      2.00
Number of types of atoms:  2
Number of atoms of each type:   5   8
Minimum distance between each type of atom:
   0.792   0.854   0.854   0.917
Print symmetry operation:  0
cell parameters:   8.59300   8.59300   2.00000  90.00000  90.00000  90.08000
  8 atomic parameters
 13 atoms
  1 1   0.35727   0.35727   0.46356 1(1,1,0) 2(0,0,1)
  2 1   0.64273   0.64273   0.46356 1(-1,-1,0) 2(0,0,1)
  3 1   0.64273   0.35727   0.46356 1(-1,1,0) 2(0,0,1)
  4 1   0.35727   0.64273   0.46356 1(1,-1,0) 2(0,0,1)
  5 1   0.00000   0.00000   0.60691 3(0,0,1)
  6 2   0.50000   0.00000   0.48726 4(0,0,1)
  7 2   0.00000   0.50000   0.48726 4(0,0,1)
  8 2   0.23874   0.50000   0.55820 5(1,0,0) 6(0,0,1)
  9 2   0.76126   0.50000   0.55820 5(-1,0,0) 6(0,0,1)
 10 2   0.50000   0.23874   0.55820 5(0,1,0) 6(0,0,1)
 11 2   0.50000   0.76126   0.55820 5(0,-1,0) 6(0,0,1)
 12 2   0.50000   0.50000   0.90539 7(0,0,1)
 13 2   0.50000   0.50000   0.39058 8(0,0,1)
