Code for generating 2D crystals used in USPEX
Written by H. T. Stokes, Adapted by Q Zhu
Random_cell2d
Space-group symmetry:  14
Area of primitive unit cell:     73.84
Height of layer:      2.00
Number of types of atoms:  2
Number of atoms of each type:   4   8
Minimum distance between each type of atom:
   0.792   0.854   0.854   0.917
Print symmetry operation:  0
cell parameters:   8.59300   8.59300   2.00000  90.00000  90.00000  90.08000
  9 atomic parameters
 12 atoms
  1 1   0.45071   0.54929   0.79808 1(1,-1,0) 2(0,0,1)
  2 1   0.45071   0.90143   0.79808 1(1,2,0) 2(0,0,1)
  3 1   0.09857   0.54929   0.79808 1(-2,-1,0) 2(0,0,1)
  4 1   0.33333   0.66667   0.70562 3(0,0,1)
  5 2   0.89113   0.10887   0.28672 4(1,-1,0) 5(0,0,1)
  6 2   0.89113   0.78226   0.28672 4(1,2,0) 5(0,0,1)
  7 2   0.21774   0.10887   0.28672 4(-2,-1,0) 5(0,0,1)
  8 2   0.72088   0.27912   0.36341 6(1,-1,0) 7(0,0,1)
  9 2   0.72088   0.44177   0.36341 6(1,2,0) 7(0,0,1)
 10 2   0.55823   0.27912   0.36341 6(-2,-1,0) 7(0,0,1)
 11 2   0.00000   0.00000   0.51016 8(0,0,1)
 12 2   0.66667   0.33333   0.82724 9(0,0,1)
