Code for generating 2D crystals used in USPEX
Written by H. T. Stokes, Adapted by Q Zhu
Random_cell2d
Space-group symmetry:   2
Area of primitive unit cell:     73.84
Height of layer:      2.00
Number of types of atoms:  2
Number of atoms of each type:   2   8
Minimum distance between each type of atom:
   0.792   0.854   0.854   0.917
Print symmetry operation:  0
cell parameters:   8.59300   8.59300   2.00000  90.00000  90.00000  90.08000
 15 atomic parameters
 10 atoms
  1 1   0.61540   0.04025   0.69310 1(1,0,0) 2(0,1,0) 3(0,0,1)
  2 1   0.38460   0.95975   0.69310 1(-1,0,0) 2(0,-1,0) 3(0,0,1)
  3 2   0.12265   0.64980   0.63106 4(1,0,0) 5(0,1,0) 6(0,0,1)
  4 2   0.87735   0.35020   0.63106 4(-1,0,0) 5(0,-1,0) 6(0,0,1)
  5 2   0.83707   0.74958   0.99829 7(1,0,0) 8(0,1,0) 9(0,0,1)
  6 2   0.16293   0.25042   0.99829 7(-1,0,0) 8(0,-1,0) 9(0,0,1)
  7 2   0.44006   0.52207   0.04429 10(1,0,0) 11(0,1,0) 12(0,0,1)
  8 2   0.55994   0.47793   0.04429 10(-1,0,0) 11(0,-1,0) 12(0,0,1)
  9 2   0.93210   0.69643   0.41953 13(1,0,0) 14(0,1,0) 15(0,0,1)
 10 2   0.06790   0.30357   0.41953 13(-1,0,0) 14(0,-1,0) 15(0,0,1)
