Code for generating 2D crystals used in USPEX
Written by H. T. Stokes, Adapted by Q Zhu
Random_cell2d
Space-group symmetry:   2
Area of primitive unit cell:     73.84
Height of layer:      2.00
Number of types of atoms:  2
Number of atoms of each type:   5   8
Minimum distance between each type of atom:
   0.792   0.854   0.854   0.917
Print symmetry operation:  0
cell parameters:   8.59300   8.59300   2.00000  90.00000  90.00000  90.08000
 19 atomic parameters
 13 atoms
  1 1   0.59761   0.97590   0.31031 1(1,0,0) 2(0,1,0) 3(0,0,1)
  2 1   0.40239   0.02410   0.31031 1(-1,0,0) 2(0,-1,0) 3(0,0,1)
  3 1   0.62353   0.07103   0.83315 4(1,0,0) 5(0,1,0) 6(0,0,1)
  4 1   0.37647   0.92897   0.83315 4(-1,0,0) 5(0,-1,0) 6(0,0,1)
  5 1   0.50000   0.50000   0.91994 7(0,0,1)
  6 2   0.26229   0.45669   0.39146 8(1,0,0) 9(0,1,0) 10(0,0,1)
  7 2   0.73771   0.54331   0.39146 8(-1,0,0) 9(0,-1,0) 10(0,0,1)
  8 2   0.93917   0.34884   0.51652 11(1,0,0) 12(0,1,0) 13(0,0,1)
  9 2   0.06083   0.65116   0.51652 11(-1,0,0) 12(0,-1,0) 13(0,0,1)
 10 2   0.28709   0.89390   0.16286 14(1,0,0) 15(0,1,0) 16(0,0,1)
 11 2   0.71291   0.10610   0.16286 14(-1,0,0) 15(0,-1,0) 16(0,0,1)
 12 2   0.15106   0.00731   0.62674 17(1,0,0) 18(0,1,0) 19(0,0,1)
 13 2   0.84894   0.99269   0.62674 17(-1,0,0) 18(0,-1,0) 19(0,0,1)
