2025-02-28 19:57:41.349387: E tensorflow/compiler/xla/stream_executor/cuda/cuda_dnn.cc:9342] Unable to register cuDNN factory: Attempting to register factory for plugin cuDNN when one has already been registered
2025-02-28 19:57:41.349467: E tensorflow/compiler/xla/stream_executor/cuda/cuda_fft.cc:609] Unable to register cuFFT factory: Attempting to register factory for plugin cuFFT when one has already been registered
2025-02-28 19:57:41.349487: E tensorflow/compiler/xla/stream_executor/cuda/cuda_blas.cc:1518] Unable to register cuBLAS factory: Attempting to register factory for plugin cuBLAS when one has already been registered
2025-02-28 19:57:41.360251: I tensorflow/core/platform/cpu_feature_guard.cc:182] This TensorFlow binary is optimized to use available CPU instructions in performance-critical operations.
To enable the following instructions: SSE4.1 SSE4.2 AVX AVX2 FMA, in other operations, rebuild TensorFlow with the appropriate compiler flags.
WARNING:tensorflow:From /home/fwtop/Public/deepmd-kit/lib/python3.11/site-packages/tensorflow/python/compat/v2_compat.py:108: disable_resource_variables (from tensorflow.python.ops.variable_scope) is deprecated and will be removed in a future version.
Instructions for updating:
non-resource variables are not supported in the long term
WARNING:root:To get the best performance, it is recommended to adjust the number of threads by setting the environment variables OMP_NUM_THREADS, TF_INTRA_OP_PARALLELISM_THREADS, and TF_INTER_OP_PARALLELISM_THREADS. See https://deepmd.rtfd.io/parallelism/ for more information.
2025-02-28 19:57:44.495874: I tensorflow/core/common_runtime/gpu/gpu_device.cc:1886] Created device /job:localhost/replica:0/task:0/device:GPU:0 with 22283 MB memory:  -> device: 0, name: NVIDIA GeForce RTX 4090, pci bus id: 0000:84:00.0, compute capability: 8.9
2025-02-28 19:57:44.579219: I tensorflow/compiler/mlir/mlir_graph_optimization_pass.cc:382] MLIR V1 optimization pass is not enabled
DEEPMD WARNING The following nodes are not in the graph: {'spin_attr/ntypes_spin', 'fitting_attr/aparam_nall'}. Skip freezeing these nodes. You may be freezing a checkpoint generated by an old version.
DEEPMD INFO    The following nodes will be frozen: ['descrpt_attr/ntypes', 'o_energy', 'fitting_attr/dfparam', 'fitting_attr/daparam', 'o_atom_virial', 'model_attr/model_version', 't_mesh', 'train_attr/training_script', 'train_attr/min_nbor_dist', 'model_attr/model_type', 'o_virial', 'o_atom_energy', 'descrpt_attr/rcut', 'o_force', 'model_attr/tmap', 'model_type']
WARNING:tensorflow:From /home/fwtop/Public/deepmd-kit/lib/python3.11/site-packages/deepmd/entrypoints/freeze.py:371: convert_variables_to_constants (from tensorflow.python.framework.convert_to_constants) is deprecated and will be removed in a future version.
Instructions for updating:
This API was designed for TensorFlow v1. See https://www.tensorflow.org/guide/migrate for instructions on how to migrate your code to TensorFlow v2.
WARNING:tensorflow:From /home/fwtop/Public/deepmd-kit/lib/python3.11/site-packages/deepmd/entrypoints/freeze.py:371: convert_variables_to_constants (from tensorflow.python.framework.convert_to_constants) is deprecated and will be removed in a future version.
Instructions for updating:
This API was designed for TensorFlow v1. See https://www.tensorflow.org/guide/migrate for instructions on how to migrate your code to TensorFlow v2.
WARNING:tensorflow:From /home/fwtop/Public/deepmd-kit/lib/python3.11/site-packages/tensorflow/python/framework/convert_to_constants.py:946: extract_sub_graph (from tensorflow.python.framework.graph_util_impl) is deprecated and will be removed in a future version.
Instructions for updating:
This API was designed for TensorFlow v1. See https://www.tensorflow.org/guide/migrate for instructions on how to migrate your code to TensorFlow v2.
WARNING:tensorflow:From /home/fwtop/Public/deepmd-kit/lib/python3.11/site-packages/tensorflow/python/framework/convert_to_constants.py:946: extract_sub_graph (from tensorflow.python.framework.graph_util_impl) is deprecated and will be removed in a future version.
Instructions for updating:
This API was designed for TensorFlow v1. See https://www.tensorflow.org/guide/migrate for instructions on how to migrate your code to TensorFlow v2.
DEEPMD INFO    1226 ops in the final graph.
2025-02-28 19:58:11.314749: E tensorflow/compiler/xla/stream_executor/cuda/cuda_dnn.cc:9342] Unable to register cuDNN factory: Attempting to register factory for plugin cuDNN when one has already been registered
2025-02-28 19:58:11.314808: E tensorflow/compiler/xla/stream_executor/cuda/cuda_fft.cc:609] Unable to register cuFFT factory: Attempting to register factory for plugin cuFFT when one has already been registered
2025-02-28 19:58:11.314824: E tensorflow/compiler/xla/stream_executor/cuda/cuda_blas.cc:1518] Unable to register cuBLAS factory: Attempting to register factory for plugin cuBLAS when one has already been registered
2025-02-28 19:58:11.323455: I tensorflow/core/platform/cpu_feature_guard.cc:182] This TensorFlow binary is optimized to use available CPU instructions in performance-critical operations.
To enable the following instructions: SSE4.1 SSE4.2 AVX AVX2 FMA, in other operations, rebuild TensorFlow with the appropriate compiler flags.
WARNING:tensorflow:From /home/fwtop/Public/deepmd-kit/lib/python3.11/site-packages/tensorflow/python/compat/v2_compat.py:108: disable_resource_variables (from tensorflow.python.ops.variable_scope) is deprecated and will be removed in a future version.
Instructions for updating:
non-resource variables are not supported in the long term
WARNING:root:To get the best performance, it is recommended to adjust the number of threads by setting the environment variables OMP_NUM_THREADS, TF_INTRA_OP_PARALLELISM_THREADS, and TF_INTER_OP_PARALLELISM_THREADS. See https://deepmd.rtfd.io/parallelism/ for more information.
2025-02-28 19:58:14.519831: I tensorflow/core/common_runtime/gpu/gpu_device.cc:1886] Created device /job:localhost/replica:0/task:0/device:GPU:0 with 22283 MB memory:  -> device: 0, name: NVIDIA GeForce RTX 4090, pci bus id: 0000:84:00.0, compute capability: 8.9
2025-02-28 19:58:14.606778: I tensorflow/compiler/mlir/mlir_graph_optimization_pass.cc:382] MLIR V1 optimization pass is not enabled
DEEPMD WARNING The following nodes are not in the graph: {'spin_attr/ntypes_spin', 'fitting_attr/aparam_nall'}. Skip freezeing these nodes. You may be freezing a checkpoint generated by an old version.
DEEPMD INFO    The following nodes will be frozen: ['fitting_attr/daparam', 'o_force', 'o_energy', 'model_attr/model_version', 't_mesh', 'model_type', 'train_attr/training_script', 'o_virial', 'model_attr/tmap', 'model_attr/model_type', 'descrpt_attr/rcut', 'o_atom_energy', 'o_atom_virial', 'descrpt_attr/ntypes', 'fitting_attr/dfparam', 'train_attr/min_nbor_dist']
WARNING:tensorflow:From /home/fwtop/Public/deepmd-kit/lib/python3.11/site-packages/deepmd/entrypoints/freeze.py:371: convert_variables_to_constants (from tensorflow.python.framework.convert_to_constants) is deprecated and will be removed in a future version.
Instructions for updating:
This API was designed for TensorFlow v1. See https://www.tensorflow.org/guide/migrate for instructions on how to migrate your code to TensorFlow v2.
WARNING:tensorflow:From /home/fwtop/Public/deepmd-kit/lib/python3.11/site-packages/deepmd/entrypoints/freeze.py:371: convert_variables_to_constants (from tensorflow.python.framework.convert_to_constants) is deprecated and will be removed in a future version.
Instructions for updating:
This API was designed for TensorFlow v1. See https://www.tensorflow.org/guide/migrate for instructions on how to migrate your code to TensorFlow v2.
WARNING:tensorflow:From /home/fwtop/Public/deepmd-kit/lib/python3.11/site-packages/tensorflow/python/framework/convert_to_constants.py:946: extract_sub_graph (from tensorflow.python.framework.graph_util_impl) is deprecated and will be removed in a future version.
Instructions for updating:
This API was designed for TensorFlow v1. See https://www.tensorflow.org/guide/migrate for instructions on how to migrate your code to TensorFlow v2.
WARNING:tensorflow:From /home/fwtop/Public/deepmd-kit/lib/python3.11/site-packages/tensorflow/python/framework/convert_to_constants.py:946: extract_sub_graph (from tensorflow.python.framework.graph_util_impl) is deprecated and will be removed in a future version.
Instructions for updating:
This API was designed for TensorFlow v1. See https://www.tensorflow.org/guide/migrate for instructions on how to migrate your code to TensorFlow v2.
DEEPMD INFO    1226 ops in the final graph.
