Code for generating 2D crystals used in USPEX
Written by H. T. Stokes, Adapted by Q Zhu
Random_cell2d
Space-group symmetry:  17
Area of primitive unit cell:     73.84
Height of layer:      2.00
Number of types of atoms:  2
Number of atoms of each type:   1   8
Minimum distance between each type of atom:
   0.792   0.854   0.854   0.917
Print symmetry operation:  0
cell parameters:   8.59300   8.59300   2.00000  90.00000  90.00000  90.08000
  4 atomic parameters
  9 atoms
  1 1   0.00000   0.00000   0.75799 1(0,0,1)
  2 2   0.58187   0.41813   0.29277 2(1,-1,0) 3(0,0,1)
  3 2   0.16374   0.58187   0.29277 2(2,1,0) 3(0,0,1)
  4 2   0.58187   0.16374   0.29277 2(1,2,0) 3(0,0,1)
  5 2   0.41813   0.58187   0.29277 2(-1,1,0) 3(0,0,1)
  6 2   0.83626   0.41813   0.29277 2(-2,-1,0) 3(0,0,1)
  7 2   0.41813   0.83626   0.29277 2(-1,-2,0) 3(0,0,1)
  8 2   0.33333   0.66667   0.73175 4(0,0,1)
  9 2   0.66667   0.33333   0.73175 4(0,0,1)
