2025-02-21 21:39:22.444401: E tensorflow/compiler/xla/stream_executor/cuda/cuda_dnn.cc:9342] Unable to register cuDNN factory: Attempting to register factory for plugin cuDNN when one has already been registered
2025-02-21 21:39:22.444473: E tensorflow/compiler/xla/stream_executor/cuda/cuda_fft.cc:609] Unable to register cuFFT factory: Attempting to register factory for plugin cuFFT when one has already been registered
2025-02-21 21:39:22.444494: E tensorflow/compiler/xla/stream_executor/cuda/cuda_blas.cc:1518] Unable to register cuBLAS factory: Attempting to register factory for plugin cuBLAS when one has already been registered
2025-02-21 21:39:22.454983: I tensorflow/core/platform/cpu_feature_guard.cc:182] This TensorFlow binary is optimized to use available CPU instructions in performance-critical operations.
To enable the following instructions: SSE4.1 SSE4.2 AVX AVX2 FMA, in other operations, rebuild TensorFlow with the appropriate compiler flags.
WARNING:tensorflow:From /home/fwtop/Public/deepmd-kit/lib/python3.11/site-packages/tensorflow/python/compat/v2_compat.py:108: disable_resource_variables (from tensorflow.python.ops.variable_scope) is deprecated and will be removed in a future version.
Instructions for updating:
non-resource variables are not supported in the long term
WARNING:root:To get the best performance, it is recommended to adjust the number of threads by setting the environment variables OMP_NUM_THREADS, TF_INTRA_OP_PARALLELISM_THREADS, and TF_INTER_OP_PARALLELISM_THREADS. See https://deepmd.rtfd.io/parallelism/ for more information.
2025-02-21 21:39:25.916762: I tensorflow/core/common_runtime/gpu/gpu_device.cc:1886] Created device /job:localhost/replica:0/task:0/device:GPU:0 with 22283 MB memory:  -> device: 0, name: NVIDIA GeForce RTX 4090, pci bus id: 0000:85:00.0, compute capability: 8.9
2025-02-21 21:39:25.981636: I tensorflow/compiler/mlir/mlir_graph_optimization_pass.cc:382] MLIR V1 optimization pass is not enabled
DEEPMD WARNING The following nodes are not in the graph: {'spin_attr/ntypes_spin', 'fitting_attr/aparam_nall'}. Skip freezeing these nodes. You may be freezing a checkpoint generated by an old version.
DEEPMD INFO    The following nodes will be frozen: ['o_atom_energy', 'model_attr/model_version', 'fitting_attr/dfparam', 'o_virial', 'model_attr/tmap', 'fitting_attr/daparam', 'descrpt_attr/ntypes', 'model_type', 'train_attr/min_nbor_dist', 't_mesh', 'o_force', 'train_attr/training_script', 'o_atom_virial', 'model_attr/model_type', 'descrpt_attr/rcut', 'o_energy']
WARNING:tensorflow:From /home/fwtop/Public/deepmd-kit/lib/python3.11/site-packages/deepmd/entrypoints/freeze.py:371: convert_variables_to_constants (from tensorflow.python.framework.convert_to_constants) is deprecated and will be removed in a future version.
Instructions for updating:
This API was designed for TensorFlow v1. See https://www.tensorflow.org/guide/migrate for instructions on how to migrate your code to TensorFlow v2.
WARNING:tensorflow:From /home/fwtop/Public/deepmd-kit/lib/python3.11/site-packages/deepmd/entrypoints/freeze.py:371: convert_variables_to_constants (from tensorflow.python.framework.convert_to_constants) is deprecated and will be removed in a future version.
Instructions for updating:
This API was designed for TensorFlow v1. See https://www.tensorflow.org/guide/migrate for instructions on how to migrate your code to TensorFlow v2.
WARNING:tensorflow:From /home/fwtop/Public/deepmd-kit/lib/python3.11/site-packages/tensorflow/python/framework/convert_to_constants.py:946: extract_sub_graph (from tensorflow.python.framework.graph_util_impl) is deprecated and will be removed in a future version.
Instructions for updating:
This API was designed for TensorFlow v1. See https://www.tensorflow.org/guide/migrate for instructions on how to migrate your code to TensorFlow v2.
WARNING:tensorflow:From /home/fwtop/Public/deepmd-kit/lib/python3.11/site-packages/tensorflow/python/framework/convert_to_constants.py:946: extract_sub_graph (from tensorflow.python.framework.graph_util_impl) is deprecated and will be removed in a future version.
Instructions for updating:
This API was designed for TensorFlow v1. See https://www.tensorflow.org/guide/migrate for instructions on how to migrate your code to TensorFlow v2.
DEEPMD INFO    1222 ops in the final graph.
2025-02-21 21:39:52.438519: E tensorflow/compiler/xla/stream_executor/cuda/cuda_dnn.cc:9342] Unable to register cuDNN factory: Attempting to register factory for plugin cuDNN when one has already been registered
2025-02-21 21:39:52.438591: E tensorflow/compiler/xla/stream_executor/cuda/cuda_fft.cc:609] Unable to register cuFFT factory: Attempting to register factory for plugin cuFFT when one has already been registered
2025-02-21 21:39:52.438611: E tensorflow/compiler/xla/stream_executor/cuda/cuda_blas.cc:1518] Unable to register cuBLAS factory: Attempting to register factory for plugin cuBLAS when one has already been registered
2025-02-21 21:39:52.449152: I tensorflow/core/platform/cpu_feature_guard.cc:182] This TensorFlow binary is optimized to use available CPU instructions in performance-critical operations.
To enable the following instructions: SSE4.1 SSE4.2 AVX AVX2 FMA, in other operations, rebuild TensorFlow with the appropriate compiler flags.
WARNING:tensorflow:From /home/fwtop/Public/deepmd-kit/lib/python3.11/site-packages/tensorflow/python/compat/v2_compat.py:108: disable_resource_variables (from tensorflow.python.ops.variable_scope) is deprecated and will be removed in a future version.
Instructions for updating:
non-resource variables are not supported in the long term
WARNING:root:To get the best performance, it is recommended to adjust the number of threads by setting the environment variables OMP_NUM_THREADS, TF_INTRA_OP_PARALLELISM_THREADS, and TF_INTER_OP_PARALLELISM_THREADS. See https://deepmd.rtfd.io/parallelism/ for more information.
2025-02-21 21:39:55.983906: I tensorflow/core/common_runtime/gpu/gpu_device.cc:1886] Created device /job:localhost/replica:0/task:0/device:GPU:0 with 22283 MB memory:  -> device: 0, name: NVIDIA GeForce RTX 4090, pci bus id: 0000:85:00.0, compute capability: 8.9
2025-02-21 21:39:56.079222: I tensorflow/compiler/mlir/mlir_graph_optimization_pass.cc:382] MLIR V1 optimization pass is not enabled
DEEPMD WARNING The following nodes are not in the graph: {'fitting_attr/aparam_nall', 'spin_attr/ntypes_spin'}. Skip freezeing these nodes. You may be freezing a checkpoint generated by an old version.
DEEPMD INFO    The following nodes will be frozen: ['model_attr/model_version', 'o_atom_energy', 'model_attr/model_type', 'o_atom_virial', 'train_attr/training_script', 'fitting_attr/daparam', 't_mesh', 'fitting_attr/dfparam', 'o_force', 'o_energy', 'model_attr/tmap', 'descrpt_attr/rcut', 'descrpt_attr/ntypes', 'o_virial', 'train_attr/min_nbor_dist', 'model_type']
WARNING:tensorflow:From /home/fwtop/Public/deepmd-kit/lib/python3.11/site-packages/deepmd/entrypoints/freeze.py:371: convert_variables_to_constants (from tensorflow.python.framework.convert_to_constants) is deprecated and will be removed in a future version.
Instructions for updating:
This API was designed for TensorFlow v1. See https://www.tensorflow.org/guide/migrate for instructions on how to migrate your code to TensorFlow v2.
WARNING:tensorflow:From /home/fwtop/Public/deepmd-kit/lib/python3.11/site-packages/deepmd/entrypoints/freeze.py:371: convert_variables_to_constants (from tensorflow.python.framework.convert_to_constants) is deprecated and will be removed in a future version.
Instructions for updating:
This API was designed for TensorFlow v1. See https://www.tensorflow.org/guide/migrate for instructions on how to migrate your code to TensorFlow v2.
WARNING:tensorflow:From /home/fwtop/Public/deepmd-kit/lib/python3.11/site-packages/tensorflow/python/framework/convert_to_constants.py:946: extract_sub_graph (from tensorflow.python.framework.graph_util_impl) is deprecated and will be removed in a future version.
Instructions for updating:
This API was designed for TensorFlow v1. See https://www.tensorflow.org/guide/migrate for instructions on how to migrate your code to TensorFlow v2.
WARNING:tensorflow:From /home/fwtop/Public/deepmd-kit/lib/python3.11/site-packages/tensorflow/python/framework/convert_to_constants.py:946: extract_sub_graph (from tensorflow.python.framework.graph_util_impl) is deprecated and will be removed in a future version.
Instructions for updating:
This API was designed for TensorFlow v1. See https://www.tensorflow.org/guide/migrate for instructions on how to migrate your code to TensorFlow v2.
DEEPMD INFO    1222 ops in the final graph.
2025-02-21 23:16:22.345386: E tensorflow/compiler/xla/stream_executor/cuda/cuda_dnn.cc:9342] Unable to register cuDNN factory: Attempting to register factory for plugin cuDNN when one has already been registered
2025-02-21 23:16:22.345426: E tensorflow/compiler/xla/stream_executor/cuda/cuda_fft.cc:609] Unable to register cuFFT factory: Attempting to register factory for plugin cuFFT when one has already been registered
2025-02-21 23:16:22.345441: E tensorflow/compiler/xla/stream_executor/cuda/cuda_blas.cc:1518] Unable to register cuBLAS factory: Attempting to register factory for plugin cuBLAS when one has already been registered
2025-02-21 23:16:22.354073: I tensorflow/core/platform/cpu_feature_guard.cc:182] This TensorFlow binary is optimized to use available CPU instructions in performance-critical operations.
To enable the following instructions: SSE4.1 SSE4.2 AVX AVX2 FMA, in other operations, rebuild TensorFlow with the appropriate compiler flags.
WARNING:tensorflow:From /home/fwtop/Public/deepmd-kit/lib/python3.11/site-packages/tensorflow/python/compat/v2_compat.py:108: disable_resource_variables (from tensorflow.python.ops.variable_scope) is deprecated and will be removed in a future version.
Instructions for updating:
non-resource variables are not supported in the long term
WARNING:root:To get the best performance, it is recommended to adjust the number of threads by setting the environment variables OMP_NUM_THREADS, TF_INTRA_OP_PARALLELISM_THREADS, and TF_INTER_OP_PARALLELISM_THREADS. See https://deepmd.rtfd.io/parallelism/ for more information.
2025-02-21 23:16:25.991504: I tensorflow/core/common_runtime/gpu/gpu_device.cc:1886] Created device /job:localhost/replica:0/task:0/device:GPU:0 with 22283 MB memory:  -> device: 0, name: NVIDIA GeForce RTX 4090, pci bus id: 0000:85:00.0, compute capability: 8.9
2025-02-21 23:16:26.106338: I tensorflow/compiler/mlir/mlir_graph_optimization_pass.cc:382] MLIR V1 optimization pass is not enabled
DEEPMD WARNING The following nodes are not in the graph: {'fitting_attr/aparam_nall', 'spin_attr/ntypes_spin'}. Skip freezeing these nodes. You may be freezing a checkpoint generated by an old version.
DEEPMD INFO    The following nodes will be frozen: ['model_type', 'train_attr/min_nbor_dist', 'descrpt_attr/rcut', 't_mesh', 'model_attr/tmap', 'train_attr/training_script', 'o_virial', 'o_force', 'model_attr/model_version', 'model_attr/model_type', 'fitting_attr/dfparam', 'o_atom_energy', 'o_atom_virial', 'descrpt_attr/ntypes', 'fitting_attr/daparam', 'o_energy']
WARNING:tensorflow:From /home/fwtop/Public/deepmd-kit/lib/python3.11/site-packages/deepmd/entrypoints/freeze.py:371: convert_variables_to_constants (from tensorflow.python.framework.convert_to_constants) is deprecated and will be removed in a future version.
Instructions for updating:
This API was designed for TensorFlow v1. See https://www.tensorflow.org/guide/migrate for instructions on how to migrate your code to TensorFlow v2.
WARNING:tensorflow:From /home/fwtop/Public/deepmd-kit/lib/python3.11/site-packages/deepmd/entrypoints/freeze.py:371: convert_variables_to_constants (from tensorflow.python.framework.convert_to_constants) is deprecated and will be removed in a future version.
Instructions for updating:
This API was designed for TensorFlow v1. See https://www.tensorflow.org/guide/migrate for instructions on how to migrate your code to TensorFlow v2.
WARNING:tensorflow:From /home/fwtop/Public/deepmd-kit/lib/python3.11/site-packages/tensorflow/python/framework/convert_to_constants.py:946: extract_sub_graph (from tensorflow.python.framework.graph_util_impl) is deprecated and will be removed in a future version.
Instructions for updating:
This API was designed for TensorFlow v1. See https://www.tensorflow.org/guide/migrate for instructions on how to migrate your code to TensorFlow v2.
WARNING:tensorflow:From /home/fwtop/Public/deepmd-kit/lib/python3.11/site-packages/tensorflow/python/framework/convert_to_constants.py:946: extract_sub_graph (from tensorflow.python.framework.graph_util_impl) is deprecated and will be removed in a future version.
Instructions for updating:
This API was designed for TensorFlow v1. See https://www.tensorflow.org/guide/migrate for instructions on how to migrate your code to TensorFlow v2.
DEEPMD INFO    1222 ops in the final graph.
