2025-03-03 12:50:17.400002: E tensorflow/compiler/xla/stream_executor/cuda/cuda_dnn.cc:9342] Unable to register cuDNN factory: Attempting to register factory for plugin cuDNN when one has already been registered
2025-03-03 12:50:17.400074: E tensorflow/compiler/xla/stream_executor/cuda/cuda_fft.cc:609] Unable to register cuFFT factory: Attempting to register factory for plugin cuFFT when one has already been registered
2025-03-03 12:50:17.400094: E tensorflow/compiler/xla/stream_executor/cuda/cuda_blas.cc:1518] Unable to register cuBLAS factory: Attempting to register factory for plugin cuBLAS when one has already been registered
2025-03-03 12:50:17.410805: I tensorflow/core/platform/cpu_feature_guard.cc:182] This TensorFlow binary is optimized to use available CPU instructions in performance-critical operations.
To enable the following instructions: SSE4.1 SSE4.2 AVX AVX2 FMA, in other operations, rebuild TensorFlow with the appropriate compiler flags.
WARNING:tensorflow:From /home/fwtop/Public/deepmd-kit/lib/python3.11/site-packages/tensorflow/python/compat/v2_compat.py:108: disable_resource_variables (from tensorflow.python.ops.variable_scope) is deprecated and will be removed in a future version.
Instructions for updating:
non-resource variables are not supported in the long term
WARNING:root:To get the best performance, it is recommended to adjust the number of threads by setting the environment variables OMP_NUM_THREADS, TF_INTRA_OP_PARALLELISM_THREADS, and TF_INTER_OP_PARALLELISM_THREADS. See https://deepmd.rtfd.io/parallelism/ for more information.
DEEPMD INFO    Calculate neighbor statistics... (add --skip-neighbor-stat to skip this step)
2025-03-03 12:50:24.127924: I tensorflow/core/common_runtime/gpu/gpu_device.cc:1886] Created device /job:localhost/replica:0/task:0/device:GPU:0 with 22283 MB memory:  -> device: 0, name: NVIDIA GeForce RTX 4090, pci bus id: 0000:88:00.0, compute capability: 8.9
2025-03-03 12:50:24.140283: I tensorflow/compiler/mlir/mlir_graph_optimization_pass.cc:382] MLIR V1 optimization pass is not enabled
2025-03-03 12:50:24.247739: I tensorflow/core/util/cuda_solvers.cc:179] Creating GpuSolver handles for stream 0x563bebdda7b0
DEEPMD INFO    training data with min nbor dist: 0.8918040532832471
DEEPMD INFO    training data with max nbor size: [27 60]
DEEPMD INFO     _____               _____   __  __  _____           _     _  _   
DEEPMD INFO    |  __ \             |  __ \ |  \/  ||  __ \         | |   (_)| |  
DEEPMD INFO    | |  | |  ___   ___ | |__) || \  / || |  | | ______ | | __ _ | |_ 
DEEPMD INFO    | |  | | / _ \ / _ \|  ___/ | |\/| || |  | ||______|| |/ /| || __|
DEEPMD INFO    | |__| ||  __/|  __/| |     | |  | || |__| |        |   < | || |_ 
DEEPMD INFO    |_____/  \___| \___||_|     |_|  |_||_____/         |_|\_\|_| \__|
DEEPMD INFO    Please read and cite:
DEEPMD INFO    Wang, Zhang, Han and E, Comput.Phys.Comm. 228, 178-184 (2018)
DEEPMD INFO    Zeng et al, J. Chem. Phys., 159, 054801 (2023)
DEEPMD INFO    See https://deepmd.rtfd.io/credits/ for details.
DEEPMD INFO    installed to:         /usr/local
DEEPMD INFO    source :              
DEEPMD INFO    source brach:         HEAD
DEEPMD INFO    source commit:        e08ccaf
DEEPMD INFO    source commit at:     2024-04-06 23:39:30 +0000
DEEPMD INFO    build float prec:     double
DEEPMD INFO    build variant:        cuda
DEEPMD INFO    build with tf inc:    /home/fwtop/Public/deepmd-kit/lib/python3.11/site-packages/tensorflow/include/;/home/fwtop/Public/deepmd-kit/include
DEEPMD INFO    build with tf lib:    
DEEPMD INFO    ---Summary of the training---------------------------------------
DEEPMD INFO    running on:           centos
DEEPMD INFO    computing device:     gpu:0
DEEPMD INFO    CUDA_VISIBLE_DEVICES: 2
DEEPMD INFO    Count of visible GPU: 1
DEEPMD INFO    num_intra_threads:    0
DEEPMD INFO    num_inter_threads:    0
DEEPMD INFO    -----------------------------------------------------------------
2025-03-03 12:50:28.287013: I tensorflow/core/common_runtime/gpu/gpu_device.cc:1886] Created device /job:localhost/replica:0/task:0/device:GPU:0 with 22283 MB memory:  -> device: 0, name: NVIDIA GeForce RTX 4090, pci bus id: 0000:88:00.0, compute capability: 8.9
DEEPMD INFO    training without frame parameter
2025-03-03 12:50:28.604359: I tensorflow/core/common_runtime/gpu/gpu_device.cc:1886] Created device /job:localhost/replica:0/task:0/device:GPU:0 with 22283 MB memory:  -> device: 0, name: NVIDIA GeForce RTX 4090, pci bus id: 0000:88:00.0, compute capability: 8.9
2025-03-03 12:50:28.643821: I tensorflow/core/common_runtime/gpu/gpu_device.cc:1886] Created device /job:localhost/replica:0/task:0/device:GPU:0 with 22283 MB memory:  -> device: 0, name: NVIDIA GeForce RTX 4090, pci bus id: 0000:88:00.0, compute capability: 8.9
2025-03-03 12:50:28.674246: I tensorflow/core/common_runtime/gpu/gpu_device.cc:1886] Created device /job:localhost/replica:0/task:0/device:GPU:0 with 22283 MB memory:  -> device: 0, name: NVIDIA GeForce RTX 4090, pci bus id: 0000:88:00.0, compute capability: 8.9
2025-03-03 12:50:28.704688: I tensorflow/core/common_runtime/gpu/gpu_device.cc:1886] Created device /job:localhost/replica:0/task:0/device:GPU:0 with 22283 MB memory:  -> device: 0, name: NVIDIA GeForce RTX 4090, pci bus id: 0000:88:00.0, compute capability: 8.9
2025-03-03 12:50:28.735340: I tensorflow/core/common_runtime/gpu/gpu_device.cc:1886] Created device /job:localhost/replica:0/task:0/device:GPU:0 with 22283 MB memory:  -> device: 0, name: NVIDIA GeForce RTX 4090, pci bus id: 0000:88:00.0, compute capability: 8.9
2025-03-03 12:50:28.771548: I tensorflow/core/common_runtime/gpu/gpu_device.cc:1886] Created device /job:localhost/replica:0/task:0/device:GPU:0 with 22283 MB memory:  -> device: 0, name: NVIDIA GeForce RTX 4090, pci bus id: 0000:88:00.0, compute capability: 8.9
DEEPMD INFO    built lr
DEEPMD INFO    built network
DEEPMD INFO    built training
WARNING:root:To get the best performance, it is recommended to adjust the number of threads by setting the environment variables OMP_NUM_THREADS, TF_INTRA_OP_PARALLELISM_THREADS, and TF_INTER_OP_PARALLELISM_THREADS. See https://deepmd.rtfd.io/parallelism/ for more information.
2025-03-03 12:50:31.917235: I tensorflow/core/common_runtime/gpu/gpu_device.cc:1886] Created device /job:localhost/replica:0/task:0/device:GPU:0 with 22283 MB memory:  -> device: 0, name: NVIDIA GeForce RTX 4090, pci bus id: 0000:88:00.0, compute capability: 8.9
DEEPMD INFO    initialize training from the frozen model
DEEPMD INFO    start training at lr 1.00e-03 (== 1.00e-03), decay_step 2000, decay_rate 0.777821, final lr will be 4.32e-08
WARNING:tensorflow:From /home/fwtop/Public/deepmd-kit/lib/python3.11/site-packages/deepmd/train/trainer.py:1194: py_func (from tensorflow.python.ops.script_ops) is deprecated and will be removed in a future version.
Instructions for updating:
tf.py_func is deprecated in TF V2. Instead, there are two
    options available in V2.
    - tf.py_function takes a python function which manipulates tf eager
    tensors instead of numpy arrays. It's easy to convert a tf eager tensor to
    an ndarray (just call tensor.numpy()) but having access to eager tensors
    means `tf.py_function`s can use accelerators such as GPUs as well as
    being differentiable using a gradient tape.
    - tf.numpy_function maintains the semantics of the deprecated tf.py_func
    (it is not differentiable, and manipulates numpy arrays). It drops the
    stateful argument making all functions stateful.
    
WARNING:tensorflow:From /home/fwtop/Public/deepmd-kit/lib/python3.11/site-packages/deepmd/train/trainer.py:1194: py_func (from tensorflow.python.ops.script_ops) is deprecated and will be removed in a future version.
Instructions for updating:
tf.py_func is deprecated in TF V2. Instead, there are two
    options available in V2.
    - tf.py_function takes a python function which manipulates tf eager
    tensors instead of numpy arrays. It's easy to convert a tf eager tensor to
    an ndarray (just call tensor.numpy()) but having access to eager tensors
    means `tf.py_function`s can use accelerators such as GPUs as well as
    being differentiable using a gradient tape.
    - tf.numpy_function maintains the semantics of the deprecated tf.py_func
    (it is not differentiable, and manipulates numpy arrays). It drops the
    stateful argument making all functions stateful.
    
2025-03-03 12:50:35.637396: I tensorflow/core/common_runtime/gpu/gpu_device.cc:1886] Created device /job:localhost/replica:0/task:0/device:GPU:0 with 22283 MB memory:  -> device: 0, name: NVIDIA GeForce RTX 4090, pci bus id: 0000:88:00.0, compute capability: 8.9
DEEPMD INFO    batch    1000 training time 17.17 s, testing time 0.04 s, total wall time 18.71 s
DEEPMD INFO    batch    2000 training time 14.54 s, testing time 0.03 s, total wall time 14.84 s
DEEPMD INFO    batch    3000 training time 14.40 s, testing time 0.03 s, total wall time 14.70 s
DEEPMD INFO    batch    4000 training time 14.45 s, testing time 0.03 s, total wall time 14.75 s
DEEPMD INFO    batch    5000 training time 14.43 s, testing time 0.03 s, total wall time 14.74 s
DEEPMD INFO    batch    6000 training time 14.99 s, testing time 0.03 s, total wall time 15.30 s
DEEPMD INFO    batch    7000 training time 14.53 s, testing time 0.04 s, total wall time 14.85 s
DEEPMD INFO    batch    8000 training time 14.69 s, testing time 0.03 s, total wall time 15.00 s
DEEPMD INFO    batch    9000 training time 14.76 s, testing time 0.03 s, total wall time 15.08 s
DEEPMD INFO    batch   10000 training time 14.71 s, testing time 0.03 s, total wall time 15.01 s
DEEPMD INFO    saved checkpoint model.ckpt
DEEPMD INFO    batch   11000 training time 14.76 s, testing time 0.03 s, total wall time 15.37 s
DEEPMD INFO    batch   12000 training time 15.07 s, testing time 0.03 s, total wall time 15.39 s
DEEPMD INFO    batch   13000 training time 14.50 s, testing time 0.03 s, total wall time 14.80 s
DEEPMD INFO    batch   14000 training time 14.50 s, testing time 0.03 s, total wall time 14.81 s
DEEPMD INFO    batch   15000 training time 14.25 s, testing time 0.03 s, total wall time 14.55 s
DEEPMD INFO    batch   16000 training time 14.06 s, testing time 0.03 s, total wall time 14.34 s
DEEPMD INFO    batch   17000 training time 14.60 s, testing time 0.03 s, total wall time 14.90 s
DEEPMD INFO    batch   18000 training time 14.71 s, testing time 0.03 s, total wall time 15.01 s
DEEPMD INFO    batch   19000 training time 14.72 s, testing time 0.03 s, total wall time 15.02 s
DEEPMD INFO    batch   20000 training time 14.52 s, testing time 0.03 s, total wall time 14.82 s
DEEPMD INFO    saved checkpoint model.ckpt
DEEPMD INFO    batch   21000 training time 14.96 s, testing time 0.03 s, total wall time 15.45 s
DEEPMD INFO    batch   22000 training time 14.47 s, testing time 0.03 s, total wall time 14.77 s
DEEPMD INFO    batch   23000 training time 14.52 s, testing time 0.03 s, total wall time 14.82 s
DEEPMD INFO    batch   24000 training time 14.40 s, testing time 0.03 s, total wall time 14.70 s
DEEPMD INFO    batch   25000 training time 14.54 s, testing time 0.03 s, total wall time 14.83 s
DEEPMD INFO    batch   26000 training time 14.66 s, testing time 0.03 s, total wall time 14.97 s
DEEPMD INFO    batch   27000 training time 14.44 s, testing time 0.03 s, total wall time 14.74 s
DEEPMD INFO    batch   28000 training time 14.33 s, testing time 0.03 s, total wall time 14.62 s
DEEPMD INFO    batch   29000 training time 14.54 s, testing time 0.03 s, total wall time 14.85 s
DEEPMD INFO    batch   30000 training time 14.21 s, testing time 0.03 s, total wall time 14.50 s
DEEPMD INFO    saved checkpoint model.ckpt
DEEPMD INFO    batch   31000 training time 14.64 s, testing time 0.03 s, total wall time 15.12 s
DEEPMD INFO    batch   32000 training time 14.13 s, testing time 0.03 s, total wall time 14.41 s
DEEPMD INFO    batch   33000 training time 13.90 s, testing time 0.03 s, total wall time 14.17 s
DEEPMD INFO    batch   34000 training time 14.82 s, testing time 0.03 s, total wall time 15.12 s
DEEPMD INFO    batch   35000 training time 14.37 s, testing time 0.03 s, total wall time 14.67 s
DEEPMD INFO    batch   36000 training time 14.40 s, testing time 0.03 s, total wall time 14.70 s
DEEPMD INFO    batch   37000 training time 14.64 s, testing time 0.03 s, total wall time 14.95 s
DEEPMD INFO    batch   38000 training time 14.65 s, testing time 0.03 s, total wall time 14.95 s
DEEPMD INFO    batch   39000 training time 14.63 s, testing time 0.03 s, total wall time 14.93 s
DEEPMD INFO    batch   40000 training time 14.43 s, testing time 0.03 s, total wall time 14.73 s
DEEPMD INFO    saved checkpoint model.ckpt
DEEPMD INFO    batch   41000 training time 14.41 s, testing time 0.03 s, total wall time 14.88 s
DEEPMD INFO    batch   42000 training time 14.41 s, testing time 0.02 s, total wall time 14.71 s
DEEPMD INFO    batch   43000 training time 14.35 s, testing time 0.02 s, total wall time 14.64 s
DEEPMD INFO    batch   44000 training time 14.46 s, testing time 0.03 s, total wall time 14.75 s
DEEPMD INFO    batch   45000 training time 14.32 s, testing time 0.03 s, total wall time 14.62 s
DEEPMD INFO    batch   46000 training time 14.55 s, testing time 0.03 s, total wall time 14.86 s
DEEPMD INFO    batch   47000 training time 14.34 s, testing time 0.03 s, total wall time 14.64 s
DEEPMD INFO    batch   48000 training time 14.44 s, testing time 0.03 s, total wall time 14.74 s
DEEPMD INFO    batch   49000 training time 13.98 s, testing time 0.03 s, total wall time 14.27 s
DEEPMD INFO    batch   50000 training time 13.85 s, testing time 0.03 s, total wall time 14.12 s
DEEPMD INFO    saved checkpoint model.ckpt
DEEPMD INFO    batch   51000 training time 13.88 s, testing time 0.03 s, total wall time 14.30 s
DEEPMD INFO    batch   52000 training time 14.11 s, testing time 0.03 s, total wall time 14.38 s
DEEPMD INFO    batch   53000 training time 13.95 s, testing time 0.02 s, total wall time 14.21 s
DEEPMD INFO    batch   54000 training time 14.15 s, testing time 0.03 s, total wall time 14.41 s
DEEPMD INFO    batch   55000 training time 13.72 s, testing time 0.03 s, total wall time 13.98 s
DEEPMD INFO    batch   56000 training time 13.85 s, testing time 0.02 s, total wall time 14.11 s
DEEPMD INFO    batch   57000 training time 13.77 s, testing time 0.03 s, total wall time 14.03 s
DEEPMD INFO    batch   58000 training time 13.72 s, testing time 0.03 s, total wall time 13.99 s
DEEPMD INFO    batch   59000 training time 13.84 s, testing time 0.03 s, total wall time 14.10 s
DEEPMD INFO    batch   60000 training time 13.94 s, testing time 0.03 s, total wall time 14.21 s
WARNING:tensorflow:From /home/fwtop/Public/deepmd-kit/lib/python3.11/site-packages/tensorflow/python/training/saver.py:1067: remove_checkpoint (from tensorflow.python.checkpoint.checkpoint_management) is deprecated and will be removed in a future version.
Instructions for updating:
Use standard file APIs to delete files with this prefix.
WARNING:tensorflow:From /home/fwtop/Public/deepmd-kit/lib/python3.11/site-packages/tensorflow/python/training/saver.py:1067: remove_checkpoint (from tensorflow.python.checkpoint.checkpoint_management) is deprecated and will be removed in a future version.
Instructions for updating:
Use standard file APIs to delete files with this prefix.
DEEPMD INFO    saved checkpoint model.ckpt
DEEPMD INFO    batch   61000 training time 13.87 s, testing time 0.03 s, total wall time 14.32 s
DEEPMD INFO    batch   62000 training time 13.89 s, testing time 0.02 s, total wall time 14.15 s
DEEPMD INFO    batch   63000 training time 13.86 s, testing time 0.03 s, total wall time 14.12 s
DEEPMD INFO    batch   64000 training time 14.09 s, testing time 0.03 s, total wall time 14.35 s
DEEPMD INFO    batch   65000 training time 13.92 s, testing time 0.03 s, total wall time 14.18 s
DEEPMD INFO    batch   66000 training time 14.26 s, testing time 0.03 s, total wall time 14.54 s
DEEPMD INFO    batch   67000 training time 13.96 s, testing time 0.03 s, total wall time 14.22 s
DEEPMD INFO    batch   68000 training time 13.99 s, testing time 0.03 s, total wall time 14.27 s
DEEPMD INFO    batch   69000 training time 14.13 s, testing time 0.03 s, total wall time 14.39 s
DEEPMD INFO    batch   70000 training time 14.01 s, testing time 0.02 s, total wall time 14.28 s
DEEPMD INFO    saved checkpoint model.ckpt
DEEPMD INFO    batch   71000 training time 13.95 s, testing time 0.03 s, total wall time 14.38 s
DEEPMD INFO    batch   72000 training time 13.96 s, testing time 0.03 s, total wall time 14.22 s
DEEPMD INFO    batch   73000 training time 13.91 s, testing time 0.03 s, total wall time 14.17 s
DEEPMD INFO    batch   74000 training time 13.95 s, testing time 0.03 s, total wall time 14.22 s
DEEPMD INFO    batch   75000 training time 14.06 s, testing time 0.03 s, total wall time 14.33 s
DEEPMD INFO    batch   76000 training time 14.12 s, testing time 0.03 s, total wall time 14.38 s
DEEPMD INFO    batch   77000 training time 14.11 s, testing time 0.03 s, total wall time 14.38 s
DEEPMD INFO    batch   78000 training time 13.99 s, testing time 0.03 s, total wall time 14.25 s
DEEPMD INFO    batch   79000 training time 13.84 s, testing time 0.03 s, total wall time 14.10 s
DEEPMD INFO    batch   80000 training time 14.03 s, testing time 0.03 s, total wall time 14.30 s
DEEPMD INFO    saved checkpoint model.ckpt
DEEPMD INFO    average training time: 0.0143 s/batch (exclude first 1000 batches)
DEEPMD INFO    finished training
DEEPMD INFO    wall time: 1172.953 s
